
Printing out site pattern counts


         5         25  P

a                               AAAAAAAAAA ACCCGGGTTT TTTTT
b                               AAAAAAAATT TCCGCGGACT TTTTT
c                               AAAAAATTAT TCCGGGGTCA TTTTT
d                               -?AACTATAA TCGGGAGTCT -ATTT
e                               AAATAAAAAA ACCGCGGTCT TT-AT



    1    1   51    1    2    2    1    1    1    1    1    9    1    1    1
    1   10    3    1    1    1    6    1    2   99


BASEML (in paml version 4.9j, October 2019)  tmp0001.txt  REV dGamma (ncatG=5)
Frequencies..
                                    T      C      A      G
a                              0.57000 0.05500 0.31500 0.06000 GC = 0.115
b                              0.56500 0.06000 0.31500 0.06000 GC = 0.120
c                              0.58000 0.05500 0.30000 0.06500 GC = 0.120
d                              0.55838 0.06091 0.31472 0.06599 GC = 0.127
e                              0.55779 0.06030 0.32161 0.06030 GC = 0.121

Homogeneity statistic: X2 = 0.00259 G = 0.00259 

Average                        0.56627 0.05823 0.31325 0.06225
(Ambiguity characters are used to calculate freqs.)


# constant sites:    169 (84.50%)
Distances: TN93 (kappa)  (alpha set at 0.50)
This matrix is not used in later m.l. analysis.

(Pairwise deletion.)
a                
b                  0.0511( 0.3998)
c                  0.0386( 0.5963)  0.0452(-0.0675)
d                  0.1028( 0.6130)  0.1309( 0.2166)  0.0964( 0.3482)
e                  0.0328( 0.7231)  0.0519(-0.0759)  0.0519(-0.0764)  0.1224( 0.2412)

TREE #  1:  ((3, 2), 1, (4, 5));  MP score: -1.00
lnL(ntime:  7  np: 13):   -345.398938    +0.000000
   6..7     7..3     7..2     6..1     6..8     8..4     8..5  
 0.009319 0.017363 0.027456 0.011677 0.000004 0.084221 0.021335 0.792733 3.288395 0.000010 3.026695 31.692004 0.625768
SEs for parameters:
 0.008949 0.011828 0.017094 0.016309 0.091933 0.038999 0.022093 1.910950 4.735865 5.914693 5.232996 49.141492 0.893095

tree length =   0.17138

((c, b), a, (d, e));

((c: 0.017363, b: 0.027456): 0.009319, a: 0.011677, (d: 0.084221, e: 0.021335): 0.000004);

Detailed output identifying parameters

Parameters  in the rate matrix (REV) (Yang 1994 J Mol Evol 39:105-111):


Rate parameters:    0.79273  3.28840  0.00001  3.02670 31.69200
Base frequencies:   0.56627  0.05823  0.31325  0.06225
Rate matrix Q, Average Ts/Tv =   0.0606
   -0.673470    0.028887    0.644583    0.000000
    0.280896   -2.108654    0.593285    1.234473
    1.165208    0.110290   -1.314450    0.038952
    0.000004    1.154830    0.196017   -1.350851

alpha (gamma, K=5) =  0.62577
rate:   0.04047  0.21851  0.55205  1.16201  3.02695
freq:   0.20000  0.20000  0.20000  0.20000  0.20000

