
Printing out site pattern counts


        64        158  P

Acidiphilium_angustum_ATCC_35903  ---AAAAAAA AAAAACDDEE EEEEFFFFFF FFFFFFFFFF FFFFFFFGGG GGGGGGGGHH HHHIIIIIII IIILLLLLLL LLLLLLLLLL LLLLLLLLLL MMMMMNNNNN PPPPPPPPQQ QRRSSSSSST TTTTTTVVVV VVVVVVVVVV VVVWYYYY
alpha_proteobacterium_AAP81b    --VAAAAAAA AGIPTSDEEE EKLSAFFFFF FFFFFFFFFF FFIILLYGGG GGGGGGMPHH HHNAFFIIIM VVVAFIIILL LLLLLLLLLL LLLLLMVVVV -LLMMANNNN PPPPPPPPQQ QRRASSSTVA ATTTTVIIII LLMTVVVVVV VVVLFYYY
alphaproteobacterium_sp_HIMB5   -HIAAAAAAA IGVPTCDDEE EKLSFFFFFF FFFFFFFFFL YYITILYGGG GGGGGSIGHH HHNVIIIILM ALVLVIIVFI LLLLLLLLLL LLLMMMIILL -LMMMSNNNN APPPPPPPQQ QRRSASSSVS TMTTTTIVVV IIEVIIIIIV VVVMYYYY
Anaplasma_phagocytophilum_HZ    --PAAAAAST SAVPTTDSEE KALSIACFFF FFFFFFFILL FYLGIIYEGG GGGGGGLHHH HQSVLVIVLM AVVALLVVII FFGILLLLLL LMMIILAMLL -DIAMANNNS PPPPPPPSHQ QRRACASSVS TITTTTVIVV IVITFGILVI MVVILYYY
Asticcacaulis_excentricus_CB_48  -HVAAGGVAA AAVPTCDSEE EKLSFFIFFF FFFFFILFFF FFT-FLFGGG GGGGGGVGHH QNNIIIILVM IVILFIVIVL LLLLLLLLLL LILLMLGLIL -IVLMVNNND PPPPPSTPQQ QRRTSSSTVT AVTTTIVLIV SVLVIILVTV VVVMYFFY
Caedibacter_37-49               --LAAAATAT IGTPTCDDEE EKLSFFFFFF FFFFLFFFFF FYVSVLYGGG GGGGGGLGHH HHHIIIVI-M LLIAFLIIWV FLLLFLLLLL LIMLMLGLIL -LVMMSNNNN PPPPPPPPQQ QRRASASTIS TMTTTTIIIV VILVIIIVVV ILVLYYYY
Caedibacter_38-128              --IAAAATAT VGSPTCDDEE EKLSFFFFFF FFFFLFFFFF FYISILYGGG GGGGGGLGHH HHHIIIVI-M LLIAFLIIWV FLLLFLLLLL LIMLMLVLIL -LVMMSNNNN PPPPPPPPQQ QRRASASTIS TMTTTTIIIV VILVIIIVVV ILVLYYYY
Caedibacter_varicaedens         --MAAAASST IGIPTCDDEE EKLTFFFFFF FFFFLFFFFF FYVSILYGGG GGGGGGLGHH HHHIIIII-M LLVAFLIVWV FFLLFLLLLL LIMLMLILIL -VVMMSNNNN PPPPPPPPQQ QRRASASTVS TMTTTTIIIV VILVIIIIVV ILVLYYYY
Candidatus_Caedibacter_acanthamoebae  --IAAAATAT IGSPTCDDEE EKLSFFFFFF FFFFLFFFFF FYISVLYGGG GGGGGGLGHH HHHIIIVI-M LLIAFLIIWV FLLLFLLLLL LIMLMLILIL -IVMMSNNNN PPPPPPPPQQ QRRASASTIS TMTTTTIIIV VILVIIIVVV ILVLYYYY
Candidatus_Nucleicultrix_amoebiphila_FS5  --LAAAAAAA IAMPTCDDEE EKLSFCFFFF FFFFLFFFFF FYVSFLYAAG GGGGGGIGHH HHNIIVII-M ALVAFLVIMV FLLLFLLLLL LILMMLILVL -LLLMSNNNN PPPPPPPPQQ QRRGATSTVS TLTTTTIITV LILIIIIVVI VMVLYYYY
Candidatus_Odyssella_thessalonicensis_L13  --LAAAAAAT IAIPTCDDEE EKLSLFFFFF FFFFFFFFML FYIGFLYGGG GGGGGGLNHH HHNVIVVILM VIIMLLIILV FFLLVLLLLL LLLFMLILIL -LMMMSNNND PPPPPPPPQQ QRRSSSSSVS TMTTTTVVIV IVLTMVVLVV LIVLYQYY
Candidatus_Paracaedibacter_acanthamoebae_isolate_PRA3  --LAAAAAAT IAIPTCDDEE EKLSLFFFFF FFFFFFFFML FYIGFLYGGG GGGGGGLNHH HHNVIVVILM VIVMLLIILV FFLLVLLLLL LLLFMLILIL -LMMMSNNND PPPPPPPPQQ QRRSSSSSVS TMTTTTVVIV VVLTMVILVV LIVLYHYY
Candidatus_Paracaedibacter_symbiosus  --VAAAAAAT VAIPTCDEEE EKLSTFFFFF FFFFLFFFLF FYIGFLYGGG GGGGGGLSHH HHNIIVVILM VIVAFLIILL FFLIVLLLLL MLLCMLILIL -LMLMANNND PPPPPPPPQQ QRRSSSSSVS TVTTTTIVVV IVFTMVLIVV FIVLYFYY
Candidatus_Pelagibacter_IMCC9063  -HIAAAAAAA IGVPTCDEEE EKLSFFFFFF FFFFFFFFLL YYLSLLYGAG GGGGGSIGHH HHNIVVIILM ALVLFLIVLV LLLLLLLLLL LLLLMMIILI -LMMMSNNNN PPPPPPPPQQ QRRSSSSSVS TMTTTTIVVV IIKVIVLVIV VVVLYFYY
Citromicrobium_JLT1363          I-LAAAVAAA TAL-TADSEE EELAIFFFFF FFFFFFFLFF FFLGLLYSGG GGGGGSLGHH HHNAFFVFPM IEIAFILILM LMLLIILLLL LLGLLMSIMI -MLLMAANN- PPPPPSPPQQ QRRASSSSVT TMTTTLVLIV VLTTIIIVSV IVVLLTYY
Ehrlichia_canis_Jake            --IAAAAAST AAIPTCDSEE EKLDIAFFFF FFFLFFFIFL FYLGIIYGGG GGGGGGINHH HQSVLVIILM VVIAFLVILV FMEILLALLL IMMLILVMLL -IITMSNNNS PPPPPPPPQQ QRRSAASSVT TITTTTVIIV IVLTFIIIVI IVVILYYY
Elioraea_tepidiphila_DSM_17972  ---AAAAAAA AAAATCDDEE EKLGFFFFFF FFFFLFFFFF FYLAFYFTGA GGGGGV-GHH HHHIIVIIAM IVIALIILLL FLLLLLLLLL LLMMMLVILL MRMLMNNNND PPPPVPPPQQ QRRSSSSSVT TVSTTTVVIV VVIAIV-VVV VVVLYYYY
endosymbiont_of_Stachyamoeba    --LASAGVAT IAIPTCSDEE EKLSIAFFFF FFFFFFFLFL FFLGIIFSGG GGGGGGLGHH HNNIFFIIVM IIVAFLVILL FLLVILLLLL LLLLMLFMLL -LLLMSNNNS PPPPPPPPQQ QRRASTSTVS TMTTTTVIIV IIITFVIYVI VVVMYYYY
Hyphomicrobium_denitrificans_ATCC_51888  -HVAAAAAAT IAIPACDEEE EELSFFWFFF FFFFFFYFFL YYLSLLYGGG GGGGSGI-HH HHNVLIIIAM LIILFIIIMI LAMIFLLHLL LVLFLMIILL MLMIMSNNNH PPPVPPPPQQ QRRSSSSSAS TMTTTTIVVV VVLVIIVIVI VVVLGYLY
Ketogulonicigenium_vulgare_WSH-001  LH-AAAGAAT AAGPSCDDEE EKLTFAFFFF FFFFFLFFML FYISVLYAGG GGGSAGL-AH HHKAVVIIVL ALVRLLVVLM FIPLMLLHLL LVLALLVLII MLVMISNNNH PIPPPSPPQQ QRRSASSSVT TLTTTTVIIV VI-AIILLVV SVVIMYYY
Micavibrio_aeruginosavorus_ARL-13  -HIAAAATAA IALPTCDEEE EKLSFFFFFF FFVFVFFFFF FFISLLYGGG GGGGGGIGHH HHKILVILLM IVVFFIIVLV FMLLLLLLLL LLMLLLLILI -LMMMSNNND PPPPPPPPQH QRRSASSTVT SMTTTLIVVV VVIVIVLIVV TVVLYYYY
Neorickettsia_sennetsu_Miyayama  --FAAAASAV VALPTCDGEE EKLNFTFFFF FFYFLFFILF FYLSVMYGGG GGGGGGLSHH HQNIVILILM CLVAFLVIVV FFKVLLLLLL LLTLMLIMIL -VIIMSNNNS PPPPPSPPQQ QRRASTSSVS TITTTTIIVI IMLTCIIIVI VVVLLCYY
Oceanibaculum_indicum_P24       --VAAAAAAT IALPTCDDEE EKLSFFFFFF FFFFLYFFFF FYISIFYMGG GGKGGGLGHH HHRIVVII-M VIIAFILILT FLLILLLLLL LILLMLVLML -MMMMSNNQS PPPPPPPPQQ QRRSSSSSVS TMTTTTVIIV IIIALVLIVV VVVMYYYY
Oceanicaulis_HTCC2633           -HIAAAAAAA IAGPTCDSEE EKFSFFMFFF FFFFVFFFFF FFFFFLFGGG GGGGGGIGGH HHSTIVIIAM ALIYLTIILV LLPLLLLLLL LLLMMIALLL -LLMMSNNNN PPPIPPPPQQ QRRGSSSTVT TLTTTIVVVV IVFVIVLYVV VVVLYYYY
Orientia_tsutsugamushi_Boryong  --AASAAVAT IAVPTCDSEE EKVSFTFFFF FSFFIISILF FFVALLFWGG GGKNGGITHH HHRVLIIILM IVIALFVIII FILLLLSLLL LILIMLTMLL -LLLMANNNN PPPPPPPPQQ QKRSSVSSTT SVTTTLILNI VILICVIYVI IIVLHYYY
Parvibaculum_lavamentivorans_DS-1  -HIAAAAAAT VALPTCDDEE EKLSFFFFFF FFFFFFFFFL FYFAFVFGAG GGGGGGLGGH HHHVIIIILM ALILFVMVIV LLPLLLFHLL LLFMMLLVLL MMMMMSNNND PPPPPPPPQQ QRRSASSSVS TLTTTTIVIV VILVIVATVV VVVLYYYY
Parvularcula_bermudensis_HTCC2503  VHIAAAAAAA IAVPTCDDEE EKVSFFVFFF FFFFFIFFFL FFLTLLLGGG GGGGGGLGSH HNSVVIIIIM VLIMLIIILF LFPLVLFLLL LLLILLGILL MLVMMTNNNG PPPPPPPPQQ QRRGSSSSVT SLTTTVIVVV LVLIVVIISV VVVLTYFY
Pelagibacter_sp_HIMB058         -HLAAAAAAA IGIPTCDDEE EKLSFFFFFF FFFFFFFFFL YYIAILYGAG GGGGGAIGHH HHNVIVIILM ALVLIIIVFV LLLILLLLLL LLLMMMVILL -LMMMSNNNN APPPPPPPQQ QRRSASSSVS TMTTTTIVVV IIEVILIIIV VVVMYYYY
Rhodopseudomonas_palustris_TIE-1  -HVAAAAAAA IAIPTCDSEE EKAAFFFFFF FFFFFFFFFF FFVTLLFSGG GGGGGGLGGH HNNVVVILLM AIILLGIIIF LLPLLLAHLL LLLLIIFVIL -LAMMSNNND PPPPPPPPQQ QKRSSSSSVS TLTSTLVVVV IILVIVIYVV IVVLYYYY
Rhodovibrio_salinarum_DSM_9154  --IAAVAAAA VAVPTCDDEE EKLSFFFFFF FFFFFFTLFL FYISVFYGGG GGGGGDIGHH HHNVLVII-M ALLLLIILQV LLMLILLLLL LLLLLMLLSL MLLMMSNNNH PPPPPPPPQQ QRRASSSSTC SLTTTTVLVI LIIAIVLIVV VTVLGYYY
Rubritepida_flocculans_DSM_14296  ---AAAAAAA SAAATCDAEE EKLGFFFFFF FFFFIFFFFL FYFAVYFTGS GGGGGGVGHH HHHIIIVIMM VVIALIILLV FLLLLLLLLL LILMLLVILL MMMMMNNNQD PPPPPPPPQQ QRRSSSSSIT TVTTTTVIIV VIIAVVVVVV VVLLYYYY
Wolbachia_endosymbiont_of_Culex_quinquefasciatus_Pel  --LAAAAAST IAIPTCDSEE KKLNIAFFFF FFFLFFFIFL FYLSVIHGGG GGGGGGIN-H HRSILIIVAM TVIAFIVVVM FF-VLLLLLL LIMLVLTILL -VIIMSNNNN PPPPPPPPQQ QRRSSASSIT TITTTTIIVV IILTFIIVVI IVVIYYYY
Wolbachia_endosymbiont_of_Onchocerca_ochengi  --LAAAATST IAVPTCDNEE KKLSIAFFFF FFFLFFFIFL FYLSVIHGGG GGGGGGIH-H HRSVLIIVIM TVTAFIVIVM FF-ALLLLLL LMMLILIMLL -VIIMSNNNN PPPLPPPPQQ QRRSSASSTT TITTTTIIVV ISLTFIIVVI IVVIYYYY
Acanthamoeba_castellanii        LHFAAAAIAS ISLPTCDQEE ENISFFFFFF FFFFFIFLLF FYLGFLYAAN GNKGGGL-SH HNNVVFIILM IYIILVIIIF LLTVILLLLL IFVLLLFLLV -YLLLTNNNN PPPPPPPPQQ QRRSNSGSIF TLTTTTVVVI FILVVIIILI VIFLYYYY
Branchiostoma_floridae          ---------- ---------- ---------- ---------- ---------- ---------- ---------- ---------- ---------- ---------- ---------- ---------- ---------- ---------- ---------- --------
Spizellomyces_punctatus         -F-AATVMAT IVLPTCDNEE EKFTLALFFS YFLFFLTCYL LYVSLAYGFG GGKGG-LSFH EHKIILLILM IAIVIIIIIL LLFVFILLIL ILALMMVMLL MLLMLINNNS PPPPTPPSGQ QRRGVAVSVT TINTTLILII VF-TLVLILI TVMAYYYT
Candida_albicans                --VAASASSS VGIPASDSEI ELLAFGWFFF FLLFLLTLFF FYISVLFSGG GGGGSNLGHH QHKVAIILVI IVIVYIGIII LILIIIFLLL FILLMLILLI -LLLLTNNNS PPPPAPPSGQ QRRGYSASNT LLTSIVILII VI-TLGLLLV IIAMYYYY
Ustilago_maydis                 V-VASAAASC MAIPTCDSEE EKLSLFFFFF FFFFLLSLYF FYVGIFYGNG GGKGGGLFHH SHKVLFIILV IIIVLLSVSI LFLLILLLLL LLLLNLILLI MLLLTGNNNS PPPPAPPPSQ QRRGLSTSVS TTTASTIVVV VVLTIILLIV TIVMYFYY
Amphimedon_queenslandica        L--AAAATSC ISLYTTDDEE ESMPFAIFFF FFFLFFNILL FYF-MIYGGG GGGGGGLGHH HFGIAIVIFL LIIAFGIILM LMLLILVLLL MFMGVFILLI -VLMMWNNNT PPPPAPPPQQ QRRGSSVSVS TITTTTIVIV VL-AII-LIV VIIFYYYY
Pleurotus_ostreatus             V-ISSAAAST ISLPACDEEE EKLSLFFFLF FFFFLLSLYF FYVSLFFTNA GGKGSGLLHH SHRVLGIAII IIVVLLSVIL LFLLLLLLLL LLLLNLILLI LILMSGNNNS PPPPAPPPSQ QRRGLSSSVS VVTTCTIILV VLLTVITLIV IIVLYFFY
Gallus_gallus                   ---------- ---------- ---------- ---------- ---------- ---------- ---------- ---------- ---------- ---------- ---------- ---------- ---------- ---------- ---------- --------
Homo_sapiens                    ---------- ---------- ---------- ---------- ---------- ---------- ---------- ---------- ---------- ---------- ---------- ---------- ---------- ---------- ---------- --------
Porphyra_umbilicalis            Y-LAASAVAT AAIPTCDDEE EKISFFYFFF FFIFFLTIYF FYVSIIYGGG GGGGGGLGHH HHNVFFIIIM LLIVWFIIII LLMILLLILL LLMLMLIVIL ILLLLSNNNS PPPPVPPPQQ QKRSASSTIT TTTTTNIITI VLIVVIIIVV LIFLYYYY
Jakoba_libera                   I-LAASAGAT ISVPTCDEEE EKLSFFFFFF FFFFAFFLFF FYITLFYGGA GGGGGWIGHH HHNVLIIILM IIILFLIIIL LLLTLLLLLL LLMLMFFLLL IILLMSNNNS PPPPVPPPQQ QRRASSSSVT TMTTTQLVII ITIVIVIVIV FIVLYYYY
Seculamonas_ecuadoriensis       V-IAASASAT IAIPTCDEEE EKLSLFFFFF FFFFGFFLFF FYITLFYGGA GGGGGNIGHH HHNVIFIIVM IILALIIILL LLLTLLLLLL LFMLMFILLL MLLLMSNNNS PPPPVPPPQQ QRRASSSSIT VMTTTQIIII IILAMIIVIV FIVLYYYY
Andalucia_godoyi                V-FAASAAAT ISIPTCDEEE EKFSFFFFFF FFFFLFFLFF FYISLLYGGG GGGGGTFGHH HHNVLVIIIM VIIALLIILL LLLVLLLLLL LFMLMFILLL MILLMSNNNS PPPPVPPPQQ QRRASSSSIS TMTTTNLVVI VLIAIILIVV FIVLYYYY
Cyanidioschyzon_merolae         L-IAASAVAA CAIPTCDDEE EKLSFFFFFF FFIFIIFIFF FYISMIYGGG GGGGGKLGHH HHNVFFIIFI LILLIIIFLL LLFILLLLLL LLLLLLILIL LLLILTNNNS PPPPVPPPQQ QKRAASSTIT VTTTTNIIVI ILLAVVLIIV FIFLYYYY
Chondrus_crispus                I-IAASAVAT VALPTCDDEE EKLSFFFHFF FFLFILIIFF FYISLLYGGG GGGGGGIGHH HHNIFFIIIM LLLVWIIIII LLMLLLLLLL LLMLMLILIL MLLMLSNNNS PPPPVPPPQQ QKRSSSSTIT TTTTTNIITI VLFVLIFIIV LIFLYYYY
Phytophthora_infestans          I--AAAAAAT IAIPTCDSEE EKLVVFYFFF FFFLIFVIFL FYVSILFGGG GGKGG-ISHH HHNVLIILIM ILIVLIMIII LLLVLILLLL LIMLMLLLLI MFLLLSNNNS SPSPVPPPQQ QRRPASSSFV TMTTTNIVTV TI-AVIFIIV VVILYFYY
Reclinomonas_americana          V-TAASAAAA VAIPTCDGEE EKLALFFFFF FFFFAFFLFF FYVSLFYGGA GGGGG-IGHH HHNVIVILIM IIIAFIIILL LLLTLLLLLL LFMMMFILLL LILMASNNNS PPSPVPPPQQ QRRASSSSVT VMTTTNIVII VIIIIVFIIV FIILYYYY
Malawimonas_jakobiformis        V-IAASASSV IAIPTCDEEE EKLSFFFFFF FFFFFFFLFF FYISIFYGGG GGKGGNLGHH HHNVLFIIIM IIIASLIIIM LLLLILLLLL LFMLMLILLL MILLMSNNNS PPPPAPPPQQ QRRASSSSVI TMTTTTIIVI VVISIIIIIV FIVLYYYY
Arabidopsis_thaliana            I-IAAAAAST LSIPTCDEEE EKLSFFFFFF FFFLFFFLLF FYISLFFGKG GGGGGNLDHH HHNVLLLFGM IILALLIIQL LLLTLLLLLL LFMLMLILLL ILLLMSNNNS PPPPAPPPQQ QRRGPSSSIV IMTTTTIIVV VIMVIVFVIV LIIVYYYY
Physcomitrella_patens           L-IAAAAAST ISIPTCDEEE EKLSFFFFFF FFFLFFFLFF FYISLFFGKG GSGGGNLGHH HHNVLLLFAM IILALLIIIL LFLTLLLLLL LFMLMLILLL -LLLMSNNNS PPPPAPPPQQ QRRGSSSSIV IMTTTTIIVV VIIVIVLVLV FIIVYYYY
Ostreococcus_tauri              A-LAAAAAST VSLPTCDEEE EKLSFFFFFF FFFLFFFLFF FYISVFYGGG GGGGGNLGHH HHNVLIIFIM IILALLIIIL LFLLLLLLLL LGMLMLILLL MLLLFANNNS PPPPGPPPQQ QRRGSSSSMT TMTTTTVVVV VIFAVVFIVV FIIVYYYY
Oryza_sativa                    I-MAAAAAST LSIPTCDEEE EKLSFFFFFF FFFLFFFLLF FYISLFFGKG GGGGGNLNHH HHNVLLLFGM IISALVIIQA LLLTLLLLLL LFMLMLILLL -LLLMSNNNS PPPPAPPPQQ QRRGESSSIV IMTTTTIIVV VILVIVLVIV LIIVFYYY
Cyanophora_paradoxa             M-LAAAAVSS IAIPTCDEEE EKFSFFFFFF FFFFILFLFL FYVSLLFGGG GGGGGGLGHH HHNFSFIIVM NIILILIIIL LILLILALLL LLMLMIILLL MVLLMSNNNN PPPPGPPPQQ QRRASSSSLT IMTTTTVILV VVFVIFIYFV TIIVFYYY
Bartonella_quintana_RM-11       -HVAAAAAAT MSGPTCDEEE EKFSFFIFFY FFFFFFFFFL FFFFFLFGGG GGGGGNLGGH QHNTVIIILM CVILFAMIII LLPLILLLLL LLMFLVLVIL -LTTISNNND PPPPPPPPQQ QRRSVSSSVS TLTTTIVLVV LVIVIVLYVV VVILYYYY
Candidatus_Arcanobacter_lacustris  --L-----A- I-IPT--D-E --LSM-FF-F F-F-FFF-F- --LG--Y-SA -G--GTL--- H------I-- A-V-LL-ILI ---I--L--- L--LMLI--- -L-IMS-NNH P-----PPQ- Q---S-S-VT --TTTNV-V- L-L--VIIL- --V-YY--
Candidatus_Finniella_lucida     --VAAAAAAT VACPTCDSEE EKLSAFFFFY FFFFFFFFFL FYLAMLYTGG GGGGGGIGHH QHNVVVVLLM ILIAFAIILV FTLLLLLLLL LLLLLLVLIL -VMLMSNNND PPPPPPPPQQ QRRAASSSIC SVTTTTIVIV IIFTIVLLVV VIVLHFYY
Candidatus_Jidaibacter_acanthamoeba  --LAAAAAAT IAIPTCDGEE EKLSMAFFFF FFFFFFLLFF YYISILYSGG GGGGGGLGHH HHNILVIIFM TIVAFIVILL FFLTMLLLLL ILGLMLIMLL MLVIMANNNS PPPPPPPPQQ QRRASSSSIT STNTTTIVVV IILTFIILII TLVMYYYY
Candidatus_Midichloria_mitochondrii_IricVA  --LAAAAAAS SAIPTCDGEE EKLHVAFFFF FFFFFFTLFL FYISILFAAG GGGGGGLGHH HHGILIIIFM VLIAFIVIFI FFLLLLLLLL MLALMLILML -GVMMANNND PPPPPPPIQQ QRRSSASSIS TITTTTIIII IIFVFPLLII TVILYYYY
Rhodospirillum_rubrum_ATCC_11170  --VAAVAAAT AAIPTCDDEE EKLSFFFFFF FFFFFFFLLF YYLSFMYGGG GGGGGGLGHH HHNILFIIVM VIVAFLIILL LFMLVLFLLL LLLMMVILTL -LMMMSNNNS PPPPPPPPQQ QRRSSSSSVT TTTTTTIVVI IIIAIIVIIV LVVLYYYY
Rickettsia_typhi_Wilmington     --MAAAAAAT IAIPTCDQEE EKISIAFFFF FFFFFFFIFL FYTSILFGGG GGGGGGLMHH HHNILVIILM IIIAYLMILL FILLLLLLLL LLLLMLLMLL -LLMMSNNNS PPPPPPPPQQ QKRSSTSSVS SMTTTTVLVV LIITFIVVII VVVLYYYY
Dictyostelium_discoideum        F-IAAAAIAV LGILTLNEEE EHVSFFMFFF FAFFFIFIML FYISLIFVGG GGGGGT-MHH QHAVIIILLM VIVLMLIIMG LWLLFILLLL LLLVLFILLL -ILLLTNNTS PPEPPPPGQQ QRRAISGSIS TLTTTTIVVI ILLIMIIWIV IIVILYYY



    1    1    1    1    1    1    1    1    1    1    1    1    1    1    1
    1    1    1    1    1    1    1    1    1    1    1    1    1    1    1
    1    1    1    1    1    1    1    1    1    1    1    1    1    1    1
    1    1    1    1    1    1    1    1    1    1    1    1    1    1    1
    1    1    1    1    1    1    1    1    1    1    1    1    1    1    1
    1    1    1    1    1    1    1    1    1    1    1    1    1    1    1
    1    1    1    1    1    1    1    1    1    1    1    1    1    1    1
    1    1    1    1    1    1    1    1    1    1    1    1    1    1    1
    1    1    1    1    1    1    1    1    1    1    1    1    1    1    1
    1    1    1    1    1    1    1    1    1    1    1    1    1    1    1
    1    1    1    1    1    1    1    1

AAML (in paml version 4.9i, September 2018)  tmp0003.txt
Model: Empirical,  (/home-user/sswang/software/phylo/paml4.9i/dat/lg.dat) dGamma (ncatG=5) ns =  64  ls = 158


Frequencies..
                                    A      R      N      D      C      Q      E      G      H      I      L      K      M      F      P      S      T      W      Y      V
Acidiphilium_angustum_ATCC_35903 0.07742 0.01290 0.03226 0.01290 0.00645 0.01935 0.03871 0.07097 0.03226 0.06452 0.17419 0.00000 0.03226 0.14839 0.05161 0.03871 0.04516 0.00645 0.02581 0.10968
alpha_proteobacterium_AAP81b   0.09677 0.01290 0.03226 0.00645 0.00000 0.01935 0.02581 0.06452 0.02581 0.08387 0.16129 0.00645 0.03871 0.13548 0.06452 0.03226 0.04516 0.00000 0.02581 0.12258
alphaproteobacterium_sp_HIMB5  0.06410 0.01282 0.03205 0.01282 0.00641 0.01923 0.02564 0.06410 0.03205 0.14103 0.14103 0.00641 0.05769 0.10256 0.05128 0.05128 0.04487 0.00000 0.04487 0.08974
Anaplasma_phagocytophilum_HZ   0.09677 0.01290 0.01935 0.01290 0.01290 0.01935 0.01935 0.07097 0.03226 0.11613 0.13548 0.00645 0.03871 0.09032 0.05806 0.06452 0.05806 0.00000 0.03226 0.10323
Asticcacaulis_excentricus_CB_48 0.04516 0.01290 0.03226 0.01290 0.00645 0.02581 0.01935 0.08387 0.01935 0.10968 0.16774 0.00645 0.02581 0.12903 0.04516 0.04516 0.06452 0.00000 0.01290 0.13548
Caedibacter_37-49              0.05195 0.01299 0.02597 0.01299 0.00649 0.01948 0.01948 0.07792 0.03247 0.12338 0.16234 0.00649 0.03896 0.12338 0.05844 0.03896 0.06494 0.00649 0.03896 0.07792
Caedibacter_38-128             0.05195 0.01299 0.02597 0.01299 0.00649 0.01948 0.01948 0.07143 0.03247 0.13636 0.15584 0.00649 0.03896 0.12338 0.05844 0.04545 0.05844 0.00649 0.03896 0.07792
Caedibacter_varicaedens        0.04545 0.01299 0.02597 0.01299 0.00649 0.01948 0.01948 0.07143 0.03247 0.13636 0.14286 0.00649 0.04545 0.12987 0.05844 0.04545 0.05844 0.00649 0.03896 0.08442
Candidatus_Caedibacter_acanthamoebae 0.05195 0.01299 0.02597 0.01299 0.00649 0.01948 0.01948 0.07143 0.03247 0.14935 0.14935 0.00649 0.03896 0.12338 0.05844 0.04545 0.05844 0.00649 0.03896 0.07143
Candidatus_Nucleicultrix_amoebiphila_FS5 0.08442 0.01299 0.03247 0.01299 0.01299 0.01948 0.01948 0.05844 0.02597 0.11039 0.16883 0.00649 0.04545 0.12338 0.05844 0.03247 0.05844 0.00000 0.03896 0.07792
Candidatus_Odyssella_thessalonicensis_L13 0.04516 0.01290 0.03226 0.01935 0.00645 0.02581 0.01935 0.06452 0.02581 0.09032 0.18065 0.00645 0.05806 0.11613 0.05806 0.05161 0.05161 0.00000 0.03226 0.10323
Candidatus_Paracaedibacter_acanthamoebae_isolate_PRA3 0.04516 0.01290 0.03226 0.01935 0.00645 0.01935 0.01935 0.06452 0.03226 0.08387 0.18065 0.00645 0.05806 0.11613 0.05806 0.05161 0.05161 0.00000 0.03226 0.10968
Candidatus_Paracaedibacter_symbiosus 0.05806 0.01290 0.02581 0.01290 0.01290 0.01935 0.02581 0.06452 0.02581 0.09677 0.15484 0.00645 0.03871 0.13548 0.05806 0.05161 0.05806 0.00000 0.03226 0.10968
Candidatus_Pelagibacter_IMCC9063 0.05769 0.01282 0.03205 0.00641 0.00641 0.01923 0.02564 0.05769 0.03205 0.09615 0.18590 0.01282 0.04487 0.10256 0.05769 0.06410 0.03846 0.00000 0.03846 0.10897
Citromicrobium_JLT1363         0.09091 0.01299 0.01948 0.00649 0.00000 0.01948 0.03247 0.06494 0.02597 0.09740 0.18182 0.00000 0.05195 0.12987 0.05195 0.06494 0.06494 0.00000 0.01948 0.06494
Ehrlichia_canis_Jake           0.07742 0.01290 0.02581 0.01290 0.00645 0.02581 0.02581 0.06452 0.01935 0.16774 0.12258 0.00645 0.03871 0.09677 0.05806 0.05161 0.06452 0.00000 0.03226 0.09032
Elioraea_tepidiphila_DSM_17972 0.10458 0.01961 0.02614 0.01961 0.00654 0.01961 0.01961 0.05229 0.03268 0.07843 0.15033 0.00654 0.04575 0.12418 0.04575 0.03922 0.04575 0.00000 0.03922 0.12418
endosymbiont_of_Stachyamoeba   0.04516 0.01290 0.03226 0.00645 0.00645 0.01935 0.01935 0.07097 0.01935 0.12258 0.16774 0.00645 0.03871 0.13548 0.05806 0.05806 0.06452 0.00000 0.03226 0.08387
Hyphomicrobium_denitrificans_ATCC_51888 0.07051 0.01282 0.02564 0.00641 0.00641 0.01923 0.03205 0.05769 0.04487 0.13462 0.14103 0.00000 0.05128 0.10256 0.05128 0.06410 0.03846 0.00641 0.03846 0.09615
Ketogulonicigenium_vulgare_WSH-001 0.10323 0.01935 0.01935 0.01290 0.00645 0.01935 0.01935 0.05161 0.03871 0.09032 0.16129 0.01290 0.03871 0.09032 0.05161 0.06452 0.05161 0.00000 0.03226 0.11613
Micavibrio_aeruginosavorus_ARL-13 0.05128 0.01282 0.01923 0.01282 0.00641 0.01282 0.02564 0.06410 0.03846 0.09615 0.17308 0.01282 0.04487 0.12179 0.05769 0.04487 0.05128 0.00000 0.03205 0.12179
Neorickettsia_sennetsu_Miyayama 0.05161 0.01290 0.03226 0.00645 0.02581 0.02581 0.01935 0.06452 0.01935 0.11613 0.15484 0.01290 0.03871 0.10323 0.05161 0.06452 0.06452 0.00000 0.03226 0.10323
Oceanibaculum_indicum_P24      0.05844 0.01948 0.01299 0.01299 0.00649 0.02597 0.01948 0.05195 0.02597 0.11688 0.14286 0.01299 0.06494 0.11688 0.05844 0.06494 0.05195 0.00000 0.04545 0.09091
Oceanicaulis_HTCC2633          0.07051 0.01282 0.02564 0.00641 0.00641 0.01923 0.01923 0.08333 0.02564 0.08974 0.15385 0.00641 0.03846 0.14103 0.05769 0.04487 0.05769 0.00000 0.03846 0.10256
Orientia_tsutsugamushi_Boryong 0.05806 0.01290 0.03871 0.00645 0.01290 0.01935 0.01935 0.03871 0.03226 0.15484 0.16129 0.01935 0.02581 0.09032 0.05806 0.07097 0.06452 0.00645 0.02581 0.08387
Parvibaculum_lavamentivorans_DS-1 0.07643 0.01274 0.01911 0.01911 0.00637 0.01911 0.01911 0.06369 0.03822 0.07006 0.14650 0.00637 0.05732 0.14013 0.06369 0.04459 0.05096 0.00000 0.03185 0.11465
Parvularcula_bermudensis_HTCC2503 0.05063 0.01266 0.02532 0.01266 0.00633 0.01899 0.01899 0.08228 0.01899 0.10759 0.17089 0.00633 0.03165 0.12025 0.06329 0.05696 0.05063 0.00000 0.01266 0.13291
Pelagibacter_sp_HIMB058        0.08333 0.01282 0.03205 0.01282 0.00641 0.01923 0.02564 0.05769 0.03205 0.12821 0.14744 0.00641 0.05769 0.10256 0.05128 0.04487 0.03846 0.00000 0.04487 0.09615
Rhodopseudomonas_palustris_TIE-1 0.08333 0.00641 0.03205 0.01282 0.00641 0.01923 0.01923 0.07051 0.02564 0.10256 0.15385 0.01282 0.01923 0.13462 0.06410 0.06410 0.03205 0.00000 0.03205 0.10897
Rhodovibrio_salinarum_DSM_9154 0.06452 0.01290 0.02581 0.01935 0.01290 0.02581 0.01935 0.06452 0.03226 0.08387 0.20645 0.00645 0.03871 0.09677 0.05806 0.05806 0.05161 0.00000 0.03226 0.09032
Rubritepida_flocculans_DSM_14296 0.09032 0.01290 0.01935 0.01290 0.00645 0.02581 0.01935 0.05806 0.03226 0.09677 0.14194 0.00645 0.05161 0.11613 0.05161 0.04516 0.05161 0.00000 0.03871 0.12258
Wolbachia_endosymbiont_of_Culex_quinquefasciatus_Pel 0.06536 0.01961 0.03922 0.00654 0.00654 0.01961 0.01307 0.05882 0.01961 0.16993 0.11765 0.01307 0.02614 0.10458 0.05882 0.05882 0.07190 0.00000 0.03268 0.09804
Wolbachia_endosymbiont_of_Onchocerca_ochengi 0.05882 0.01961 0.03268 0.00654 0.00654 0.01961 0.01307 0.05882 0.02614 0.15033 0.12418 0.01307 0.03922 0.10458 0.05229 0.06536 0.08497 0.00000 0.03268 0.09150
Acanthamoeba_castellanii       0.04487 0.01282 0.06410 0.00641 0.00641 0.02564 0.01923 0.03846 0.01923 0.14103 0.17949 0.00641 0.00641 0.14744 0.05769 0.04487 0.05128 0.00000 0.05128 0.07692
Branchiostoma_floridae         0.05000 0.05000 0.05000 0.05000 0.05000 0.05000 0.05000 0.05000 0.05000 0.05000 0.05000 0.05000 0.05000 0.05000 0.05000 0.05000 0.05000 0.05000 0.05000 0.05000
Spizellomyces_punctatus        0.05844 0.01299 0.03247 0.00649 0.01299 0.01299 0.02597 0.05195 0.01299 0.13636 0.19481 0.01948 0.05195 0.07792 0.04545 0.03896 0.08442 0.00000 0.04545 0.07792
Candida_albicans               0.05844 0.01299 0.03247 0.00649 0.00000 0.01948 0.01299 0.08442 0.01948 0.16883 0.20130 0.00649 0.01299 0.07792 0.04545 0.09091 0.03247 0.00649 0.04545 0.06494
Ustilago_maydis                0.04459 0.01274 0.03185 0.00637 0.01274 0.01274 0.01911 0.06369 0.01911 0.10191 0.20382 0.01911 0.01911 0.10191 0.05096 0.08917 0.05732 0.00000 0.03822 0.09554
Amphimedon_queenslandica       0.05921 0.01316 0.02632 0.01316 0.00658 0.01974 0.01974 0.09211 0.01974 0.14474 0.13816 0.00000 0.05263 0.11184 0.05263 0.04605 0.05921 0.00658 0.04605 0.07237
Pleurotus_ostreatus            0.04459 0.01911 0.03185 0.00637 0.01274 0.01274 0.02548 0.04459 0.01911 0.10828 0.24204 0.01274 0.00637 0.09554 0.05096 0.10828 0.04459 0.00000 0.02548 0.08917
Gallus_gallus                  0.05000 0.05000 0.05000 0.05000 0.05000 0.05000 0.05000 0.05000 0.05000 0.05000 0.05000 0.05000 0.05000 0.05000 0.05000 0.05000 0.05000 0.05000 0.05000 0.05000
Homo_sapiens                   0.05000 0.05000 0.05000 0.05000 0.05000 0.05000 0.05000 0.05000 0.05000 0.05000 0.05000 0.05000 0.05000 0.05000 0.05000 0.05000 0.05000 0.05000 0.05000 0.05000
Porphyra_umbilicalis           0.04459 0.00637 0.03185 0.01274 0.00637 0.01911 0.01911 0.06369 0.02548 0.17834 0.15287 0.01274 0.02548 0.09554 0.05096 0.05096 0.07006 0.00637 0.05732 0.07006
Jakoba_libera                  0.04459 0.01274 0.02548 0.00637 0.00637 0.02548 0.02548 0.05732 0.02548 0.14650 0.17834 0.00637 0.03185 0.12739 0.05096 0.05732 0.06369 0.00637 0.03822 0.06369
Seculamonas_ecuadoriensis      0.05732 0.01274 0.03185 0.00637 0.00637 0.02548 0.02548 0.05732 0.02548 0.15924 0.17197 0.00637 0.04459 0.12102 0.05096 0.05732 0.05096 0.00000 0.03822 0.05096
Andalucia_godoyi               0.05096 0.01274 0.03185 0.00637 0.00637 0.01911 0.02548 0.05732 0.02548 0.12102 0.18471 0.00637 0.03822 0.13376 0.05096 0.07006 0.04459 0.00000 0.03822 0.07643
Cyanidioschyzon_merolae        0.05732 0.00637 0.03185 0.01274 0.01274 0.01911 0.01911 0.05732 0.02548 0.17197 0.20382 0.01911 0.00637 0.12739 0.05096 0.03822 0.05096 0.00000 0.03822 0.05096
Chondrus_crispus               0.03185 0.00637 0.03185 0.01274 0.00637 0.01911 0.01911 0.06369 0.03185 0.16561 0.19745 0.01274 0.03822 0.10191 0.05096 0.05732 0.06369 0.00637 0.03822 0.04459
Phytophthora_infestans         0.05844 0.01299 0.03247 0.00649 0.00649 0.01948 0.01948 0.04545 0.02597 0.16234 0.16883 0.01299 0.03896 0.09740 0.04545 0.06494 0.05195 0.00000 0.03247 0.09740
Reclinomonas_americana         0.08333 0.01282 0.03205 0.00641 0.00641 0.01923 0.01923 0.05769 0.02564 0.15385 0.14744 0.00641 0.03846 0.12821 0.04487 0.05769 0.04487 0.00000 0.03846 0.07692
Malawimonas_jakobiformis       0.04459 0.01274 0.03185 0.00637 0.00637 0.01911 0.02548 0.05096 0.02548 0.17834 0.14650 0.01274 0.04459 0.12739 0.05096 0.08280 0.03822 0.00000 0.03822 0.05732
Arabidopsis_thaliana           0.04459 0.01274 0.03185 0.01274 0.00637 0.02548 0.02548 0.05732 0.02548 0.12102 0.21019 0.01274 0.03822 0.12102 0.05732 0.05732 0.04459 0.00000 0.03185 0.06369
Physcomitrella_patens          0.05128 0.01282 0.03205 0.00641 0.00641 0.01923 0.02564 0.05128 0.02564 0.12179 0.20513 0.01282 0.03205 0.13462 0.05128 0.07051 0.04487 0.00000 0.03205 0.06410
Ostreococcus_tauri             0.05732 0.01274 0.03185 0.00637 0.00637 0.01911 0.02548 0.07643 0.02548 0.08917 0.18471 0.00637 0.03822 0.14013 0.05096 0.05732 0.05096 0.00000 0.03822 0.08280
Oryza_sativa                   0.05128 0.01282 0.03846 0.00641 0.00641 0.02564 0.03205 0.05769 0.02564 0.10897 0.20513 0.01282 0.03846 0.12179 0.05128 0.06410 0.04487 0.00000 0.02564 0.07051
Cyanophora_paradoxa            0.04459 0.01274 0.03822 0.00637 0.00637 0.01911 0.02548 0.07006 0.02548 0.13376 0.17197 0.00637 0.04459 0.13376 0.05096 0.06369 0.04459 0.00000 0.03185 0.07006
Bartonella_quintana_RM-11      0.04487 0.01282 0.03205 0.01282 0.01282 0.02564 0.02564 0.07051 0.01923 0.09615 0.15385 0.00641 0.02564 0.14103 0.06410 0.05128 0.05769 0.00000 0.03846 0.10897
Candidatus_Arcanobacter_lacustris 0.03947 0.00000 0.03947 0.01316 0.00000 0.02632 0.01316 0.03947 0.02632 0.13158 0.19737 0.00000 0.03947 0.11842 0.05263 0.06579 0.07895 0.00000 0.03947 0.07895
Candidatus_Finniella_lucida    0.08387 0.01290 0.02581 0.01290 0.01935 0.02581 0.01935 0.05806 0.02581 0.08387 0.18065 0.00645 0.02581 0.11613 0.05806 0.04516 0.05806 0.00000 0.03226 0.10968
Candidatus_Jidaibacter_acanthamoeba 0.07051 0.01282 0.03205 0.00641 0.00641 0.01923 0.01923 0.07051 0.02564 0.13462 0.15385 0.00641 0.05128 0.10897 0.05769 0.05769 0.07051 0.00000 0.04487 0.05128
Candidatus_Midichloria_mitochondrii_IricVA 0.09032 0.01290 0.01935 0.01290 0.00645 0.01935 0.01935 0.07097 0.03226 0.15484 0.15484 0.00645 0.03871 0.12903 0.05806 0.05161 0.05161 0.00000 0.03226 0.03871
Rhodospirillum_rubrum_ATCC_11170 0.05806 0.01290 0.02581 0.01290 0.00645 0.01935 0.01935 0.06452 0.02581 0.10968 0.14839 0.00645 0.05161 0.12258 0.05806 0.05806 0.06452 0.00000 0.04516 0.09032
Rickettsia_typhi_Wilmington    0.05806 0.00645 0.02581 0.00645 0.00645 0.02581 0.01935 0.05806 0.02581 0.12258 0.18710 0.01290 0.05806 0.10323 0.05806 0.06452 0.05806 0.00000 0.03871 0.06452
Dictyostelium_discoideum       0.05161 0.01290 0.01935 0.00000 0.00000 0.02581 0.03226 0.07097 0.02581 0.18065 0.19355 0.00000 0.04516 0.09677 0.03871 0.03871 0.05806 0.01290 0.02581 0.07097

Homogeneity statistic: X2 = 7.49637 G = 5.97139 

Average                        0.06171 0.01287 0.02947 0.01032 0.00755 0.02064 0.02202 0.06309 0.02692 0.12352 0.16768 0.00851 0.03905 0.11693 0.05437 0.05618 0.05458 0.00149 0.03543 0.08767
(Ambiguity characters are used to calculate freqs.)


# constant sites:      0 (0.00%)

TREE #  1:  ((((((((55, 52), 53), 54), ((48, 43), 47)), 56), 49), ((((44, 50), 45), 46), 51)), (((((42, 41), 35), 39), ((37, (38, 40)), 36)), (64, 34)), ((((((4, 16), (32, 33)), 22), (60, 61)), ((58, 18), (25, 63))), ((((((5, (24, 27)), 20), ((57, (19, 29)), 26)), (14, (28, 3))), (15, 2)), ((((((6, (7, 9)), 8), 10), (59, ((11, 12), 13))), 21), ((62, 30), (23, ((17, 31), 1)))))));   MP score: -1
lnL(ntime:125  np:126):  -8428.400577      +0.000000
  65..66   66..67   67..68   68..69   69..70   70..71   71..72   72..55   72..52   71..53   70..54   69..73   73..74   74..48   74..43   73..47   68..56   67..49   66..75   75..76   76..77   77..78   78..44   78..50   77..45   76..46   75..51   65..79   79..80   80..81   81..82   82..83   83..42   83..41   82..35   81..39   80..84   84..85   85..37   85..86   86..38   86..40   84..36   79..87   87..64   87..34   65..88   88..89   89..90   90..91   91..92   92..93   93..4    93..16   92..94   94..32   94..33   91..22   90..95   95..60   95..61   89..96   96..97   97..58   97..18   96..98   98..25   98..63   88..99   99..100 100..101 101..102 102..103 103..104 104..5   104..105 105..24  105..27  103..20  102..106 106..107 107..57  107..108 108..19  108..29  106..26  101..109 109..14  109..110 110..28  110..3   100..111 111..15  111..2    99..112 112..113 113..114 114..115 115..116 116..117 117..6   117..118 118..7   118..9   116..8   115..10  114..119 119..59  119..120 120..121 121..11  121..12  120..13  113..21  112..122 122..123 123..62  123..30  122..124 124..23  124..125 125..126 126..17  126..31  125..1  
 0.052510 0.010636 0.000004 0.000004 0.096389 0.081359 0.065011 0.053648 0.006913 0.021325 0.116310 0.201630 0.051991 0.077067 0.127626 0.197302 0.320643 0.397410 0.043423 0.036721 0.053543 0.031277 0.120868 0.146230 0.081590 0.105436 0.079194 0.000004 0.050654 0.280570 0.091282 0.017271 0.070395 0.107032 0.023212 0.254361 0.068654 0.032647 0.609595 0.196556 0.104830 0.250136 0.773725 0.143912 0.523315 0.393503 0.080895 0.074612 0.036650 0.078655 0.118860 0.068072 0.259389 0.066319 0.083426 0.052895 0.068029 0.240494 0.067477 0.132847 0.247681 0.005857 0.081257 0.192764 0.138265 0.089630 0.496425 0.070177 0.059681 0.022717 0.028145 0.044589 0.020832 0.078493 0.435443 0.016575 0.192365 0.255196 0.508690 0.037253 0.000004 0.350870 0.000004 0.321816 0.250456 0.151671 0.088516 0.079608 0.064095 0.056675 0.012151 0.211238 0.394582 0.151674 0.000004 0.000004 0.019342 0.088938 0.094713 0.035705 0.012905 0.015132 0.017189 0.008050 0.053066 0.168952 0.043831 0.282250 0.062521 0.074203 0.017054 0.007813 0.121390 0.267342 0.029302 0.066456 0.158156 0.277104 0.012795 0.159822 0.161367 0.076229 0.083728 0.111881 0.188269 1.252149
SEs for parameters:
 0.179916 0.055927 0.274422 0.145440 0.108924 0.188838 0.120251 0.108779 0.078617 0.027313 0.113777 0.192572 0.157228 0.065485 0.122493 0.267549 0.253240 0.223306 0.081343 0.091667 0.142789 0.111462 0.144299 0.157987 0.107351 0.101704 0.096006 0.207756 0.111875 4959469.196924 100944738.192592 69585870.027201 529248342.071390 579686743.118301 102567321.631381 4959469.209608 0.068566 0.141040 0.251010 0.136461 0.130008 0.133301 0.311192 0.181904 0.259899 0.349356 0.191883 0.093089 0.079203 0.210129 0.130610 0.181623 0.202154 0.114158 0.103280 0.069644 0.089517 0.158318 0.121355 0.138738 0.160786 0.053486 0.380437 0.210872 0.321121 0.086937 0.237215 0.214188 0.122595 0.099972 0.070467 0.071760 0.108606 0.128534 0.238706 0.068063 0.235232 0.178639 0.259279 0.089301 0.159278 0.248061 0.368505 0.199065 0.212267 0.146554 0.125200 0.147528 0.059349 0.100751 0.083997 0.282072 0.213101 0.166890 0.243407 0.497245 0.069033 0.136461 0.131630 0.080604 0.071072 0.057459 0.093795 0.045662 0.071443 0.143762 0.150830 0.222580 0.129193 0.129495 0.058304 0.036722 0.122301 0.153026 0.072383 0.108701 0.219303 0.343379 0.126103 0.121244 0.177594 0.135071 0.097942 0.116992 0.110487 0.259662

tree length = 15.867243

((((((((55: 0.053648, 52: 0.006913): 0.065011, 53: 0.021325): 0.081359, 54: 0.116310): 0.096389, ((48: 0.077067, 43: 0.127626): 0.051991, 47: 0.197302): 0.201630): 0.000004, 56: 0.320643): 0.000004, 49: 0.397410): 0.010636, ((((44: 0.120868, 50: 0.146230): 0.031277, 45: 0.081590): 0.053543, 46: 0.105436): 0.036721, 51: 0.079194): 0.043423): 0.052510, (((((42: 0.070395, 41: 0.107032): 0.017271, 35: 0.023212): 0.091282, 39: 0.254361): 0.280570, ((37: 0.609595, (38: 0.104830, 40: 0.250136): 0.196556): 0.032647, 36: 0.773725): 0.068654): 0.050654, (64: 0.523315, 34: 0.393503): 0.143912): 0.000004, ((((((4: 0.259389, 16: 0.066319): 0.068072, (32: 0.052895, 33: 0.068029): 0.083426): 0.118860, 22: 0.240494): 0.078655, (60: 0.132847, 61: 0.247681): 0.067477): 0.036650, ((58: 0.192764, 18: 0.138265): 0.081257, (25: 0.496425, 63: 0.070177): 0.089630): 0.005857): 0.074612, ((((((5: 0.435443, (24: 0.192365, 27: 0.255196): 0.016575): 0.078493, 20: 0.508690): 0.020832, ((57: 0.350870, (19: 0.321816, 29: 0.250456): 0.000004): 0.000004, 26: 0.151671): 0.037253): 0.044589, (14: 0.079608, (28: 0.056675, 3: 0.012151): 0.064095): 0.088516): 0.028145, (15: 0.394582, 2: 0.151674): 0.211238): 0.022717, ((((((6: 0.012905, (7: 0.017189, 9: 0.008050): 0.015132): 0.035705, 8: 0.053066): 0.094713, 10: 0.168952): 0.088938, (59: 0.282250, ((11: 0.017054, 12: 0.007813): 0.074203, 13: 0.121390): 0.062521): 0.043831): 0.019342, 21: 0.267342): 0.000004, ((62: 0.158156, 30: 0.277104): 0.066456, (23: 0.159822, ((17: 0.083728, 31: 0.111881): 0.076229, 1: 0.188269): 0.161367): 0.012795): 0.029302): 0.000004): 0.059681): 0.080895);

((((((((Oryza_sativa: 0.053648, Arabidopsis_thaliana: 0.006913): 0.065011, Physcomitrella_patens: 0.021325): 0.081359, Ostreococcus_tauri: 0.116310): 0.096389, ((Chondrus_crispus: 0.077067, Porphyra_umbilicalis: 0.127626): 0.051991, Cyanidioschyzon_merolae: 0.197302): 0.201630): 0.000004, Cyanophora_paradoxa: 0.320643): 0.000004, Phytophthora_infestans: 0.397410): 0.010636, ((((Jakoba_libera: 0.120868, Reclinomonas_americana: 0.146230): 0.031277, Seculamonas_ecuadoriensis: 0.081590): 0.053543, Andalucia_godoyi: 0.105436): 0.036721, Malawimonas_jakobiformis: 0.079194): 0.043423): 0.052510, (((((Homo_sapiens: 0.070395, Gallus_gallus: 0.107032): 0.017271, Branchiostoma_floridae: 0.023212): 0.091282, Amphimedon_queenslandica: 0.254361): 0.280570, ((Candida_albicans: 0.609595, (Ustilago_maydis: 0.104830, Pleurotus_ostreatus: 0.250136): 0.196556): 0.032647, Spizellomyces_punctatus: 0.773725): 0.068654): 0.050654, (Dictyostelium_discoideum: 0.523315, Acanthamoeba_castellanii: 0.393503): 0.143912): 0.000004, ((((((Anaplasma_phagocytophilum_HZ: 0.259389, Ehrlichia_canis_Jake: 0.066319): 0.068072, (Wolbachia_endosymbiont_of_Culex_quinquefasciatus_Pel: 0.052895, Wolbachia_endosymbiont_of_Onchocerca_ochengi: 0.068029): 0.083426): 0.118860, Neorickettsia_sennetsu_Miyayama: 0.240494): 0.078655, (Candidatus_Jidaibacter_acanthamoeba: 0.132847, Candidatus_Midichloria_mitochondrii_IricVA: 0.247681): 0.067477): 0.036650, ((Candidatus_Arcanobacter_lacustris: 0.192764, endosymbiont_of_Stachyamoeba: 0.138265): 0.081257, (Orientia_tsutsugamushi_Boryong: 0.496425, Rickettsia_typhi_Wilmington: 0.070177): 0.089630): 0.005857): 0.074612, ((((((Asticcacaulis_excentricus_CB_48: 0.435443, (Oceanicaulis_HTCC2633: 0.192365, Parvularcula_bermudensis_HTCC2503: 0.255196): 0.016575): 0.078493, Ketogulonicigenium_vulgare_WSH-001: 0.508690): 0.020832, ((Bartonella_quintana_RM-11: 0.350870, (Hyphomicrobium_denitrificans_ATCC_51888: 0.321816, Rhodopseudomonas_palustris_TIE-1: 0.250456): 0.000004): 0.000004, Parvibaculum_lavamentivorans_DS-1: 0.151671): 0.037253): 0.044589, (Candidatus_Pelagibacter_IMCC9063: 0.079608, (Pelagibacter_sp_HIMB058: 0.056675, alphaproteobacterium_sp_HIMB5: 0.012151): 0.064095): 0.088516): 0.028145, (Citromicrobium_JLT1363: 0.394582, alpha_proteobacterium_AAP81b: 0.151674): 0.211238): 0.022717, ((((((Caedibacter_37-49: 0.012905, (Caedibacter_38-128: 0.017189, Candidatus_Caedibacter_acanthamoebae: 0.008050): 0.015132): 0.035705, Caedibacter_varicaedens: 0.053066): 0.094713, Candidatus_Nucleicultrix_amoebiphila_FS5: 0.168952): 0.088938, (Candidatus_Finniella_lucida: 0.282250, ((Candidatus_Odyssella_thessalonicensis_L13: 0.017054, Candidatus_Paracaedibacter_acanthamoebae_isolate_PRA3: 0.007813): 0.074203, Candidatus_Paracaedibacter_symbiosus: 0.121390): 0.062521): 0.043831): 0.019342, Micavibrio_aeruginosavorus_ARL-13: 0.267342): 0.000004, ((Rhodospirillum_rubrum_ATCC_11170: 0.158156, Rhodovibrio_salinarum_DSM_9154: 0.277104): 0.066456, (Oceanibaculum_indicum_P24: 0.159822, ((Elioraea_tepidiphila_DSM_17972: 0.083728, Rubritepida_flocculans_DSM_14296: 0.111881): 0.076229, Acidiphilium_angustum_ATCC_35903: 0.188269): 0.161367): 0.012795): 0.029302): 0.000004): 0.059681): 0.080895);

Detailed output identifying parameters

alpha (gamma, K = 5) =  1.25215
rate:   0.15073  0.42600  0.75540  1.23349  2.43438
freq:   0.20000  0.20000  0.20000  0.20000  0.20000

Time used: 26:22
