
Printing out site pattern counts


        64        109  P

Acidiphilium_angustum_ATCC_35903  -AAAAAAAAA AAAAADEFFF FFFFFFGGGG GGHIIIIIII IIILLLLLLL LLLLLLLLLL LLLLMMMMNN NPPPQQRRRR RSSSTTTTTV VVVVVVVVVV VVVVVVYYY
alpha_proteobacterium_AAP81b    MAAAAAAAAA GLLSSDEFFF FFFFFWGGGG GGHIIIIIIL VVVFILLLLL LLLLLLLLLN QTVVMMMMNN NPPTQQKRRR RSSVAAPTTI LSVVVVVVVV VVVVVVYYY
alphaproteobacterium_sp_HIMB5   MAAAAAGSSS GIIASNEFFF FFFFFFGGGG GGHIIILLTL IVYIIFILLL LLLLLMMMVL VVILMMMMNN SPTVQQKKKR RSSVIVVTTV ISILVVVVVV VVVVVVYYY
Anaplasma_phagocytophilum_HZ    ---------- ---------- ---------- ---------- ---------- ---------- ---------- ---------- ---------- ---------- ---------
Asticcacaulis_excentricus_CB_48  -AAAAGAAAA GLMASDEFFF FFFFLFGGGG GGHIIVILIL VLIILLMLLL LLLLLLLLVA VVVLMMMMNN SPPVQQKRRR RSSIVIQTTI LSVVVVVVVV VVVVVVYYY
Caedibacter_37-49               ---------- ---------- ---------- ---------- ---------- ---------- ---------- ---------- ---------- ---------- ---------
Caedibacter_38-128              ---------- ---------- ---------- ---------- ---------- ---------- ---------- ---------- ---------- ---------- ---------
Caedibacter_varicaedens         ---------- ---------- ---------- ---------- ---------- ---------- ---------- ---------- ---------- ---------- ---------
Candidatus_Caedibacter_acanthamoebae  ---------- ---------- ---------- ---------- ---------- ---------- ---------- ---------- ---------- ---------- ---------
Candidatus_Nucleicultrix_amoebiphila_FS5  ---------- ---------- ---------- ---------- ---------- ---------- ---------- ---------- ---------- ---------- ---------
Candidatus_Odyssella_thessalonicensis_L13  MAAAAAAAAT GALATDEFFF FFFLFFGGGG QSHIIIVLIL IIPFLLLLLL LLLLLLLLIL VLIVMMMMNN NPPTQQRRRR RSSVLVHTTI LALSIITVVV VVVVVVYYY
Candidatus_Paracaedibacter_acanthamoebae_isolate_PRA3  MAAAAAAAAT GALATDEFFF FFFLFFGGGG NSHIIIILIL IVPFLLILLL LLLLLLLLII VLILMMMMNN NPPTQQRRRR RSSVFIQTTI TALAIVTVVV VVVVVVYYY
Candidatus_Paracaedibacter_symbiosus  -AAAAAAASA GGLASDEFFF FFFLFFGGGG GGHIIIILIL LVPVFLFILL LLLLLLLVIL VLVLMMMMNN NFTVQQRRRR RSSVLVMTTI TALIIVVVVV VVVVVVYYY
Candidatus_Pelagibacter_IMCC9063  MAAAASGSSS GIMATNEFFF FFFFFFGGGG GGHIIILLII IVIFIFMLIL LLLLLMTFIL VVILMMMMNN SPTLQQRKRK RASVLMITTI LSILVVVVVV VVVVVVYYY
Citromicrobium_JLT1363          -AAAAAASAA GFLASDEFFF FFMFFWGGGG GGHIIVVLIL IVILLLLILL LLLLLLLLIV LTILMMMMNN NPPTQQRRHL RSSVAG-STI LAVVVVVTVV VVVVVVYYY
Ehrlichia_canis_Jake            -AAAASAIAS GLLSSDEFFF FFFLFFGGGG GGYILIIIVI CIIILLFILL LLLLLLVIVL LILLIMMMNN IAPVQQHSRK RSSVLIVTTI LSIIIVVVIV VVVVVVYYY
Elioraea_tepidiphila_DSM_17972  -AAAAAAAAA GLAATDEFFF FFFFFFGGGG GGHIIIILVL IIVILLLLLL LLLLLLLVLA VLVLMLMMNN NPPVQQRRRR RASLIVVTTI IALVVVVVVV VVVVVVYYY
endosymbiont_of_Stachyamoeba    -AAASAAFAA GIIASDEFFF FFFFFSGGGG GAHVIIILIL IIIFLLVIFL LLLLLLLIII VVIMMAMMNN NPPVQQKKKR RSFVIILTTI TAIIIVLTVI VVVVVVYYY
Hyphomicrobium_denitrificans_ATCC_51888  -AASAGAAAA GALATDEFFF FFFFFFGGGS GGHVIILLIL VVIIVLALLI LLLLLLLMVA ILILMMMMNN NKPVQQKRRR RASVILMTTI LSLVVVVVVV VVVVVVYYY
Ketogulonicigenium_vulgare_WSH-001  -AAAAGAAAA GVQADDEFFF FFFFFWAGGG GGHIIILLVL IVVVLLMVLL LLLLLLLLLL IIVSMMMMNN SPPVQQKRRR RAGLVVTDTI IAVMVVVTVV VVVVVVYYY
Micavibrio_aeruginosavorus_ARL-13  -AAAAAAAAA GVLATDEFFF FFFFFFGGGG GGHIIILLIL LVILLLMILL LLLLLLLLVM IMVLMMMMNN NPPVQQRRKR RSSVLMFTTI ISIVIVVVVV VVVVVVYYY
Neorickettsia_sennetsu_Miyayama  ---------- ---------- ---------- ---------- ---------- ---------- ---------- ---------- ---------- ---------- ---------
Oceanibaculum_indicum_P24       MAAAAAASAA GLIASDEFFF FFFFFYGGGG GGHIIVILIM IIIILLLLLL LLLLLLLLVA VVVLMMMMNN NPPVQQRRKR RSSVLITTTI ISVVIVVVIV VVVVVVYYY
Oceanicaulis_HTCC2633           -AAAAAAASA GALATDEFFF FFFFLFGGGG GGRIIILLVI VAMLLLMLLL LLLLLLLLVI LVVLMMMMNN SPPVQQKKRR RASIVTTDTI IAVVIVVVVV VVVVVVYYY
Orientia_tsutsugamushi_Boryong  -AAACSASSS GILA-NEFFF FFLFFWGGGG GYYIVIILIL IIHIFLILLL LLLLLLLILL VIIFMFMMDN NPPVQQKKRR RAGIIIITTI LSIVIVVVIV AAIVVVYYY
Parvibaculum_lavamentivorans_DS-1  MAAAAGAAAA GLLADDEFFF FFFFFFGGGG GGHIIILLII IIIILLLILL LLLLLLLLVA VVILMFMMNN NPPVQQKRRK RSALLVTTTV IAVVVVVVVV VVVVVVYYY
Parvularcula_bermudensis_HTCC2503  MAAAAGAAAA GLIANDEFFF FFFYFCGGGG GGHIIVLIIL VAVFLMVLLL LLLLLLLLVI VVVMMFMMNN SPPIQQKRTR RSWIVMVTTI LAVVIVLVVV VVVVVVYYY
Pelagibacter_sp_HIMB058         MAAAAAGSSS GIIATNEFFF FFFFFFGGGG GGHIIIILTL VIYIIFILLL LLLLLMMMIL VVILMMMMNN SPTVQQKKRR RSSVIVITTI ISILVVVVVV VVVVVVYYY
Rhodopseudomonas_palustris_TIE-1  MAAAAAAAAA GLMASDEFFF FFFFYFGGGG GGHIIVLLVL IIIFFLLLLL LLLLMLLMIV VMVLMMMMNN NPPVQQKRRK RSALLLITTV ISVIVVVVVI AVVVVVYYY
Rhodovibrio_salinarum_DSM_9154  MAATAAGSSA GLMASNEFFF FFFFFFGGGG GGHIIVLLIL VVLILLMLLL LLLLLLLLIA VVVLMMMMNN NPPVQQLRRR RSSVLVTTTV LAVVIVVVVV VLVVVVYYY
Rubritepida_flocculans_DSM_14296  -AAAAAAAAA GAAATDEFFF FFFFFWGGGG GGHIIILLVL IIVLLLLLLL LLLLLILLIL IVILMMMMNN NPPTQQKRRR RSSIVVVTTI ISLVVVVVVV VVVVVVHYY
Wolbachia_endosymbiont_of_Culex_quinquefasciatus_Pel  -AAAAAAVAA GCLANDEFFF FFFFFFGGGG GGHIIIIIIL LVVLFLFILL LLLLLLVIIL LVLFIMMMNN NTPVQQKRKK QASVMVITTV MSIMIVAVVV VIVVVVYYY
Wolbachia_endosymbiont_of_Onchocerca_ochengi  KAAATAAVAT GLLANDEFFF FFFFFFGGGG GSHIIIIIIL LVVLFLFILL LLLLLLLIIL LVLFIMMMNN NVPIQQKRRK QASVIIITAV ISILIVAVTV VIVVVVYYY
Acanthamoeba_castellanii        -AVASSASCT SILSTNEFFF FLLFFYGGG- GGHIIILLIV ICIAFLFILL LLLLVIFLLV LVILMIMMNN NPPIQQKKRN RSC-LVVTVI IVILIVIIIV IVVIIVTYY
Branchiostoma_floridae          ---------- ---------- ---------- ---------- ---------- ---------- ---------- ---------- ---------- ---------- ---------
Spizellomyces_punctatus         MAFMIAGSGS SMLVTQYFFF LYMFIFAGG- DTHIIILLAL LL-TFAFLVL LLVWLIYVLL I-ALMLMMDN SPP----L-K -RS-VLIVTI TIIIIVKVVI IVIIIVYYY
Candida_albicans                -AYAASGLSA G-SS-NVFFF L-LLMAGGG- GVQIILVLIF L--L-LLMLL LLMINTYIGI L-ILVILSES TPP----L-- -SA-VIVSTI LIYIIIAAVL IVIIVVYYY
Ustilago_maydis                 -AVTPGGSAA SLLALNGFFF LLLFLFGGG- GAIIIIILIL ILPLLLVILL LLLLYLYLVV VVISMIMMQN NPP-QS-KDK -SS-IVLTSV SSVLLVTVLI VIVVVVGYY
Amphimedon_queenslandica        -ALAAAGAMS SIIAGDVFFF F-FY-WGGG- GGYIIIIAIV VGVMFL-MLL LLLLVFMYVI VIISMFMMDR SPPPQQDVRG RAS-I--TTV IVIIQVVVVM VVIIVVYYY
Pleurotus_ostreatus             -AVATSGSAA SLIATNNFFF LVLFLFGAG- GAIIIVLIIL IL-LFIIIIL LVILYFYVLI S-IAMIMMQN QPP----K-K -SS-AIITSL SLIIIVIALI IVVIVIGYY
Gallus_gallus                   ---------- ---------- ---------- ---------- ---------- ---------- ---------- ---------- ---------- ---------- ---------
Homo_sapiens                    ---------- ---------- ---------- ---------- ---------- ---------- ---------- ---------- ---------- ---------- ---------
Porphyra_umbilicalis            -AAASASLSA AFLASNEFFF FFLFFFGGG- GGYIIIIFVL IVIILL-LLL LLLLILFFLL IVIIMFMMNN NMAVQQKAKR RSS-L-ITTV LCLLVVVVLV VVVIVVYYY
Jakoba_libera                   -AVAASASAS GLIATNEFFF FFLFFFGAGY EGHIIMLMVI ILILFLFLLL LLLLLLFLVL LIILMMMMNN APPVQQRKRR TSS-ILTTTV MALITVVVVV VVVIIVYYY
Seculamonas_ecuadoriensis       MAVAAASSSS GLIATNEFFF FFFFFYGGG- EGHIIMLIIL IIILFLLLLL LLLLLLFMLL LIILMMMMNN SPPVQQRNRR RSS-LIITTI VAILVVVVVV VVVIIVYYY
Andalucia_godoyi                MAVAAAASST GLFASNEFFF FFFFFFGGG- NGHIIMLVIM VILLFLMILL LLLLLLFLIV IYILMMMMNN NPPVQQKRRR RSS-IIVTTI IALLIVVVVV VVVVVVYYY
Cyanidioschyzon_merolae         MATAASALAA AILASNEFFF FFIFLFGGG- EGFVIILTIL LIIIFLLLLL LLLLLMFIIL NVILIIIINN NLSVQQKKRR RSS-II-TTI LAMLVVVVII IVVIVVYYY
Chondrus_crispus                MAPAVSSLSA GWLATNEFFF FFLFFFGGG- GGHIIIIFIL TIIILL-FLL LLLLLLLLLI VIILMFMMNN NPAVQQKTKR RSS-L-LTTI MCLIIVVVVV VVVIVVFYY
Phytophthora_infestans          MAVTAASSST GLSATDEFFF FFLFFFGGGF EIYIVIITIL IIIIFFVLLL LLLLLILILA IIILLIMMNN NPTFQQKT-K RSSVLMVSTI MALIVVTVII AVVIIIYYY
Reclinomonas_americana          MAAAAAASSS GLIATNEFFF FFFFFFGGG- EGHVIMILIL IIILFLLILL LLLLLLFMLV LIILMMMMNN SPPVQQRSRR RSS-VIITTI ISIIVVVVVV VVVIIVYYY
Malawimonas_jakobiformis        -AVAAAAVSS GILATNEFFS FFLFYFGGG- EGHIIIIMII IIIIFLILPL LLLLLLLFII L-ILMIMMNN NPPIQQKTRN SSS-ICITTN TSIIIVVVLT IVVIIVYYY
Arabidopsis_thaliana            -ALAAGAASS SLLATHDFFF F-LFLFGGGY GSHIIVLMAL IIVVFLFFFS LPLLLLFLLV LIIPMMMMNN DPPVRQKKRT ISS-IIITTI IPLPIVVVVV VIVIVVYHY
Physcomitrella_patens           -ALAASAASS SLLATNDFFF FFLFFFGGG- GGHIIVLIIL IIVVFLFFLL LFLLLLFLLV LIILMMMMNN NPPVQQKKRT ISS-IIITTI ISVLIVVVVV VVVIVVYYY
Ostreococcus_tauri              -ALAAAASSA SLLATDDFFF FFLFFFGGG- NGYIIILFIL IIVIFLFFLL LLLLLLFLLV VVILMLMMPN NPPVQQRKRH RSS-FLVTTI IALLIVMVIV VVVIVVYYY
Oryza_sativa                    -ALAAGAASA TLLATNDFFF F-LFLFGGGY GSHIIVLMVL IIVVFLFFFL LFLLLLFLLV LIILMMMMNN DPPVRQQKRT LSS-IIITTI ISILIVVVVV VIVIVIYYY
Cyanophora_paradoxa             IAAAASATSA A-LSTNEFFF FFLFFY-GG- GGYIIVFSIV VILLTFILLL LLLLLMFLIL IIILLMMMNS N-SVQQKNKK RSS-QYITTI LSILIVVAVI VLIIIVYYY
Bartonella_quintana_RM-11       TAAAAAGAAA GAAATDEFFF FFFFFFGGGG GGHIIILLIL IVIIVLFLLL LLLLLLLILV IIILMLMMNN NPPVQQRRRK RSSIFVMTTI IALLVVVVVI VVVVVVYYY
Candidatus_Arcanobacter_lacustris  DAAAAAAVAA GLIATNEFFF FFFFFFGGGG GFHIIIILVL LIKVLLFIML LLLLLLLLLI IMVMMMMMNN SPPSQQHRKK RSSIGI-TTI TSVVIVVVVV VVVVVVYYY
Candidatus_Finniella_lucida     -AAAVAAVSG GHMASNEFFF FFFFFFGGGG GSYIIILLVL AVLGFLAILL LLLLLLLLII LLIMMLMMNN NLTLQQLRKQ RSCLVVMTTI ISLVAAVVVV VVVILVYYY
Candidatus_Jidaibacter_acanthamoeba  -AAMAAAVAS GMIAPDEFFF FFFYFFGGGG GVHIIILLVI LIILIL-ILL LLLLLLLLVV RVIFMMMMNN NPPVQQRKRE RASVV-ITTI TSIVVVVVVI VVVVVVYYY
Candidatus_Midichloria_mitochondrii_IricVA  -AAAAGALSA GLIAPDEFFF FFFYFLGGGG GAHIIIIMVL LIILIL-IIL LLLLLLILLL VVIFMMMMNK NPPVQQKRRV RASVI-LTTV TAIVNSLVVV VVVVVVYYY
Rhodospirillum_rubrum_ATCC_11170  MAAASAASAA GMMATDEFFF FFFFLWGGGG GGHIIVIIVL MVVLLLVVLL LLLLLLVLVA VLVLMMMMNN NPPVQQKRRN RSSIALMTTI VALVIVMVVV VVVVVVYYY
Rickettsia_typhi_Wilmington     -AAACSASTA GLLASDEFFF FFMFFWGSGG GFYIIVILVL IIIIMLILLL LLLFLLLLIM VIIFMMMMNN NSSVQQKKYR HSSV-TITTI LAIIIVTVVI VVVVVIFYY
Dictyostelium_discoideum        -AMAVTASLA C-VGTNEFYF FLLFLNGGG- E-YIILMLLI VII-GLILIL LLILITYIIM VIIVMCMMDN C-PEQQRVRR RSC-ILIGTV IALIIIYIIV IVVIIVYNY



    1    1    1    1    1    1    1    1    1    1    1    1    1    1    1
    1    1    1    1    1    1    1    1    1    1    1    1    1    1    1
    1    1    1    1    1    1    1    1    1    1    1    1    1    1    1
    1    1    1    1    1    2    1    1    1    1    1    1    1    1    1
    1    1    1    1    1    1    1    1    1    1    1    1    1    1    1
    1    1    1    1    1    1    1    1    1    1    1    1    1    1    1
    1    1    1    1    1    1    1    1    1    1    1    1    1    1    1
    1    1    1    1

AAML (in paml version 4.9i, September 2018)  tmp0007.txt
Model: Empirical,  (/home-user/sswang/software/phylo/paml4.9i/dat/lg.dat) dGamma (ncatG=5) ns =  64  ls = 110


Frequencies..
                                    A      R      N      D      C      Q      E      G      H      I      L      K      M      F      P      S      T      W      Y      V
Acidiphilium_angustum_ATCC_35903 0.12844 0.04587 0.02752 0.00917 0.00000 0.01835 0.00917 0.05505 0.00917 0.09174 0.20183 0.00000 0.03670 0.08257 0.02752 0.02752 0.04587 0.00000 0.02752 0.15596
alpha_proteobacterium_AAP81b   0.10000 0.03636 0.03636 0.00909 0.00000 0.02727 0.00909 0.06364 0.00909 0.07273 0.17273 0.00909 0.04545 0.08182 0.02727 0.04545 0.03636 0.00909 0.02727 0.18182
alphaproteobacterium_sp_HIMB5  0.05455 0.01818 0.02727 0.00000 0.00000 0.01818 0.00909 0.07273 0.00909 0.11818 0.13636 0.02727 0.07273 0.09091 0.00909 0.07273 0.03636 0.00000 0.03636 0.19091
Anaplasma_phagocytophilum_HZ   0.05000 0.05000 0.05000 0.05000 0.05000 0.05000 0.05000 0.05000 0.05000 0.05000 0.05000 0.05000 0.05000 0.05000 0.05000 0.05000 0.05000 0.05000 0.05000 0.05000
Asticcacaulis_excentricus_CB_48 0.09174 0.03670 0.01835 0.00917 0.00000 0.02752 0.00917 0.07339 0.00917 0.08257 0.19266 0.00917 0.05505 0.07339 0.01835 0.04587 0.01835 0.00000 0.02752 0.20183
Caedibacter_37-49              0.05000 0.05000 0.05000 0.05000 0.05000 0.05000 0.05000 0.05000 0.05000 0.05000 0.05000 0.05000 0.05000 0.05000 0.05000 0.05000 0.05000 0.05000 0.05000 0.05000
Caedibacter_38-128             0.05000 0.05000 0.05000 0.05000 0.05000 0.05000 0.05000 0.05000 0.05000 0.05000 0.05000 0.05000 0.05000 0.05000 0.05000 0.05000 0.05000 0.05000 0.05000 0.05000
Caedibacter_varicaedens        0.05000 0.05000 0.05000 0.05000 0.05000 0.05000 0.05000 0.05000 0.05000 0.05000 0.05000 0.05000 0.05000 0.05000 0.05000 0.05000 0.05000 0.05000 0.05000 0.05000
Candidatus_Caedibacter_acanthamoebae 0.05000 0.05000 0.05000 0.05000 0.05000 0.05000 0.05000 0.05000 0.05000 0.05000 0.05000 0.05000 0.05000 0.05000 0.05000 0.05000 0.05000 0.05000 0.05000 0.05000
Candidatus_Nucleicultrix_amoebiphila_FS5 0.05000 0.05000 0.05000 0.05000 0.05000 0.05000 0.05000 0.05000 0.05000 0.05000 0.05000 0.05000 0.05000 0.05000 0.05000 0.05000 0.05000 0.05000 0.05000 0.05000
Candidatus_Odyssella_thessalonicensis_L13 0.10000 0.04545 0.02727 0.00909 0.00000 0.02727 0.00909 0.04545 0.01818 0.10000 0.21818 0.00000 0.04545 0.08182 0.02727 0.03636 0.05455 0.00000 0.02727 0.12727
Candidatus_Paracaedibacter_acanthamoebae_isolate_PRA3 0.10909 0.04545 0.03636 0.00909 0.00000 0.02727 0.00909 0.04545 0.00909 0.11818 0.19091 0.00000 0.04545 0.09091 0.02727 0.02727 0.06364 0.00000 0.02727 0.11818
Candidatus_Paracaedibacter_symbiosus 0.09174 0.04587 0.02752 0.00917 0.00000 0.01835 0.00917 0.07339 0.00917 0.09174 0.19266 0.00000 0.04587 0.10092 0.00917 0.03670 0.03670 0.00000 0.02752 0.17431
Candidatus_Pelagibacter_IMCC9063 0.05455 0.02727 0.02727 0.00000 0.00000 0.01818 0.00909 0.07273 0.00909 0.13636 0.14545 0.01818 0.08182 0.10909 0.00909 0.06364 0.04545 0.00000 0.02727 0.14545
Citromicrobium_JLT1363         0.10185 0.02778 0.02778 0.00926 0.00000 0.01852 0.00926 0.07407 0.01852 0.08333 0.20370 0.00000 0.04630 0.07407 0.01852 0.04630 0.03704 0.00926 0.02778 0.16667
Ehrlichia_canis_Jake           0.06422 0.01835 0.01835 0.00917 0.00917 0.01835 0.00917 0.06422 0.00917 0.18349 0.19266 0.00917 0.02752 0.08257 0.00917 0.07339 0.01835 0.00000 0.03670 0.14679
Elioraea_tepidiphila_DSM_17972 0.12844 0.04587 0.02752 0.00917 0.00000 0.01835 0.00917 0.06422 0.00917 0.09174 0.21101 0.00000 0.02752 0.08257 0.01835 0.00917 0.02752 0.00000 0.02752 0.19266
endosymbiont_of_Stachyamoeba   0.10092 0.01835 0.02752 0.00917 0.00000 0.01835 0.00917 0.05505 0.00917 0.19266 0.13761 0.02752 0.03670 0.11009 0.01835 0.03670 0.03670 0.00000 0.02752 0.12844
Hyphomicrobium_denitrificans_ATCC_51888 0.11009 0.03670 0.02752 0.00917 0.00000 0.01835 0.00917 0.06422 0.00917 0.09174 0.18349 0.01835 0.05505 0.08257 0.00917 0.03670 0.02752 0.00000 0.02752 0.18349
Ketogulonicigenium_vulgare_WSH-001 0.11009 0.03670 0.01835 0.02752 0.00000 0.02752 0.00917 0.07339 0.00917 0.07339 0.17431 0.00917 0.05505 0.07339 0.01835 0.01835 0.02752 0.00917 0.02752 0.20183
Micavibrio_aeruginosavorus_ARL-13 0.09174 0.03670 0.02752 0.00917 0.00000 0.01835 0.00917 0.06422 0.00917 0.10092 0.19266 0.00917 0.07339 0.09174 0.01835 0.02752 0.02752 0.00000 0.02752 0.16514
Neorickettsia_sennetsu_Miyayama 0.05000 0.05000 0.05000 0.05000 0.05000 0.05000 0.05000 0.05000 0.05000 0.05000 0.05000 0.05000 0.05000 0.05000 0.05000 0.05000 0.05000 0.05000 0.05000 0.05000
Oceanibaculum_indicum_P24      0.09091 0.03636 0.02727 0.00909 0.00000 0.01818 0.00909 0.06364 0.00909 0.12727 0.17273 0.00909 0.05455 0.07273 0.01818 0.04545 0.02727 0.00000 0.03636 0.17273
Oceanicaulis_HTCC2633          0.11927 0.03670 0.01835 0.01835 0.00000 0.01835 0.00917 0.06422 0.00000 0.08257 0.19266 0.01835 0.05505 0.07339 0.01835 0.02752 0.03670 0.00000 0.02752 0.18349
Orientia_tsutsugamushi_Boryong 0.07407 0.02778 0.02778 0.00926 0.00926 0.01852 0.00926 0.06481 0.00926 0.19444 0.17593 0.01852 0.02778 0.09259 0.01852 0.04630 0.01852 0.00926 0.04630 0.10185
Parvibaculum_lavamentivorans_DS-1 0.10909 0.02727 0.02727 0.01818 0.00000 0.01818 0.00909 0.07273 0.00909 0.10909 0.19091 0.01818 0.03636 0.09091 0.01818 0.00909 0.02727 0.00000 0.02727 0.18182
Parvularcula_bermudensis_HTCC2503 0.10000 0.02727 0.02727 0.00909 0.00909 0.01818 0.00909 0.07273 0.00909 0.09091 0.16364 0.00909 0.06364 0.08182 0.01818 0.01818 0.02727 0.00909 0.03636 0.20000
Pelagibacter_sp_HIMB058        0.05455 0.02727 0.02727 0.00000 0.00000 0.01818 0.00909 0.07273 0.00909 0.15455 0.12727 0.01818 0.07273 0.09091 0.00909 0.06364 0.04545 0.00000 0.03636 0.16364
Rhodopseudomonas_palustris_TIE-1 0.10909 0.02727 0.02727 0.00909 0.00000 0.01818 0.00909 0.06364 0.00909 0.09091 0.18182 0.01818 0.08182 0.09091 0.01818 0.02727 0.01818 0.00000 0.03636 0.16364
Rhodovibrio_salinarum_DSM_9154 0.07273 0.03636 0.03636 0.00000 0.00000 0.01818 0.00909 0.07273 0.00909 0.05455 0.21818 0.00000 0.06364 0.08182 0.01818 0.04545 0.03636 0.00000 0.02727 0.20000
Rubritepida_flocculans_DSM_14296 0.11009 0.03670 0.02752 0.00917 0.00000 0.01835 0.00917 0.06422 0.01835 0.11009 0.19266 0.00917 0.03670 0.07339 0.01835 0.02752 0.03670 0.00917 0.01835 0.17431
Wolbachia_endosymbiont_of_Culex_quinquefasciatus_Pel 0.10092 0.00917 0.03670 0.00917 0.00917 0.02752 0.00917 0.06422 0.00917 0.12844 0.15596 0.02752 0.05505 0.11009 0.00917 0.01835 0.02752 0.00000 0.02752 0.16514
Wolbachia_endosymbiont_of_Onchocerca_ochengi 0.09091 0.01818 0.03636 0.00909 0.00000 0.02727 0.00909 0.05455 0.00909 0.16364 0.18182 0.02727 0.02727 0.10909 0.00909 0.02727 0.03636 0.00000 0.02727 0.13636
Acanthamoeba_castellanii       0.03738 0.01869 0.04673 0.00000 0.02804 0.01869 0.00935 0.04673 0.00935 0.20561 0.17757 0.01869 0.02804 0.08411 0.01869 0.05607 0.03738 0.00000 0.02804 0.13084
Branchiostoma_floridae         0.05000 0.05000 0.05000 0.05000 0.05000 0.05000 0.05000 0.05000 0.05000 0.05000 0.05000 0.05000 0.05000 0.05000 0.05000 0.05000 0.05000 0.05000 0.05000 0.05000
Spizellomyces_punctatus        0.06000 0.01000 0.01000 0.02000 0.00000 0.01000 0.00000 0.04000 0.01000 0.18000 0.19000 0.02000 0.07000 0.08000 0.02000 0.05000 0.05000 0.01000 0.06000 0.11000
Candida_albicans               0.08602 0.00000 0.02151 0.00000 0.00000 0.01075 0.01075 0.07527 0.00000 0.18280 0.22581 0.00000 0.03226 0.04301 0.02151 0.08602 0.03226 0.00000 0.06452 0.10753
Ustilago_maydis                0.04808 0.00000 0.02885 0.00962 0.00000 0.01923 0.00000 0.07692 0.00000 0.12500 0.25000 0.01923 0.02885 0.04808 0.03846 0.08654 0.02885 0.00000 0.03846 0.15385
Amphimedon_queenslandica       0.07843 0.02941 0.00000 0.02941 0.00000 0.02941 0.00000 0.08824 0.00000 0.15686 0.08824 0.00000 0.07843 0.07843 0.02941 0.04902 0.01961 0.00980 0.05882 0.17647
Pleurotus_ostreatus            0.10101 0.00000 0.03030 0.00000 0.00000 0.02020 0.00000 0.05051 0.00000 0.25253 0.16162 0.02020 0.03030 0.07071 0.02020 0.08081 0.03030 0.00000 0.04040 0.09091
Gallus_gallus                  0.05000 0.05000 0.05000 0.05000 0.05000 0.05000 0.05000 0.05000 0.05000 0.05000 0.05000 0.05000 0.05000 0.05000 0.05000 0.05000 0.05000 0.05000 0.05000 0.05000
Homo_sapiens                   0.05000 0.05000 0.05000 0.05000 0.05000 0.05000 0.05000 0.05000 0.05000 0.05000 0.05000 0.05000 0.05000 0.05000 0.05000 0.05000 0.05000 0.05000 0.05000 0.05000
Porphyra_umbilicalis           0.08571 0.01905 0.03810 0.00000 0.00952 0.01905 0.00952 0.04762 0.00000 0.12381 0.20952 0.01905 0.03810 0.12381 0.00000 0.05714 0.01905 0.00000 0.03810 0.14286
Jakoba_libera                  0.08333 0.02778 0.02778 0.00000 0.00000 0.01852 0.01852 0.03704 0.00926 0.11111 0.20370 0.00926 0.06481 0.10185 0.01852 0.04630 0.05556 0.00000 0.03704 0.12963
Seculamonas_ecuadoriensis      0.05556 0.03704 0.03704 0.00000 0.00000 0.01852 0.01852 0.04630 0.00926 0.14815 0.20370 0.00000 0.06481 0.09259 0.01852 0.06481 0.02778 0.00000 0.03704 0.12037
Andalucia_godoyi               0.06481 0.03704 0.04630 0.00000 0.00000 0.01852 0.00926 0.04630 0.00926 0.12037 0.16667 0.00926 0.07407 0.11111 0.01852 0.04630 0.02778 0.00000 0.03704 0.15741
Cyanidioschyzon_merolae        0.08411 0.02804 0.04673 0.00000 0.00000 0.01869 0.01869 0.03738 0.00000 0.20561 0.20561 0.01869 0.02804 0.09346 0.00000 0.04673 0.03738 0.00000 0.02804 0.10280
Chondrus_crispus               0.04717 0.01887 0.03774 0.00000 0.00943 0.01887 0.00943 0.05660 0.00943 0.14151 0.20755 0.01887 0.04717 0.11321 0.01887 0.04717 0.04717 0.00943 0.01887 0.12264
Phytophthora_infestans         0.06422 0.00917 0.02752 0.00917 0.00000 0.01835 0.01835 0.03670 0.00000 0.20183 0.16514 0.01835 0.04587 0.11009 0.00917 0.06422 0.07339 0.00000 0.03670 0.09174
Reclinomonas_americana         0.06481 0.03704 0.02778 0.00000 0.00000 0.01852 0.01852 0.04630 0.00926 0.16667 0.16667 0.00000 0.06481 0.10185 0.01852 0.07407 0.02778 0.00000 0.02778 0.12963
Malawimonas_jakobiformis       0.05660 0.00943 0.05660 0.00000 0.00943 0.01887 0.01887 0.04717 0.00943 0.23585 0.15094 0.00943 0.03774 0.07547 0.02830 0.06604 0.05660 0.00000 0.03774 0.07547
Arabidopsis_thaliana           0.06542 0.01869 0.01869 0.01869 0.00000 0.00935 0.00000 0.04673 0.02804 0.14019 0.16822 0.01869 0.04673 0.10280 0.05607 0.06542 0.03738 0.00000 0.02804 0.13084
Physcomitrella_patens          0.05607 0.00935 0.03738 0.00935 0.00000 0.01869 0.00000 0.04673 0.00935 0.14953 0.18692 0.01869 0.03738 0.12150 0.01869 0.06542 0.03738 0.00000 0.02804 0.14953
Ostreococcus_tauri             0.07477 0.02804 0.02804 0.01869 0.00000 0.01869 0.00000 0.03738 0.00935 0.12150 0.21495 0.00935 0.03738 0.13084 0.02804 0.04673 0.02804 0.00000 0.03738 0.13084
Oryza_sativa                   0.06542 0.01869 0.02804 0.01869 0.00000 0.01869 0.00000 0.04673 0.00935 0.14953 0.19626 0.00935 0.04673 0.11215 0.01869 0.04673 0.04673 0.00000 0.03738 0.13084
Cyanophora_paradoxa            0.07619 0.00952 0.03810 0.00000 0.00000 0.02857 0.00952 0.03810 0.00000 0.17143 0.19048 0.02857 0.03810 0.09524 0.00000 0.08571 0.04762 0.00000 0.05714 0.08571
Bartonella_quintana_RM-11      0.10909 0.03636 0.02727 0.00909 0.00000 0.01818 0.00909 0.07273 0.00909 0.13636 0.18182 0.00909 0.03636 0.10000 0.01818 0.01818 0.03636 0.00000 0.02727 0.14545
Candidatus_Arcanobacter_lacustris 0.08257 0.01835 0.02752 0.00917 0.00000 0.01835 0.00917 0.06422 0.01835 0.11927 0.15596 0.02752 0.06422 0.10092 0.01835 0.04587 0.03670 0.00000 0.02752 0.15596
Candidatus_Finniella_lucida    0.09174 0.01835 0.03670 0.00000 0.00917 0.02752 0.00917 0.07339 0.00917 0.09174 0.22936 0.00917 0.05505 0.09174 0.00000 0.04587 0.02752 0.00000 0.03670 0.13761
Candidatus_Jidaibacter_acanthamoeba 0.07477 0.03738 0.02804 0.00935 0.00000 0.01869 0.01869 0.05607 0.00935 0.13084 0.14953 0.00935 0.05607 0.08411 0.02804 0.02804 0.02804 0.00000 0.03738 0.19626
Candidatus_Midichloria_mitochondrii_IricVA 0.09346 0.02804 0.02804 0.00935 0.00000 0.01869 0.00935 0.06542 0.00935 0.13084 0.18692 0.01869 0.04673 0.07477 0.02804 0.02804 0.02804 0.00000 0.03738 0.15888
Rhodospirillum_rubrum_ATCC_11170 0.10000 0.02727 0.03636 0.00909 0.00000 0.01818 0.00909 0.06364 0.00909 0.06364 0.17273 0.00909 0.09091 0.06364 0.01818 0.03636 0.02727 0.00909 0.02727 0.20909
Rickettsia_typhi_Wilmington    0.06481 0.00926 0.02778 0.00926 0.00926 0.01852 0.00926 0.04630 0.00926 0.16667 0.15741 0.01852 0.06481 0.10185 0.00000 0.07407 0.04630 0.00926 0.03704 0.12037
Dictyostelium_discoideum       0.04854 0.03883 0.03883 0.00971 0.03883 0.01942 0.02913 0.05825 0.00000 0.23301 0.15534 0.00000 0.05825 0.03883 0.00971 0.01942 0.03883 0.00000 0.05825 0.10680

Homogeneity statistic: X2 = 15.92891 G = 15.32781 

Average                        0.08330 0.02633 0.02978 0.00809 0.00275 0.01979 0.00947 0.05904 0.00861 0.13442 0.18176 0.01256 0.05077 0.08950 0.01773 0.04578 0.03546 0.00189 0.03391 0.14905
(Ambiguity characters are used to calculate freqs.)


# constant sites:      0 (0.00%)

TREE #  1:  ((((((((55, 52), 53), 54), ((48, 43), 47)), 56), 49), ((((44, 50), 45), 46), 51)), (((((42, 41), 35), 39), ((37, (38, 40)), 36)), (64, 34)), ((((((4, 16), (32, 33)), 22), (60, 61)), ((58, 18), (25, 63))), ((((((5, (24, 27)), 20), ((57, (19, 29)), 26)), (14, (28, 3))), (15, 2)), ((((((6, (7, 9)), 8), 10), (59, ((11, 12), 13))), 21), ((62, 30), (23, ((17, 31), 1)))))));   MP score: -1
check convergence..
lnL(ntime:125  np:126):  -5442.659098      +0.000000
  65..66   66..67   67..68   68..69   69..70   70..71   71..72   72..55   72..52   71..53   70..54   69..73   73..74   74..48   74..43   73..47   68..56   67..49   66..75   75..76   76..77   77..78   78..44   78..50   77..45   76..46   75..51   65..79   79..80   80..81   81..82   82..83   83..42   83..41   82..35   81..39   80..84   84..85   85..37   85..86   86..38   86..40   84..36   79..87   87..64   87..34   65..88   88..89   89..90   90..91   91..92   92..93   93..4    93..16   92..94   94..32   94..33   91..22   90..95   95..60   95..61   89..96   96..97   97..58   97..18   96..98   98..25   98..63   88..99   99..100 100..101 101..102 102..103 103..104 104..5   104..105 105..24  105..27  103..20  102..106 106..107 107..57  107..108 108..19  108..29  106..26  101..109 109..14  109..110 110..28  110..3   100..111 111..15  111..2    99..112 112..113 113..114 114..115 115..116 116..117 117..6   117..118 118..7   118..9   116..8   115..10  114..119 119..59  119..120 120..121 121..11  121..12  120..13  113..21  112..122 122..123 123..62  123..30  122..124 124..23  124..125 125..126 126..17  126..31  125..1  
 0.000004 0.003616 0.024810 0.000004 0.073289 0.112139 0.088794 0.043994 0.083185 0.000004 0.154043 0.035515 0.128491 0.131139 0.186034 0.341731 0.437858 0.459987 0.023007 0.034712 0.077122 0.000004 0.206754 0.068992 0.062967 0.166059 0.306339 0.040648 0.089661 0.338039 0.046705 0.064681 0.057821 0.087853 0.039707 0.336022 0.071653 0.000004 0.916889 0.327314 0.253226 0.302970 0.673810 0.138230 0.721348 0.214670 0.139194 0.064039 0.035649 0.036252 0.073444 0.077540 0.098582 0.152861 0.118141 0.043447 0.085586 0.051862 0.081845 0.143454 0.190600 0.000004 0.033779 0.261017 0.180018 0.130703 0.221290 0.180695 0.046491 0.010497 0.000004 0.032120 0.044971 0.007048 0.084525 0.021460 0.160981 0.204690 0.214369 0.000004 0.034660 0.169285 0.000125 0.198035 0.213963 0.117543 0.192799 0.126279 0.041865 0.020600 0.042082 0.101585 0.130828 0.137307 0.016700 0.062295 0.004226 0.102949 0.087639 0.082785 0.094136 0.016182 0.040730 0.084401 0.041181 0.033030 0.000024 0.456599 0.055605 0.117803 0.094381 0.018306 0.109753 0.114350 0.024248 0.000004 0.248538 0.119687 0.012390 0.081497 0.062906 0.041104 0.055558 0.137837 0.192874 1.252419
