
Printing out site pattern counts


        64        145  P

Acidiphilium_angustum_ATCC_35903  AAAAAAAACC DDEEEEFFFF FFFFFGGGGG GHHHHHHIII IIIIIIIIII IIIIKKKLLL LLLLLLLLLL LMMMMMMNNN PPPPPPPPQQ QQQQQQQQQS SSSSSSSSST TTTTTVVVVV VVVVVVVVVV VVWWWWWWYY YYYYY
alpha_proteobacterium_AAP81b    AAAQRVVVCC DDEGQSAAAF FLVYYDGGGK WEGHHNNAII ILLLTTVVVV VVVVKNRAFF FIIILLLLMV VILMMMSFNS KMPPPPPSAA EEEKLQQRTA RSSSSSTVYD TTTTTAEFII KLVVVVVVVV VVDNVWWWDF IYYYY
alphaproteobacterium_sp_HIMB5   AASEKIVVCC DDEQQQAAYW YFVFFDGGGN GE-HHNNIII LLLVIVAILT VVVVKRRLFF FILVLLLLML VLIFIMHFNS PMEPPPPSKM DEEKLQQRTA SASSSSSADD ITTTVAKICI KLILVVVVVV VVGNLWWWDY IYYYY
Anaplasma_phagocytophilum_HZ    AA-EEIAVCC DDEQQEATRW FFLFYEGGGD GE-HHHVIIL LILKTVVGVV ILVVKREILL VIIMLLLVLL VFLSMMHFNS EMEPPPSTKM EEVKLQQRAS KSANRSTAQD ITTVVAEILV LVVLFIVVVV VVGNFWWWDY LYYYY
Asticcacaulis_excentricus_CB_48  AAAKKIVVCC DDESQVAA-F FLVVYEGGGK GSGHHNNAII LLLLVIAVLI VIIIKFHLFF FIILLLLLLI VVLFIMHYNS PLPPPPFSKK REDKLQQRTG RSASASAAYE TTTVTAREVV QLIVFIILVV VVGNLWWYDY LYYYY
Caedibacter_37-49               AT-QKIAICC DDEQQQAAYW YLIFFEGGGG GE-HHHNIII VLLILVILMS ILIIKRQLFL FILVGLLLLL VMLLIMHFHS PMPPPPPSTA DEEKLQQRTS KSASSSTADD TTTTTVKIVL RLVLFVVIVV VVNRMWWWDY LYYYY
Caedibacter_38-128              AT-QKIAICC DDEQQQAAYW YLIFFEGGGG GE-HHHNIII VLLIVVILMT ILIIKRQLAL FILIILLLLL VMLLIMHFNS PMPPPPPSTA DEEKLQQRTS KSASSSTADD TTTSPVRIVL RLVLFVVIVV VVNRIWWWDY LYYYY
Caedibacter_varicaedens         ASAEKIAVCC DDEGQMAAYF YFLFFDGGGG GE-HHNHIII VLIIMVIGVI ILIIKRELLL LIIVLLLILL VLLLIMHFNS PMPPPPPSAA DEEKLQQRTA RSASSSSADD TTTTTIKVVL RLILFIIIVV VVGRKWWWDH LYYYY
Candidatus_Caedibacter_acanthamoebae  ---------- ---------- ---------- ---------- ---------- ---------- ---------- ---------- ---------- ---------- ---------- ---------- ---------- ---------- -----
Candidatus_Nucleicultrix_amoebiphila_FS5  ASAEKFAACC DDEQQQAAYW FLIFFDGGGG GE-HHNNIII VMLIVVVAIT VLVVKRELFL FILLILLLLL VMLLIMHFNS PMPPPPPDTM DEEKLQQKIS SSSSSSSADD ITTTTVKVVV RLILFIIIVV VVNRMWWWDY LYYYY
Candidatus_Odyssella_thessalonicensis_L13  AA-EKLVVCC DNEEQQAGFF FFLFFDGGGG GE-HHNNIII ILLIVTVVVT IIVVKREIFF LILILLLLLV VILMIMHFNS AMPPPPPSKM DEEKLQQRTS KSSSSSTADD ITTTTAKILV RLVLVIVIVV VVGNIWWWDY LLYYY
Candidatus_Paracaedibacter_acanthamoebae_isolate_PRA3  AA-ERLVVCC DNEEQQAGFF FFLFFDGGGG GE-HHNNLII VLLILTVVVT VIVVKRELFF LVIVLLLLLV VLLMIMHFNS PMPPPPPSKM DEEKLQQRTS KSSSSSTADD TATTTVKIMI RLVLVIVIVV VVGNIWWWDY LFYYY
Candidatus_Paracaedibacter_symbiosus  AA-QKLVACC DDEQQQAGFF YFVFFEGGGG GE-HHNNIII VMLIVVIVVT VLVVKRELFL LILILLLLLL VLLMIMHFHS PMPPPPPSKM DEEKLQQRTS SSSSSSSASD ITTTTAKVLV RLILIVVIVV VVGNIWWWDY LYYYY
Candidatus_Pelagibacter_IMCC9063  AAAQKIVVCC DDEQQQAAYW YYVFFDGGGG GE-HHRNLII LLLIIAAVLI VIVVKRNLFF FILVLLLLIV VILMIMHFNS PMPPPPPSKM DEEKLQQRTA SAASSATVDE ITTTTAEIVI KLIVIVVVTV VVGNLWWWDY IYFYY
Citromicrobium_JLT1363          QAADEVAVCC DDESQLAAAF WFIVYDGGGG WEGHHNGAII ILLLTVIIVI LIIIKAQLFL IIIMILLLLV VILMIMNYNS RMDPPPPPVG EETKQQQRRG RSSSSSTYYI TFTTTAEFVI RLIIVVVFVV VVTNMWWWDY LYYYY
Ehrlichia_canis_Jake            -A-ETIAICC DDEQQDATRW FFLFFDGGGN GE-HHNIIIL LILKVVIGVV ILIVKRELVL VIIVIILVTI VMLSMMHFNS VMEPPPSETM SESKFQQRAS KSANTSTAQD ITTTTAVFLL LVVLIIVVVV VVGNMWWWDY LYYYY
Elioraea_tepidiphila_DSM_17972  ANAARIAACC DDEGQKFAYF FLVFFDAGGG GEGHHNNVII ALIIVVAVVV VLVIKREVFL FIIMLLLLLL LLLLIMHFNN PMPPPPPPKK AQEQLQQRTS DSASSSSADE TTTTTVRLCV RIIVVVVVVV VVGMMWWWYY TYYAY
endosymbiont_of_Stachyamoeba    ATYEKIAVCC DDEQQQAAYW YFIFFDGGGG GE-HHNNFII LLLILVILVI IIVVKRHLLL LVIVLLLLLF VMIFIMHFNS PMPPPPPSKM DQSKLQQRTS KSASASSADD ITTTVVQFCL KLIAVVIIVV VVYNMWWWDY TYYYY
Hyphomicrobium_denitrificans_ATCC_51888  AAAPKVVVCC DDEEQKTAFW YLMIFDGGGH GAGHHQNIII ALLVVVAVIT VLVVKRDLFF FVIILLLLMM VVLLIMFANS PMPPPPPDKM DVEKRAQRVS KSSSSSSAYT VTTTTARVMI TVIIIVAVVV VVGSLWWWQT TYFFH
Ketogulonicigenium_vulgare_WSH-001  AA-EMVVSCC DDEGQDTGFW YFLLFNGGGE GLGHHTNIII VLLLVIVVII ILVVNYRLFF LIIMVLLLLL VIVLIMDYNS PMEPPPFTRA DETKLSQRIG KSASSGTAQD ETTVTVKIII LLIIAIVVTI VVNGIWWWDF VYYYY
Micavibrio_aeruginosavorus_ARL-13  AAAEKVAVCC DDE-QQAAYF FMVLFDGGGG GEAHHNNIII ILLLVVIIMV ILIVKRTIFF FIIVILLLLI VMLFIMHFNS PMPPPPPSTA EEEKLQLRTA KSNSSATVDT TTTTVVHVML QLILVIVITV VVGNLWWWDY IYYYY
Neorickettsia_sennetsu_Miyayama  LA-EKIAVCC DDEQQEASKW FFIFFDGGGG GE-HHNNIII ILL-ITIVVT VLVIKRDLGL LIILLLLVLV VMVFMMHFNS PLPPPPPSTM DENKLQQRTS KSSSSSSAED ITTTTVTIVV RMIVFIVIVL VVGNLWWWDY LYYYY
Oceanibaculum_indicum_P24       ATAAKIAACC DDEQQQLAYW FMVFFDGGGG GE-HHNNLVI LLIIVVIVVT IIVIKRELFI FIMLILLLLV VMLLIMHYNN PMPPPPPSKK DQAQLQQRTG SSASSSSVDD TATTTVEFII RLIVVVVVVV VVGNLWWWYY IYYYY
Oceanicaulis_HTCC2633           AAVEEIVTCC DDEHQAAAYW FLVYYDGGGA GEGHHLNIII ILLLVVVVMI VVVIKREVVF FIIVLLLLLV VFLFIMHFNS PMPPPPPPAK DETKNQQRTA KNASKATVDV TTTTTAHFMI RVIGVVVITV VVGNLWWWDY LYYNY
Orientia_tsutsugamushi_Boryong  AA-EKIVECC DDEQQDAAYF FFFFFDGGGG GE-AHNHIII ILLLIIVVVV ILIVKRSLIF FLILLLLLLI VMILLMHFNS PIEPPPPSTM EEQKLQQRTA KSASMSTVEN VTTNYVEICI RVVLVAVTVI AVYNMWWWDY IYYYY
Parvibaculum_lavamentivorans_DS-1  GAAEKLVVCC DDEGQQAAYF FLVIFDGGGG GEAHHENIII ALLVVVAVVM VLVVKRHAFF FIIMMLFLLS VMLLIMHFNS PMPPPPPTTM -EERLQPRTA RAQSTSTVVI VTTTTALIMV RLIVIVVVAV VVGNLWWWDY LYYYY
Parvularcula_bermudensis_HTCC2503  EAAPNVVACC TDEVQNAAYW FLIFYDGGGS GE-HHNNIII VLMATVTVMT IVVIKYE-FF FIIVLLLLLV VVLFMMHFNS PMPPPPFSEA SEVKRQRRTG KSASNATADD IVTTTARFVI RIIVLVVITV VVANIWWWDY YYYGY
Pelagibacter_sp_HIMB058         AASEKIVVCC DDEQQQAAYW YFVFFDGGGN GE-HHNNIIM LLLIIVAILT VVVVKRTLFF FILVLLLLML VLIFIMHFNS PMQPPPPTKM EEEKLQQRTA SASSSSSADE VTTTVAKICI KLILVVIVVV VVGNLWWWDY IYYYY
Rhodopseudomonas_palustris_TIE-1  AAAQKVVVCC DDEEQ-AAFW YLIFFDGGG- GEGHHNNIIV ALLLTVAVIR VIVIKRQ-FF FIIMLLLLL- VLLFIMHFNS PMPPPPPNKM EETKLQQRAA KSSSSSSALT TTTTTARIVV RLIIVVVVVV VVTNVWWWDY LYYNY
Rhodovibrio_salinarum_DSM_9154  AAAEEVAVCC NDEQQEAAYF FLIFFDGGGG GEGHHQNIII ILLVITIVMI VIIVKREILM FILVILLLMV VMLFCMHSNS AMPPPPPSTM DEEKQQQQTS KSSSSATADD TTTTTAKIGI RLIAIVVVTL VVGNLWWWDY LYYYY
Rubritepida_flocculans_DSM_14296  ATAERIAVCC DDEGQQFAYF FLVFYDGGGG GEGHHENIII AIIVTVAIVT VLIITRDLFL FIILLLLLLV VFLFIMNFNN PPPPPPPPAK DQRQNQQRTG ASSSSSGGDD TQTTTVRFLV RVIVVIVVVI VVGLMWWWYY TLYYY
Wolbachia_endosymbiont_of_Culex_quinquefasciatus_Pel  AA-EKIAICC DDEQQDGAKW FFLFFEGGGR GE-HHNVVIL IILKVVVGII IVVIKKELFF AIIVILFVLI VILSMMHFNY KIEPPPKSTM DEKKLQPRAA GSANSSTAED ITFTIVEIVL RVIVFIIIVL VVGNFWWWDY LYYYY
Wolbachia_endosymbiont_of_Onchocerca_ochengi  AA-EKIAICC DDEQQDGAKW FFLFFEGGGE GE-HHNIVIL IVLKVVIGVV ILVIKREFFF AIIVILFVLI VMLSMMHFNY TIEPPPKSTM DEQKLQPRAA SSANSSTAED ITFTIVKIIL RVIVFIVVVL VVGNFWWWDY LYYYY
Acanthamoeba_castellanii        ---------- ---------- ---------- ---------- ---------- ---------- ---------- ---------- ---------- ---------- ---------- ---------- ---------- ---------- -----
Branchiostoma_floridae          -A-ERIAVCC DDEQQDTAYW FLVF-DGGGG GQ-DHN-MIV VLILVLCVVT VIIVKRELLL LIIVISLLMC VLLFLMHFGS -MPAPPPPTM DEEKLQMRLA -SSSRSSADD VTTTHSEIII RVIVLTVLVL VIGNLWWWDY LYFYY
Spizellomyces_punctatus         AA--RTLICC DDEAQDAGYF -FLF-DGGSG AS-HHNNIFI LLLVISIWLT ILPIKRYLVL LIILVFLLL- YLLLLYHFGS TMDAPPP-TM DEEKTQQRTS -SSSASSADD MSTSNVKIMV RIIILLVIVL VVGNTWW-DY LYFFY
Candida_albicans                -AVERFCVCC DDEGQATAYF FLFFYDGGGG GQ-HHT-III ILLIVIILIV IILTKRELLL FIIIVILLLL VMLLLMYMGS -VPPPPPSTA MEEKLQQRVA NSSSKSTADE ITTTQVEIII RIIIFIVMTV VVRNIWWWDY LYYYY
Ustilago_maydis                 -A-ERTAICC DDEQQQAAYF YFFFFDGGGG GQ-HHNSIII ILIVVVIIVV IIIVKRELGL FVIMLVLLLI VMLLLMHFGS QMPPPPPTTQ DEEKLQQRTG NDSSKSSADD ATTTTVEIIV RIIIFLVLVV VVGNVWWWDY LYFYA
Amphimedon_queenslandica        GA-ERIGICC DDEQQDAAYF YLVF-DGGGG AQ-DHN-III ILIIVAIMVV VIIVKRELFL LVLLGLLLII VLLFLMHFAS -MYPPPPATM DEEKLQQRTG -SSSMSCGDD VTTTPAEVLI RIILLIVVVV VVGNLWWWDY LYYYY
Pleurotus_ostreatus             -A-PRTAVCC DDEQQQAAYY FFLFYDGGGG GQ-HHNNIII VLILVIVIVT IVIVKRTLSL FIILLALLLI VLLLLMHFGS PMPPPPPSCF DEEKLQQRVG NSSSKSAADD VTTTTAEYII RIIIFLILVV VVGNLWW-DY LLFYY
Gallus_gallus                   -A-KRLSMCC DDEQQHAAYW FFVF-DGGGG GQ-DHH-LIL ILITIMTVVV IVVIKRELLL LVLIILLLLS TLIFAMHYAS -MPAPPPPSM DEEKLQQRTA -SASSSSSDD ITTTQAELLL RAIILLVVVI VVGNLWWWDY LYFYY
Homo_sapiens                    -A-KRLLICC DDEQQDAAYW FLMF-DGGGG GQ-DHN-LII VLILITAVVV IMLIKRELLL LILVIALLLP ILIFIMHFAS -MPAPPPPAM FEEKLQQRTS -STSTSSTDN ITTTQSELLI RAIILTVLVL VVGNVWWGDY LYYYY
Porphyra_umbilicalis            -A-PRTAVCC DDEQQQAAYW YFLFYDGGGG GQ-HHNNIII ILIIITVLVI VIVVKRELFL FTLMIILLLV VILLIMHFGS KMPAPPPSTM DEEKLQQRSA SSSSSSTADE VTTTTTEILI RFIIVMVIVI VVGNLWWWDY LYFYY
Jakoba_libera                   AA-DRIAVCC DDEQQQAAYW YFVFFDGGGG GQ-HHNNIII ILIVVVILIV VIICKRELFL FILVVLLLLV VILLLMHFGS PMPPPPPPTM DEEKLQQRVS SSSTSSSADE VTTTTAELVI RLIIIIVIVV VVDNWWWWDY LYYYY
Seculamonas_ecuadoriensis       AA-DRTAACC DDEQQQAAYW YFVFFDGGGG GQ-HHNNIIV VLIIVTILVL ILVVKRELFL FIIVFLLLLV VILLLMHFGS PMPIPPPSTM DEEKLQQRAA ASSSSSTADD VTTTTAQLVI RLIVVIVVVV VVDNCWWWDY LYYYY
Andalucia_godoyi                AA-DRLAACC DDEQQQAAYW YFFFFDGGGG GQ-HHNNIII ILIVTTILVV VIICKRELML FVLVLMLLLV VLLLLMHFGS PMPPPPPSTM EEEKLQQRSS TSSSSSTADD ITTTTAQLLV RIIIIILVVV VVGNLWWWDY LYYYY
Cyanidioschyzon_merolae         -G-DRIAVCC DDEQQQAAYW YFVFFDGGGG GQ-HHNNIII ILLIVAIMVV VIVIKRELFL FIIIMILLLI VVLLFIHFGS KIPPPPPPTM DEEKLQQRIS RSSSISTADD VTTTTAEIIV RFIIVLIVVV VVGNTWWWDY LYYYY
Chondrus_crispus                -A-PRTAICC DDEQQQAAYW YFVYFDGGGG RQ-HHNNIII ILIIVTILVV IIVIKRELFF FILMFMLLLI TILLIMHFGS KMPAPPPSTM DEEKLQQRTA NSSSSSTADD LTTTTTEILI RLIVVMVSVI VVGNIWWWDY LYYYY
Phytophthora_infestans          LA-ERIATCC DDEQQQAAYW YFVFFDGGGG GQ-HHNNIIV ILIVIVILIV IIICKRELFL FILVLMLLLL VILFLMHFGS KMPAPPPSSM DEEKLQQRTA KSSSSSTADD ITTTAVELIL RLISVIVIVV VVGNLWWWDY LYFYY
Reclinomonas_americana          AA-KRAATCC DDEQQQAAYW YFVFFDGGGG GQ-HHNGIII VLILITLLVI LLICKRELFL FILIFILLLV VILLLMHFGS TMPAPPPPTM EEEKLQQRAS SSSSSSTAED ITTTTAELLL RLIIIIFVVL VVDNLWWWDY LYFYY
Malawimonas_jakobiformis        -A-DRTVVCR DDEQQQTAYW YFLIFDGGGG GQ-HHNSIII VLILTIILIV ILVIKRALTF FIIIIVLLII VMLLLMHFNS KMPAPPPSTF SEEKLQQRVS KSSSKSTADD ITTTTAELLI RVVIIIKVVV VVGNLWWWDY LYYYY
Arabidopsis_thaliana            -A-KRFAACC DDEQQQAAYW YSIFFDGGGG GQ-HHNNIII LLIIVAVMVV LIVVKRQLFS FIPVIILSLV VILLLTHFGS AMPAPSPPTM DEEKLQQRIS KSSSQSTADD ITTTTAELLI RIIIIIVVVV VVGNLRWRDY LYYYY
Physcomitrella_patens           -A--RF-ACC DDEQQQAAYW -FMFFDGGGG GQ-HHNNI-I ILLIIAIMVV LI-VKRQLFL FILVIMLLL- -ILLLMHFGS PMPAPRP-TM DEEKLQQRTS KSSSESTADD ITTTTA-LLI RIIIIIVVVV VVGNLWR-DY LYYYY
Ostreococcus_tauri              -A-DRTGVCC DDEQQQAAYW YFIFFDGGGG GQ-HHNNIII VLIIITLMVV ILVVKRQLFL FILVFMLLLV VLLLMMHFGS PMPPPPPQTA DEEKLQQRTA TSASSSSADD ITTTTVEILL RIVIVIVVVL VVGNFWWWDY LYFYY
Oryza_sativa                    -A-KRFAACC DDEQQQAAYW YSMFFDGGGG GL-HHNNIII ILIIVAVLVV LIVVKRQPFS FIPVVMLLLV VILLLTHFGS PTPAPPPTTM DEEKLQQRTP QSSSQSTADD ITTTTAELLI RIIIIIVVVV VVGNLRWWDY SYYYY
Cyanophora_paradoxa             -A-KRTAVCC DDEQQQAAYW YFAYYDGGGG GQ-HHNNIIV ALIVVTIMIV IIIIKRELFL FIIVLMLLLI VLLLLMHFGS PMPPPPPNSM DEEKLQQRIA SSSSSSTADD ITTTTVELLL RLIVIILVVL VVYNLWWWDY LYYYY
Bartonella_quintana_RM-11       ---------- ---------- ---------- ---------- ---------- ---------- ---------- ---------- ---------- ---------- ---------- ---------- ---------- ---------- -----
Candidatus_Arcanobacter_lacustris  ---------- ---------- ---------- ---------- ---------- ---------- ---------- ---------- ---------- ---------- ---------- ---------- ---------- ---------- -----
Candidatus_Finniella_lucida     ---------- ---------- ---------- ---------- ---------- ---------- ---------- ---------- ---------- ---------- ---------- ---------- ---------- ---------- -----
Candidatus_Jidaibacter_acanthamoeba  ---------- ---------- ---------- ---------- ---------- ---------- ---------- ---------- ---------- ---------- ---------- ---------- ---------- ---------- -----
Candidatus_Midichloria_mitochondrii_IricVA  ---------- ---------- ---------- ---------- ---------- ---------- ---------- ---------- ---------- ---------- ---------- ---------- ---------- ---------- -----
Rhodospirillum_rubrum_ATCC_11170  ---------- ---------- ---------- ---------- ---------- ---------- ---------- ---------- ---------- ---------- ---------- ---------- ---------- ---------- -----
Rickettsia_typhi_Wilmington     ---------- ---------- ---------- ---------- ---------- ---------- ---------- ---------- ---------- ---------- ---------- ---------- ---------- ---------- -----
Dictyostelium_discoideum        ---------- ---------- ---------- ---------- ---------- ---------- ---------- ---------- ---------- ---------- ---------- ---------- ---------- ---------- -----



    1    1    1    1    1    1    1    1    1    1    1    1    1    1    1
    1    1    1    1    1    1    1    1    1    1    1    1    3    1    1
    1    1    1    1    2    1    1    1    1    1    1    1    1    1    1
    1    1    1    1    1    1    1    1    1    1    1    1    1    1    1
    1    1    1    1    1    1    1    1    1    1    1    1    1    1    1
    1    1    1    1    1    1    1    1    1    4    1    1    1    1    1
    1    1    1    1    1    1    1    1    1    1    1    1    1    1    1
    1    1    1    1    1    1    1    1    1    1    1    1    1    1    1
    1    1    1    1    1    1    1    1    1    1    1    1    1    1    1
    2    1    1    1    1    1    1    1    1    1

AAML (in paml version 4.9i, September 2018)  tmp0002.txt
Model: Empirical,  (/home-user/sswang/software/phylo/paml4.9i/dat/lg.dat) dGamma (ncatG=5) ns =  64  ls = 152


Frequencies..
                                    A      R      N      D      C      Q      E      G      H      I      L      K      M      F      P      S      T      W      Y      V
Acidiphilium_angustum_ATCC_35903 0.05263 0.00000 0.01974 0.01316 0.01316 0.07237 0.02632 0.05263 0.04605 0.11184 0.09211 0.01974 0.03947 0.05921 0.07237 0.06579 0.03947 0.04605 0.04605 0.11184
alpha_proteobacterium_AAP81b   0.07895 0.02632 0.03289 0.03947 0.01316 0.02632 0.03947 0.04605 0.01974 0.06579 0.07237 0.03289 0.03289 0.05263 0.05263 0.05921 0.05921 0.03289 0.04605 0.17105
alphaproteobacterium_sp_HIMB5  0.05960 0.01987 0.03311 0.04636 0.01987 0.03311 0.03974 0.04636 0.02649 0.09272 0.10596 0.03974 0.02649 0.05298 0.05298 0.05960 0.03311 0.03311 0.04636 0.13245
Anaplasma_phagocytophilum_HZ   0.05333 0.02667 0.02000 0.03333 0.01333 0.03333 0.08000 0.05333 0.03333 0.07333 0.12000 0.03333 0.03333 0.04667 0.04000 0.04000 0.04000 0.03333 0.04000 0.15333
Asticcacaulis_excentricus_CB_48 0.07947 0.02649 0.02649 0.02649 0.01325 0.02649 0.03311 0.05960 0.03311 0.09934 0.13245 0.04636 0.00662 0.05960 0.05298 0.04636 0.03311 0.01987 0.05960 0.11921
Caedibacter_37-49              0.04667 0.02667 0.01333 0.04000 0.01333 0.04667 0.03333 0.05333 0.04000 0.10000 0.14000 0.03333 0.03333 0.04000 0.06000 0.05333 0.06000 0.03333 0.04667 0.08667
Caedibacter_38-128             0.05333 0.03333 0.02000 0.04000 0.01333 0.04667 0.03333 0.04667 0.03333 0.12000 0.13333 0.02667 0.02667 0.03333 0.06667 0.05333 0.05333 0.03333 0.04667 0.08667
Caedibacter_varicaedens        0.06623 0.03311 0.01325 0.04636 0.01325 0.01987 0.03974 0.06623 0.03974 0.13245 0.13245 0.03311 0.02649 0.03974 0.05960 0.05298 0.03974 0.02649 0.03974 0.07947
Candidatus_Caedibacter_acanthamoebae 0.05000 0.05000 0.05000 0.05000 0.05000 0.05000 0.05000 0.05000 0.05000 0.05000 0.05000 0.05000 0.05000 0.05000 0.05000 0.05000 0.05000 0.05000 0.05000 0.05000
Candidatus_Nucleicultrix_amoebiphila_FS5 0.05298 0.01987 0.02649 0.05298 0.01325 0.03311 0.03974 0.04636 0.02649 0.09934 0.11921 0.03311 0.03974 0.05298 0.05960 0.06623 0.03974 0.03311 0.03974 0.10596
Candidatus_Odyssella_thessalonicensis_L13 0.04000 0.02000 0.03333 0.04000 0.01333 0.02667 0.04667 0.06000 0.02667 0.11333 0.12000 0.04000 0.02667 0.06000 0.05333 0.05333 0.05333 0.02667 0.02667 0.12000
Candidatus_Paracaedibacter_acanthamoebae_isolate_PRA3 0.03333 0.02667 0.03333 0.04000 0.01333 0.02667 0.04667 0.06000 0.02667 0.07333 0.12667 0.03333 0.03333 0.06667 0.06000 0.05333 0.05333 0.02667 0.02667 0.14000
Candidatus_Paracaedibacter_symbiosus 0.04000 0.02000 0.02000 0.03333 0.01333 0.04000 0.04000 0.06000 0.03333 0.08667 0.13333 0.03333 0.03333 0.04667 0.06000 0.07333 0.04000 0.02667 0.04000 0.12667
Candidatus_Pelagibacter_IMCC9063 0.07947 0.01987 0.02649 0.03974 0.01325 0.03974 0.03974 0.05298 0.02649 0.11258 0.09934 0.03311 0.02649 0.04636 0.05960 0.03311 0.04636 0.03311 0.04636 0.12583
Citromicrobium_JLT1363         0.05921 0.03289 0.02632 0.03947 0.01316 0.03947 0.03947 0.06579 0.01974 0.13158 0.09211 0.01316 0.03289 0.03947 0.05263 0.04605 0.05263 0.03947 0.05921 0.10526
Ehrlichia_canis_Jake           0.04698 0.02013 0.03356 0.04027 0.01342 0.03356 0.04698 0.05369 0.02685 0.11409 0.09396 0.02685 0.04027 0.04698 0.04027 0.05369 0.06711 0.03356 0.03356 0.13423
Elioraea_tepidiphila_DSM_17972 0.08553 0.03289 0.03289 0.03289 0.01974 0.03289 0.03289 0.05921 0.02632 0.07237 0.10526 0.02632 0.03289 0.05263 0.06579 0.03947 0.04605 0.02632 0.03947 0.13816
endosymbiont_of_Stachyamoeba   0.05298 0.01325 0.02649 0.04636 0.01987 0.04636 0.01987 0.04636 0.03311 0.10596 0.11258 0.03974 0.03311 0.05298 0.05960 0.05298 0.03974 0.03311 0.05960 0.10596
Hyphomicrobium_denitrificans_ATCC_51888 0.07895 0.02632 0.01316 0.03947 0.01316 0.02632 0.01974 0.05263 0.03289 0.07895 0.07895 0.03947 0.04605 0.05263 0.06579 0.05921 0.06579 0.03289 0.01974 0.15789
Ketogulonicigenium_vulgare_WSH-001 0.03974 0.01987 0.03311 0.04636 0.01325 0.01987 0.03974 0.07947 0.01987 0.13245 0.11921 0.01987 0.02649 0.04636 0.04636 0.03974 0.05960 0.03311 0.04636 0.11921
Micavibrio_aeruginosavorus_ARL-13 0.06623 0.01325 0.03311 0.03311 0.01325 0.02649 0.03974 0.05298 0.03311 0.11921 0.10596 0.02649 0.03974 0.05298 0.05960 0.03311 0.06623 0.02649 0.03974 0.11921
Neorickettsia_sennetsu_Miyayama 0.02685 0.02013 0.03356 0.04698 0.01342 0.02685 0.04027 0.06040 0.02685 0.10738 0.11409 0.03356 0.03356 0.04698 0.06040 0.06711 0.06040 0.03356 0.03356 0.11409
Oceanibaculum_indicum_P24      0.05960 0.01987 0.03311 0.03974 0.01325 0.04636 0.02649 0.05960 0.02649 0.10596 0.09934 0.02649 0.03311 0.03974 0.05960 0.04636 0.04636 0.03311 0.05298 0.13245
Oceanicaulis_HTCC2633          0.07237 0.01974 0.03947 0.03947 0.01316 0.01974 0.03947 0.05921 0.03947 0.08553 0.08553 0.03289 0.02632 0.04605 0.06579 0.01316 0.06579 0.03289 0.04605 0.15789
Orientia_tsutsugamushi_Boryong 0.06000 0.02000 0.03333 0.03333 0.02000 0.03333 0.06000 0.04667 0.02667 0.12000 0.10667 0.02667 0.03333 0.06000 0.05333 0.04000 0.04000 0.02667 0.05333 0.10667
Parvibaculum_lavamentivorans_DS-1 0.07947 0.03311 0.01987 0.02649 0.01325 0.02649 0.03974 0.06623 0.03311 0.07285 0.09934 0.01325 0.05298 0.05298 0.06623 0.02649 0.05960 0.02649 0.03974 0.15232
Parvularcula_bermudensis_HTCC2503 0.08000 0.03333 0.04667 0.03333 0.01333 0.01333 0.04000 0.05333 0.02667 0.09333 0.06000 0.02000 0.03333 0.06000 0.06000 0.04000 0.06667 0.03333 0.05333 0.14000
Pelagibacter_sp_HIMB058        0.05960 0.01325 0.03311 0.03311 0.01987 0.03974 0.04636 0.04636 0.02649 0.09272 0.10596 0.03974 0.03311 0.05298 0.05298 0.05298 0.04636 0.03311 0.04636 0.12583
Rhodopseudomonas_palustris_TIE-1 0.07432 0.03378 0.04054 0.02703 0.01351 0.03378 0.03378 0.04730 0.02703 0.08108 0.10135 0.03378 0.02703 0.05405 0.06081 0.04730 0.06081 0.03378 0.03378 0.13514
Rhodovibrio_salinarum_DSM_9154 0.07237 0.01316 0.02632 0.03947 0.01974 0.04605 0.05263 0.06579 0.02632 0.11184 0.08553 0.02632 0.04605 0.03947 0.05263 0.05263 0.06579 0.02632 0.03947 0.09211
Rubritepida_flocculans_DSM_14296 0.05263 0.03947 0.03289 0.04605 0.01316 0.04605 0.02632 0.08553 0.01974 0.09868 0.09211 0.00658 0.01316 0.06579 0.07237 0.03289 0.06579 0.02632 0.04605 0.11842
Wolbachia_endosymbiont_of_Culex_quinquefasciatus_Pel 0.06000 0.02000 0.02667 0.04000 0.01333 0.02000 0.06000 0.06667 0.02667 0.14667 0.07333 0.06000 0.02000 0.07333 0.04667 0.03333 0.02667 0.03333 0.04000 0.11333
Wolbachia_endosymbiont_of_Onchocerca_ochengi 0.06000 0.02000 0.02667 0.04000 0.01333 0.02667 0.06000 0.06000 0.02667 0.12667 0.07333 0.04667 0.02667 0.08000 0.04667 0.04000 0.03333 0.03333 0.04000 0.12000
Acanthamoeba_castellanii       0.05000 0.05000 0.05000 0.05000 0.05000 0.05000 0.05000 0.05000 0.05000 0.05000 0.05000 0.05000 0.05000 0.05000 0.05000 0.05000 0.05000 0.05000 0.05000 0.05000
Branchiostoma_floridae         0.04138 0.03448 0.01379 0.06207 0.02759 0.02759 0.04138 0.06207 0.02759 0.08966 0.13793 0.01379 0.04138 0.03448 0.05517 0.05517 0.04828 0.03448 0.03448 0.11724
Spizellomyces_punctatus        0.05594 0.02797 0.02797 0.06294 0.01399 0.02098 0.02098 0.05594 0.02797 0.09790 0.15385 0.02098 0.02797 0.05594 0.04895 0.08392 0.05594 0.02797 0.04895 0.06294
Candida_albicans               0.04054 0.03378 0.01351 0.03378 0.02027 0.03378 0.04730 0.06081 0.02027 0.15541 0.11486 0.02027 0.03378 0.04730 0.05405 0.04054 0.06081 0.02703 0.05405 0.08784
Ustilago_maydis                0.04698 0.02685 0.02013 0.05369 0.01342 0.05369 0.04027 0.07383 0.02685 0.12081 0.09396 0.02013 0.02685 0.06040 0.05369 0.04027 0.05369 0.02685 0.03356 0.11409
Amphimedon_queenslandica       0.05479 0.02740 0.01370 0.06164 0.02055 0.03425 0.04110 0.08219 0.02055 0.11644 0.13014 0.01370 0.03425 0.03425 0.05479 0.03425 0.03425 0.02740 0.05479 0.10959
Pleurotus_ostreatus            0.05405 0.02703 0.02703 0.04730 0.02027 0.04054 0.02703 0.06757 0.02703 0.11486 0.13514 0.02027 0.01351 0.05405 0.06757 0.04730 0.04730 0.02027 0.04730 0.09459
Gallus_gallus                  0.06897 0.02759 0.00690 0.05517 0.01379 0.04138 0.03448 0.05517 0.03448 0.08966 0.15172 0.02069 0.03448 0.03448 0.05517 0.06897 0.04828 0.03448 0.04138 0.08276
Homo_sapiens                   0.06207 0.02759 0.02069 0.04828 0.01379 0.04138 0.03448 0.06207 0.02069 0.11034 0.15862 0.02069 0.03448 0.03448 0.06207 0.04828 0.06207 0.02759 0.04138 0.06897
Porphyra_umbilicalis           0.04698 0.02685 0.02013 0.04027 0.01342 0.04027 0.04027 0.06040 0.02685 0.12752 0.10067 0.02013 0.03356 0.04698 0.05369 0.06040 0.06711 0.03356 0.04698 0.09396
Jakoba_libera                  0.04667 0.02667 0.02000 0.05333 0.02000 0.04000 0.04000 0.05333 0.02667 0.12000 0.10667 0.01333 0.02000 0.04000 0.06667 0.05333 0.04000 0.04000 0.04667 0.12667
Seculamonas_ecuadoriensis      0.07333 0.02667 0.02000 0.06000 0.02000 0.04667 0.02667 0.05333 0.02667 0.08667 0.11333 0.01333 0.02000 0.04667 0.05333 0.04667 0.05333 0.03333 0.04667 0.13333
Andalucia_godoyi               0.05333 0.02667 0.02000 0.04667 0.02000 0.04667 0.03333 0.06000 0.02667 0.09333 0.13333 0.01333 0.03333 0.04000 0.06000 0.06000 0.06000 0.03333 0.04667 0.09333
Cyanidioschyzon_merolae        0.04027 0.03356 0.02013 0.05369 0.01342 0.04027 0.03356 0.06711 0.02685 0.15436 0.08054 0.02013 0.02013 0.05369 0.06040 0.04027 0.04698 0.03356 0.04698 0.11409
Chondrus_crispus               0.04698 0.03356 0.02685 0.04698 0.01342 0.04027 0.03356 0.05369 0.02685 0.13423 0.09396 0.02013 0.04027 0.04698 0.05369 0.05369 0.07383 0.03356 0.05369 0.07383
Phytophthora_infestans         0.05333 0.02667 0.02000 0.04667 0.02000 0.04000 0.04000 0.06000 0.02667 0.12000 0.12667 0.02667 0.02667 0.05333 0.04667 0.06000 0.04000 0.03333 0.04000 0.09333
Reclinomonas_americana         0.06667 0.02667 0.01333 0.04000 0.02000 0.04000 0.04667 0.06000 0.02667 0.10667 0.15333 0.02000 0.02000 0.06000 0.05333 0.05333 0.06000 0.03333 0.04000 0.06000
Malawimonas_jakobiformis       0.04027 0.03356 0.02013 0.04698 0.00671 0.04027 0.02685 0.05369 0.02685 0.14094 0.10738 0.04027 0.02013 0.04027 0.04698 0.06040 0.06711 0.03356 0.04698 0.10067
Arabidopsis_thaliana           0.06711 0.04698 0.02013 0.04698 0.01342 0.05369 0.02685 0.06040 0.02685 0.12752 0.09396 0.02685 0.02013 0.04027 0.05369 0.06711 0.04698 0.01342 0.04698 0.10067
Physcomitrella_patens          0.05755 0.04317 0.02158 0.05036 0.01439 0.05036 0.02878 0.06475 0.02878 0.12230 0.12230 0.02158 0.04317 0.05036 0.05036 0.04317 0.05036 0.02158 0.04317 0.07194
Ostreococcus_tauri             0.04698 0.02685 0.02013 0.05369 0.01342 0.05369 0.02685 0.06711 0.02685 0.09396 0.11409 0.01342 0.03356 0.06040 0.06040 0.04027 0.06040 0.03356 0.04027 0.11409
Oryza_sativa                   0.06040 0.04027 0.02013 0.04698 0.01342 0.05369 0.02685 0.06040 0.02685 0.10738 0.09396 0.02013 0.02013 0.04027 0.07383 0.05369 0.06711 0.02013 0.04698 0.10738
Cyanophora_paradoxa            0.05369 0.02685 0.02685 0.04698 0.01342 0.04027 0.03356 0.05369 0.02685 0.11409 0.13423 0.02013 0.03356 0.02685 0.06040 0.05369 0.04698 0.03356 0.06711 0.08725
Bartonella_quintana_RM-11      0.05000 0.05000 0.05000 0.05000 0.05000 0.05000 0.05000 0.05000 0.05000 0.05000 0.05000 0.05000 0.05000 0.05000 0.05000 0.05000 0.05000 0.05000 0.05000 0.05000
Candidatus_Arcanobacter_lacustris 0.05000 0.05000 0.05000 0.05000 0.05000 0.05000 0.05000 0.05000 0.05000 0.05000 0.05000 0.05000 0.05000 0.05000 0.05000 0.05000 0.05000 0.05000 0.05000 0.05000
Candidatus_Finniella_lucida    0.05000 0.05000 0.05000 0.05000 0.05000 0.05000 0.05000 0.05000 0.05000 0.05000 0.05000 0.05000 0.05000 0.05000 0.05000 0.05000 0.05000 0.05000 0.05000 0.05000
Candidatus_Jidaibacter_acanthamoeba 0.05000 0.05000 0.05000 0.05000 0.05000 0.05000 0.05000 0.05000 0.05000 0.05000 0.05000 0.05000 0.05000 0.05000 0.05000 0.05000 0.05000 0.05000 0.05000 0.05000
Candidatus_Midichloria_mitochondrii_IricVA 0.05000 0.05000 0.05000 0.05000 0.05000 0.05000 0.05000 0.05000 0.05000 0.05000 0.05000 0.05000 0.05000 0.05000 0.05000 0.05000 0.05000 0.05000 0.05000 0.05000
Rhodospirillum_rubrum_ATCC_11170 0.05000 0.05000 0.05000 0.05000 0.05000 0.05000 0.05000 0.05000 0.05000 0.05000 0.05000 0.05000 0.05000 0.05000 0.05000 0.05000 0.05000 0.05000 0.05000 0.05000
Rickettsia_typhi_Wilmington    0.05000 0.05000 0.05000 0.05000 0.05000 0.05000 0.05000 0.05000 0.05000 0.05000 0.05000 0.05000 0.05000 0.05000 0.05000 0.05000 0.05000 0.05000 0.05000 0.05000
Dictyostelium_discoideum       0.05000 0.05000 0.05000 0.05000 0.05000 0.05000 0.05000 0.05000 0.05000 0.05000 0.05000 0.05000 0.05000 0.05000 0.05000 0.05000 0.05000 0.05000 0.05000 0.05000

Homogeneity statistic: X2 = 5.09930 G = 5.15575 

Average                        0.05748 0.02626 0.02490 0.04286 0.01524 0.03691 0.03803 0.05884 0.02812 0.10777 0.11062 0.02663 0.03047 0.04955 0.05710 0.04980 0.05215 0.03072 0.04422 0.11235
(Ambiguity characters are used to calculate freqs.)


# constant sites:      0 (0.00%)

TREE #  1:  ((((((((55, 52), 53), 54), ((48, 43), 47)), 56), 49), ((((44, 50), 45), 46), 51)), (((((42, 41), 35), 39), ((37, (38, 40)), 36)), (64, 34)), ((((((4, 16), (32, 33)), 22), (60, 61)), ((58, 18), (25, 63))), ((((((5, (24, 27)), 20), ((57, (19, 29)), 26)), (14, (28, 3))), (15, 2)), ((((((6, (7, 9)), 8), 10), (59, ((11, 12), 13))), 21), ((62, 30), (23, ((17, 31), 1)))))));   MP score: -1
lnL(ntime:125  np:126):  -7463.320896      +0.000000
  65..66   66..67   67..68   68..69   69..70   70..71   71..72   72..55   72..52   71..53   70..54   69..73   73..74   74..48   74..43   73..47   68..56   67..49   66..75   75..76   76..77   77..78   78..44   78..50   77..45   76..46   75..51   65..79   79..80   80..81   81..82   82..83   83..42   83..41   82..35   81..39   80..84   84..85   85..37   85..86   86..38   86..40   84..36   79..87   87..64   87..34   65..88   88..89   89..90   90..91   91..92   92..93   93..4    93..16   92..94   94..32   94..33   91..22   90..95   95..60   95..61   89..96   96..97   97..58   97..18   96..98   98..25   98..63   88..99   99..100 100..101 101..102 102..103 103..104 104..5   104..105 105..24  105..27  103..20  102..106 106..107 107..57  107..108 108..19  108..29  106..26  101..109 109..14  109..110 110..28  110..3   100..111 111..15  111..2    99..112 112..113 113..114 114..115 115..116 116..117 117..6   117..118 118..7   118..9   116..8   115..10  114..119 119..59  119..120 120..121 121..11  121..12  120..13  113..21  112..122 122..123 123..62  123..30  122..124 124..23  124..125 125..126 126..17  126..31  125..1  
 0.043763 0.000004 0.000027 0.008439 0.006369 0.070374 0.052301 0.050579 0.053200 0.027243 0.141229 0.037230 0.061043 0.078741 0.088241 0.167956 0.156263 0.160924 0.016839 0.019616 0.035292 0.007901 0.085910 0.148891 0.104475 0.091108 0.246036 0.003621 0.003627 0.083141 0.109765 0.105171 0.160270 0.164736 0.156518 0.171592 0.047415 0.036373 0.247257 0.031005 0.095132 0.156162 0.447639 0.048422 0.069046 0.022085 0.090599 0.000004 0.047918 0.020914 0.158717 0.087970 0.148487 0.109733 0.127885 0.084975 0.019419 0.126514 0.067140 0.020593 0.061380 0.060272 0.064247 0.104260 0.115581 0.125176 0.172291 0.043964 0.020688 0.050729 0.016796 0.000004 0.070818 0.012017 0.309002 0.087637 0.206046 0.231963 0.481029 0.051991 0.022277 0.094523 0.029817 0.320299 0.104747 0.247963 0.082395 0.107570 0.096576 0.051049 0.001258 0.182673 0.302575 0.138081 0.000004 0.017640 0.027102 0.054328 0.035902 0.074718 0.025752 0.001345 0.036217 0.079165 0.175596 0.109943 0.003872 0.032221 0.088670 0.060683 0.039970 0.063992 0.098008 0.216740 0.000004 0.119107 0.056955 0.094735 0.136738 0.111889 0.054002 0.052427 0.112025 0.224102 0.514129 1.358363
SEs for parameters:
 0.078818 0.111097 0.039055 0.026063 0.036658 0.110370 0.034961 0.051360 0.042472 0.020394 0.118741 0.079739 0.120029 0.049751 0.105854 0.095358 0.152688 0.141042 0.081096 0.060900 0.067439 0.037488 0.086678 0.134967 0.117360 0.116484 0.135945 -1.000000 -1.000000 0.083189 0.184829 0.160510 0.138465 0.151153 0.112105 0.152164 0.160974 0.128622 0.151041 0.080693 0.067173 0.153447 0.172560 83579798.463489 140966682.372822 538807452.521189 0.100119 0.084586 1540914.622839 1540914.861949 0.122537 0.123688 0.135653 0.106589 0.074939 0.109344 0.037085 0.137142 270607034.719985 -1.000000 572452032.838515 0.084209 -1.000000 671328140.216741 -1.000000 -1.000000 -1.000000 -1.000000 0.073812 0.083091 0.058758 0.094963 0.084705 0.085869 0.155944 0.099681 0.151553 0.145637 0.225454 0.086253 1852164.418922 -1.000000 1852164.422482 0.170501 0.107417 0.123814 0.074709 0.096542 0.116960 0.066967 0.031919 0.180571 0.207794 0.148782 0.246198 0.046253 0.055551 0.065540 0.070436 0.075807 0.052494 -1.000000 -1.000000 -1.000000 0.104154 0.119923 752907.359143 159390254.338672 752907.360553 0.045340 0.062265 0.077553 0.119734 0.118330 0.234887 5125890.666127 -1.000000 5125890.659243 0.072191 0.076839 0.085653 0.097678 0.067288 0.138262 0.268966 0.297409

tree length = 12.015513

((((((((55: 0.050579, 52: 0.053200): 0.052301, 53: 0.027243): 0.070374, 54: 0.141229): 0.006369, ((48: 0.078741, 43: 0.088241): 0.061043, 47: 0.167956): 0.037230): 0.008439, 56: 0.156263): 0.000027, 49: 0.160924): 0.000004, ((((44: 0.085910, 50: 0.148891): 0.007901, 45: 0.104475): 0.035292, 46: 0.091108): 0.019616, 51: 0.246036): 0.016839): 0.043763, (((((42: 0.160270, 41: 0.164736): 0.105171, 35: 0.156518): 0.109765, 39: 0.171592): 0.083141, ((37: 0.247257, (38: 0.095132, 40: 0.156162): 0.031005): 0.036373, 36: 0.447639): 0.047415): 0.003627, (64: 0.069046, 34: 0.022085): 0.048422): 0.003621, ((((((4: 0.148487, 16: 0.109733): 0.087970, (32: 0.084975, 33: 0.019419): 0.127885): 0.158717, 22: 0.126514): 0.020914, (60: 0.020593, 61: 0.061380): 0.067140): 0.047918, ((58: 0.104260, 18: 0.115581): 0.064247, (25: 0.172291, 63: 0.043964): 0.125176): 0.060272): 0.000004, ((((((5: 0.309002, (24: 0.206046, 27: 0.231963): 0.087637): 0.012017, 20: 0.481029): 0.070818, ((57: 0.094523, (19: 0.320299, 29: 0.104747): 0.029817): 0.022277, 26: 0.247963): 0.051991): 0.000004, (14: 0.107570, (28: 0.051049, 3: 0.001258): 0.096576): 0.082395): 0.016796, (15: 0.302575, 2: 0.138081): 0.182673): 0.050729, ((((((6: 0.025752, (7: 0.036217, 9: 0.079165): 0.001345): 0.074718, 8: 0.175596): 0.035902, 10: 0.109943): 0.054328, (59: 0.032221, ((11: 0.039970, 12: 0.063992): 0.060683, 13: 0.098008): 0.088670): 0.003872): 0.027102, 21: 0.216740): 0.017640, ((62: 0.056955, 30: 0.094735): 0.119107, (23: 0.111889, ((17: 0.112025, 31: 0.224102): 0.052427, 1: 0.514129): 0.054002): 0.136738): 0.000004): 0.000004): 0.020688): 0.090599);

((((((((Oryza_sativa: 0.050579, Arabidopsis_thaliana: 0.053200): 0.052301, Physcomitrella_patens: 0.027243): 0.070374, Ostreococcus_tauri: 0.141229): 0.006369, ((Chondrus_crispus: 0.078741, Porphyra_umbilicalis: 0.088241): 0.061043, Cyanidioschyzon_merolae: 0.167956): 0.037230): 0.008439, Cyanophora_paradoxa: 0.156263): 0.000027, Phytophthora_infestans: 0.160924): 0.000004, ((((Jakoba_libera: 0.085910, Reclinomonas_americana: 0.148891): 0.007901, Seculamonas_ecuadoriensis: 0.104475): 0.035292, Andalucia_godoyi: 0.091108): 0.019616, Malawimonas_jakobiformis: 0.246036): 0.016839): 0.043763, (((((Homo_sapiens: 0.160270, Gallus_gallus: 0.164736): 0.105171, Branchiostoma_floridae: 0.156518): 0.109765, Amphimedon_queenslandica: 0.171592): 0.083141, ((Candida_albicans: 0.247257, (Ustilago_maydis: 0.095132, Pleurotus_ostreatus: 0.156162): 0.031005): 0.036373, Spizellomyces_punctatus: 0.447639): 0.047415): 0.003627, (Dictyostelium_discoideum: 0.069046, Acanthamoeba_castellanii: 0.022085): 0.048422): 0.003621, ((((((Anaplasma_phagocytophilum_HZ: 0.148487, Ehrlichia_canis_Jake: 0.109733): 0.087970, (Wolbachia_endosymbiont_of_Culex_quinquefasciatus_Pel: 0.084975, Wolbachia_endosymbiont_of_Onchocerca_ochengi: 0.019419): 0.127885): 0.158717, Neorickettsia_sennetsu_Miyayama: 0.126514): 0.020914, (Candidatus_Jidaibacter_acanthamoeba: 0.020593, Candidatus_Midichloria_mitochondrii_IricVA: 0.061380): 0.067140): 0.047918, ((Candidatus_Arcanobacter_lacustris: 0.104260, endosymbiont_of_Stachyamoeba: 0.115581): 0.064247, (Orientia_tsutsugamushi_Boryong: 0.172291, Rickettsia_typhi_Wilmington: 0.043964): 0.125176): 0.060272): 0.000004, ((((((Asticcacaulis_excentricus_CB_48: 0.309002, (Oceanicaulis_HTCC2633: 0.206046, Parvularcula_bermudensis_HTCC2503: 0.231963): 0.087637): 0.012017, Ketogulonicigenium_vulgare_WSH-001: 0.481029): 0.070818, ((Bartonella_quintana_RM-11: 0.094523, (Hyphomicrobium_denitrificans_ATCC_51888: 0.320299, Rhodopseudomonas_palustris_TIE-1: 0.104747): 0.029817): 0.022277, Parvibaculum_lavamentivorans_DS-1: 0.247963): 0.051991): 0.000004, (Candidatus_Pelagibacter_IMCC9063: 0.107570, (Pelagibacter_sp_HIMB058: 0.051049, alphaproteobacterium_sp_HIMB5: 0.001258): 0.096576): 0.082395): 0.016796, (Citromicrobium_JLT1363: 0.302575, alpha_proteobacterium_AAP81b: 0.138081): 0.182673): 0.050729, ((((((Caedibacter_37-49: 0.025752, (Caedibacter_38-128: 0.036217, Candidatus_Caedibacter_acanthamoebae: 0.079165): 0.001345): 0.074718, Caedibacter_varicaedens: 0.175596): 0.035902, Candidatus_Nucleicultrix_amoebiphila_FS5: 0.109943): 0.054328, (Candidatus_Finniella_lucida: 0.032221, ((Candidatus_Odyssella_thessalonicensis_L13: 0.039970, Candidatus_Paracaedibacter_acanthamoebae_isolate_PRA3: 0.063992): 0.060683, Candidatus_Paracaedibacter_symbiosus: 0.098008): 0.088670): 0.003872): 0.027102, Micavibrio_aeruginosavorus_ARL-13: 0.216740): 0.017640, ((Rhodospirillum_rubrum_ATCC_11170: 0.056955, Rhodovibrio_salinarum_DSM_9154: 0.094735): 0.119107, (Oceanibaculum_indicum_P24: 0.111889, ((Elioraea_tepidiphila_DSM_17972: 0.112025, Rubritepida_flocculans_DSM_14296: 0.224102): 0.052427, Acidiphilium_angustum_ATCC_35903: 0.514129): 0.054002): 0.136738): 0.000004): 0.000004): 0.020688): 0.090599);

Detailed output identifying parameters

alpha (gamma, K = 5) =  1.35836
rate:   0.16776  0.44893  0.77317  1.23504  2.37510
freq:   0.20000  0.20000  0.20000  0.20000  0.20000

Time used: 18:34
