
Printing out site pattern counts


         5        125  P

a                               AAAAAAAAAA AAAAAADDDE FFFFFFGGGG GGHHIIIIII IIIIIIIIII IIIKLLLLLL LLLLLLLLLL LLLMMMMMMM MMMMMNPPQR RSSSSSSSSS SSSVVVVVVV VVVVVVVWYY YYYYY
b                               AAAAAAAAAA AASSVVDDKE FFFLLMGGGG GGHNEIIIII IIIILLLMVV VVVKIILLLL LLLLLLLLLL MTVAAILLLM MMMMMNPPQR RAALSSSSSS STTIIILLVV VVVVVVVWFL YYYYY
c                               AAAAAAASSS VVSTLVDDKE FFFLLIGGGG GSHHEIIIII IIILFLVLII LVVKIIFIII LLLLLLLLLV MIIILIILMI ILMMMNPPQR RSSASSSSSS TSTIITFIFI IILVVVVWYL YYYYY
d                               AAAACPVAAV AVATAVDHRE FFLFVL-AGG SGHHEFILLL MVVIVLMIAV LAVK-IFLVV FFFILLLMVL LILVLILLLV VLMMTNPTQG RASSAAEGNS SSTFVVLLLI VVMAILTWYL FFYYY
e                               AGLSAAAATA AAAAAADDKE FLFLLLGGAG GGHNELI-MV LFILIIVIIV VVVKVLLIFL FILLILMLLL MLIIIMFLLM VAFMMDPPQR RASSGSSSSS SSTVVIMTVI IVLVVVVWYL FYFWY



    5    1    1    2    1    1    1    2    1    1    1    1    1    1    1
    1    3    1    1    4    8    1    3    1    1    1    1    1    1   12
    2    1    1    1    1    1    2    1    1    1    1    1    1    1    1
    2    1    1    1    1    1    1    1    6    1    1    1    1    1    1
    1    1    3    1    1    9    2    2    3    1    1    1    1    1    1
    1    1    1    1    1    1    1    1    1    1    1    6    1    1    1
    3    1    1    1    1    2    1    2    1    3    1    1    1    1    3
    1    1    1    1    1    1    1    1    2    2    1    1    1    1    1
    1    1    1    1    8

AAML (in paml version 4.9j, October 2019)  tmp0001.txt
Model: Empirical,  (/home-user/sswang/software/phylo/paml/dat/lg.dat) dGamma (ncatG=5) ns =   5  ls = 200


Frequencies..
                                    A      R      N      D      C      Q      E      G      H      I      L      K      M      F      P      S      T      W      Y      V
a                              0.11000 0.02000 0.00500 0.02500 0.00000 0.00500 0.02000 0.09000 0.01000 0.10500 0.16500 0.03000 0.06000 0.07500 0.03500 0.08000 0.00000 0.00500 0.07000 0.09000
b                              0.11000 0.02000 0.01000 0.02000 0.00000 0.00500 0.02500 0.09000 0.00500 0.09000 0.20500 0.03500 0.04500 0.06500 0.03500 0.06500 0.01500 0.00500 0.06000 0.09500
c                              0.06500 0.02000 0.00500 0.02000 0.00000 0.00500 0.02500 0.08500 0.01000 0.16000 0.18000 0.03500 0.02500 0.08000 0.03500 0.09500 0.02000 0.00500 0.06500 0.06500
d                              0.12121 0.02020 0.01010 0.01515 0.00505 0.00505 0.03030 0.08586 0.01515 0.05556 0.18182 0.03030 0.03535 0.10101 0.03535 0.04545 0.02525 0.00505 0.05556 0.12121
e                              0.10050 0.02010 0.00503 0.02513 0.00000 0.00503 0.02513 0.09548 0.00503 0.08543 0.17588 0.03518 0.04523 0.09045 0.03518 0.07538 0.01508 0.01005 0.05025 0.10050

Homogeneity statistic: X2 = 0.21485 G = 0.22537 

Average                        0.10130 0.02006 0.00702 0.02106 0.00100 0.00502 0.02508 0.08927 0.00903 0.09930 0.18154 0.03310 0.04213 0.08225 0.03511 0.07222 0.01505 0.00602 0.06018 0.09428
(Ambiguity characters are used to calculate freqs.)


# constant sites:     73 (36.50%)

TREE #  1:  ((1, 2), 3, (4, 5));   MP score: -1
lnL(ntime:  7  np:  8):  -1371.778842      +0.000000
   6..7     7..1     7..2     6..3     6..8     8..4     8..5  
 0.027911 0.163455 0.116459 0.196640 0.008389 0.484682 0.255900 23.049303
SEs for parameters:
 0.022210 0.036912 0.033179 0.044191 0.022305 0.078911 0.051728 85.988706

tree length =  1.253437

((1: 0.163455, 2: 0.116459): 0.027911, 3: 0.196640, (4: 0.484682, 5: 0.255900): 0.008389);

((a: 0.163455, b: 0.116459): 0.027911, c: 0.196640, (d: 0.484682, e: 0.255900): 0.008389);

Detailed output identifying parameters

alpha (gamma, K = 5) = 23.04930
rate:   0.72692  0.88017  0.98588  1.09998  1.30705
freq:   0.20000  0.20000  0.20000  0.20000  0.20000

Time used:  0:01
