
Printing out site pattern counts


        18         93  P

Xenococcus_sp_PCC_7305          AAAAAAAAAA AAAAAAAAAA AAAAAAAAAA ACCCCCCCCC CCCCCCCCCC CCCCCCCCCC CGGGGGGGGT TTTTTTTTTT TTTTTTTTTT TTT
Moorea_producens_3L             AAAAAAAAAA AAAAAAAAAC CCCGGGTTTT TAAAAAAACC CCCCCCCCCC CCTTTTTTTT TAAACCCCTA AACCCCCCCG GTTTTTTTTT TTT
Oscillatoria_sp_PCC_10802       AAAAAAAAAA CCCGGGGTTA ATTAAAAAGT TACCCCCTAA ACCCCCCCCC CCAACCCCGT TAATAACTAA CGAAAACCTT TCGTTTTTTT TTT
Crinalium_epipsammum_PCC_9333   AAAAAAACGG AACAAGGACT TACAGGACAC TGACTTTACC CAAACCCCTT TTATCTTTAT TAACATCATA CGACCGCTCC TCGAAACTTT TTT
Nostoc_sp_PCC_7107              AAAAAACAAT CTGCGAACAT TTCAAAGAGA AAACAACTCT TAACCCCTCC CTTATACTCC TACTCTCCCT CTGCTTCACC CACACCATTT TTT
Raphidiopsis_brookii_D9         AAAAAATGAA CAACGACCCC CCAGAAGCCA AAAAATCACA TCTACCTACC CCTCCTACCT AACTTAAGCG TGAGTACCTC CCACAATCTT TTT
Richelia_intracellularis_HH01   AAAAACAGAA TGGCGACATC CAAAACACAT ACTACACGCC TCATCCTTCT TCCACCTTAT CGCAATCCAC TAATCCCTCA TAAACTTTCT TTT
Lyngbya_aestuarii_BL_J          AAAAAAGAAC GTTTGAACCG TTATAACAAA CGAATTCCCT CCTACCCAGC CCCATCCCAC AATCGCCGAT TACATCCTTA ACAAAACTTC TTT
Synechococcus_elongatus_PCC_6301  AAAAAAGTAC CTGAAGTCCA CGCGAAATAA TTCACCCACA AACACTCCTC GCACCCATTC TACTATAACC TGGACCCCCC TGATTTCCCC TTT
Prochlorococcus_marinus_CCMP1986  AAAACCGAAC CCTAAAAACT AGACATACGC TCAGCTCTCG CCTCCTCGTT AAATTCCCTC TCTAGGACTA TTGACGTACC ACTCTTGTCT TTT
Thermosynechococcus_elongatus_BP-1  AAAGAAGCAC ACATAAGGCC CAAAAGAAAA TTCATTTTCC CTCCCCCCCC TTTCGTACAT GTACGGTTCC TAAACCCCCA AAGAAATCTT CTT
Gloeobacter_violaceus_PCC_7421  AAAAAAAAAT ACGAGAATAA ACACAAACTT GGTTCCTGCT TTCACCCTCT CTAGCCTTCC AATCCCACAA TCGCGATCTC TAAATAGCTT TTT
Gloeobacter_kilaueensis_JS1     AAAAACAGAC CTTGGAAGAC AACAAAAGCT ATGACTTTCA TCATCTCCTC TTCGCCTTAC CGGTCGTCGG TATCAATCTG TGACTCATTT TTT
Candidatus_Caenarcanum_bioreactoricola_UASB_169  AATCGCACAC GAGAGATGTG TATTGACAAT TCACCCCTCC AGACCCCCTT CTGCCCTCTC TAGTCATCAA ACTCACCCAT ACTCTTCCCT TTT
Candidatus_Melainabacteria_bacterium_SSGW_16SSGW_16  AACAGAGTAC CACGAGTTAC CCGAAATCCT ACCAAATACT CTACCCTTCT ATCTACATCT CAAACCGCCC CACTCTCTCT AATAACCTCT TTT
Vampirovibrio_chlorellavorus_Vc_AZ_2  AGCAACTCAA GAATGAACAC ATTGAAATCA CGCTAGTTCC GCTCCTTATC GTAATTACCT AGTCAAATCT TAAAACCTTT TGATCCCCCC TTT
Candidatus_Sericytochromatia_bacterium_GL2-5_LSPB_72  AATAATACAA TGCTGATACC GATTAAAAAT TTGTTCCGCC ATCCCTTATT CCAACTTCCT AGTCGTGTCC CCCATCCCCA CCATGGTTTT TCT
Candidatus_Sericytochromatia_bacterium_S15B-MN24_RAAC_196  AACTCAGTAC TATCGATACC ACACAGAACC CCATTCTCCT CTCACCCTTC ACACTACTAC AAGCATTCTA TTTACTTATG AAGGACGTTT CTT



    3    1    1    1    1    1    1    1    1    1    1    1    1    1    1
    1    1    1    1    1    1    1    1    1    1    1    1    1    1    1
    1    1    1    1    1    1    1    1    1    1    1    1    1    1    4
    1    1    1    1    1    1    1    1    1    1    1    1    1    1    1
    1    1    1    1    1    1    1    1    1    1    1    1    1    1    1
    1    1    1    1    1    1    1    1    1    1    1    1    1    1    1
    1    1    3


BASEML (in paml version 4.9j, October 2019)  tmp0001.txt  REV dGamma (ncatG=5)
Frequencies..
                                    T      C      A      G
Xenococcus_sp_PCC_7305         0.26000 0.33000 0.33000 0.08000 GC = 0.410
Moorea_producens_3L            0.29000 0.32000 0.34000 0.05000 GC = 0.370
Oscillatoria_sp_PCC_10802      0.26000 0.31000 0.35000 0.08000 GC = 0.390
Crinalium_epipsammum_PCC_9333  0.28000 0.28000 0.34000 0.10000 GC = 0.380
Nostoc_sp_PCC_7107             0.28000 0.35000 0.32000 0.05000 GC = 0.400
Raphidiopsis_brookii_D9        0.21000 0.35000 0.36000 0.08000 GC = 0.430
Richelia_intracellularis_HH01  0.27000 0.34000 0.33000 0.06000 GC = 0.400
Lyngbya_aestuarii_BL_J         0.24000 0.33000 0.35000 0.08000 GC = 0.410
Synechococcus_elongatus_PCC_6301 0.23000 0.37000 0.31000 0.09000 GC = 0.460
Prochlorococcus_marinus_CCMP1986 0.29000 0.33000 0.27000 0.11000 GC = 0.440
Thermosynechococcus_elongatus_BP-1 0.24000 0.33000 0.33000 0.10000 GC = 0.430
Gloeobacter_violaceus_PCC_7421 0.28000 0.29000 0.34000 0.09000 GC = 0.380
Gloeobacter_kilaueensis_JS1    0.31000 0.27000 0.28000 0.14000 GC = 0.410
Candidatus_Caenarcanum_bioreactoricola_UASB_169 0.28000 0.38000 0.24000 0.10000 GC = 0.480
Candidatus_Melainabacteria_bacterium_SSGW_16SSGW_16 0.27000 0.37000 0.30000 0.06000 GC = 0.430
Vampirovibrio_chlorellavorus_Vc_AZ_2 0.30000 0.29000 0.31000 0.10000 GC = 0.390
Candidatus_Sericytochromatia_bacterium_GL2-5_LSPB_72 0.33000 0.32000 0.25000 0.10000 GC = 0.420
Candidatus_Sericytochromatia_bacterium_S15B-MN24_RAAC_196 0.30000 0.33000 0.29000 0.08000 GC = 0.410

Homogeneity statistic: X2 = 0.27282 G = 0.27708 

Average                        0.27333 0.32722 0.31333 0.08611

# constant sites:     10 (10.00%)
ln Lmax (unconstrained) = -448.380167

Distances: TN93 (kappa)  (alpha set at 0.50)
This matrix is not used in later m.l. analysis.

Xenococcus_sp_PCC_7305  
Moorea_producens_3L    6.3539(23.6675)
Oscillatoria_sp_PCC_10802    9.0000(23.6675)  9.0000(23.6675)
Crinalium_epipsammum_PCC_9333    9.0000(23.6675)  7.3397(27.2031)490.0822(999.0000)
Nostoc_sp_PCC_7107    9.1876(12.4509) 54.2917(231.3003)  5.1194( 2.7074)  9.0000( 2.7074)
Raphidiopsis_brookii_D9   16.4714(27.2243) 14.1451(31.6131) 12.0231(19.6285)  9.0000(19.6285)  4.1819( 2.6189)
Richelia_intracellularis_HH01   15.8873(73.3872)  9.0000(73.3872)1255.2935(999.0000)  9.0000(999.0000) 55.1893(76.2164)63098.6741(999.0000)
Lyngbya_aestuarii_BL_J    4.8054( 6.2303)  9.0000( 6.2303)  9.0000( 6.2303)  9.0000( 6.2303)  4.2749( 0.8099)  4.8171( 5.3273)11074.9360(999.0000)
Synechococcus_elongatus_PCC_6301    9.0000(999.0000)501.1368(586.3386)  5.5448(14.0181) 15.3191(33.2672) 35.4772(61.5905) 12.5721(26.8453)  9.0000(26.8453) 14.6825(11.7884)
Prochlorococcus_marinus_CCMP1986    5.1883( 3.8569)  7.5534( 1.2783)  9.0000( 1.2783)  9.0000( 1.2783) 13.5114( 0.6575)  9.0000( 0.6575)  9.0000( 0.6575)  6.7733( 0.0887)  5.7400( 4.8656)
Thermosynechococcus_elongatus_BP-1   18.9119(26.0844)  9.0000(26.0844)  9.0000(26.0844)  4.5745(11.0978)  9.0000(11.0978)  9.0000(11.0978)368.1450(596.2965)590.8750(999.0000)  9.0000(999.0000) 48.5359(25.1793)
Gloeobacter_violaceus_PCC_7421    5.2465( 8.2873) 16.2926(25.3407) 10.5288(33.2318)  9.0000(33.2318)  7.2644(10.5608) 18.8525(43.7320)  6.7606( 5.7858)162.0321(177.0944) 27.5203(24.1684) 10.3475( 3.3167)  9.0000( 3.3167)
Gloeobacter_kilaueensis_JS1    3.8968( 4.9109)  9.0000( 4.9109)  9.0000( 4.9109)  9.0000( 4.9109)  9.3772(14.6796)  7.3137( 2.5764)  5.1777( 8.6235) 17.4143(13.5953) 16.8619(13.5765)  9.0000(13.5765) 36.9594(66.4165)  5.4423(14.0917)
Candidatus_Caenarcanum_bioreactoricola_UASB_169    9.0000(14.0917)  9.0000(14.0917)230.5023(582.6496)  9.0000(582.6496) 18.5553( 3.7540)141.7642(-0.9350) 16.0341( 6.7368) 15.9826( 1.2906)  9.0000( 1.2906)  9.0000( 1.2906)  9.0000( 1.2906) 11.6127( 5.8201) 27.3560(61.0606)
Candidatus_Melainabacteria_bacterium_SSGW_16SSGW_16    9.0000(61.0606)  9.0000(61.0606) 26.4710( 0.4034) 85.5011(147.3580)  8.9563( 5.7070)  9.0000( 5.7070)  9.0000( 5.7070)136.0633(26.0798)452.5512(634.9573) 25.5679( 4.3078) 12.4293(14.5759)  9.0000(14.5759) 18.8383(16.0621)  9.0000(16.0621)
Vampirovibrio_chlorellavorus_Vc_AZ_2   27.8324(27.2650)  9.0000(27.2650)108.6225(325.7454)  9.0000(325.7454)  9.0000(325.7454)  6.5468(10.6991) 71.0399(42.1913)  4.5621(-0.2060) 22.8027(43.6450) 94.1763(27.0159)  9.0000(27.0159)  9.0000(27.0159) 10.7283( 2.3086)9876.5986(999.0000)  9.0000(999.0000)
Candidatus_Sericytochromatia_bacterium_GL2-5_LSPB_72   71.9582(56.0774)  9.0000(56.0774)  4.9523( 6.5730)  9.0000( 6.5730)809.0366(125.6255)  9.0000(125.6255) 13.7903(11.8622) 25.6657(28.5857) 40.1461(100.6816)  9.0000(100.6816)715.0540(999.0000) 18.5932( 8.6580)  9.0000( 8.6580) 14.2711(29.7011)  9.0000(29.7011)  6.3962(10.0579)
Candidatus_Sericytochromatia_bacterium_S15B-MN24_RAAC_196    9.3105( 2.9968) 57.4364(40.7883)  9.0000(40.7883) 20.5613(23.8646) 13.1712( 4.7386) 56.2873(12.2846)60872.3423(999.0000)  5.1483( 5.3542) 31.8669(17.4040)  4.8066( 1.8954)  9.3747(17.2214)  4.5726( 1.4912)  9.0000( 1.4912)  9.0000( 1.4912)186.2978(397.1765)157.3217(39.9501)  9.0000(39.9501)

TREE #  1:  (((((((1, 2), ((3, 4), ((5, 6), 7))), 8), (9, 10)), 11), (12, 13)), ((14, 15), 16), (17, 18));  MP score: 670.00
lnL(ntime: 33  np: 39):  -1930.793213    +0.000000
  19..20   20..21   21..22   22..23   23..24   24..25   25..1    25..2    24..26   26..27   27..3    27..4    26..28   28..29   29..5    29..6    28..7    23..8    22..30   30..9    30..10   21..11   20..31   31..12   31..13   19..32   32..33   33..14   33..15   32..16   19..34   34..17   34..18 
 16.845161 0.000004 0.000004 0.000004 0.000004 9.817893 0.000004 41.505448 0.000004 5.363156 3.859862 24.691832 0.000004 14.336736 26.401591 9.542891 14.222084 19.734050 36.682260 0.000004 50.000000 50.000000 16.702184 12.784358 0.000004 0.000005 38.353281 44.907814 33.678059 30.358632 0.000004 12.019964 50.000000 1.109578 0.032421 0.000010 0.103927 0.004078 0.236580
SEs for parameters:
 25.659488 72.789899 67.737811 34.261301 20.932194 32.580961 32.891935 59.143383 10.189639 9.357015 8.103874 28.587555 15.465935 28.988678 34.266574 21.369707 18.257836 28.158383 66.545348 41.131778 65.259790 82.562191 29.681151 17.780062 17.493175 52.903477 100.040390 65.219129 80.746269 46.649461 31.857482 19.113981 69.851790 0.734478 0.122801 0.285268 0.115310 0.176725 0.052038

tree length = 561.80730

(((((((Xenococcus_sp_PCC_7305, Moorea_producens_3L), ((Oscillatoria_sp_PCC_10802, Crinalium_epipsammum_PCC_9333), ((Nostoc_sp_PCC_7107, Raphidiopsis_brookii_D9), Richelia_intracellularis_HH01))), Lyngbya_aestuarii_BL_J), (Synechococcus_elongatus_PCC_6301, Prochlorococcus_marinus_CCMP1986)), Thermosynechococcus_elongatus_BP-1), (Gloeobacter_violaceus_PCC_7421, Gloeobacter_kilaueensis_JS1)), ((Candidatus_Caenarcanum_bioreactoricola_UASB_169, Candidatus_Melainabacteria_bacterium_SSGW_16SSGW_16), Vampirovibrio_chlorellavorus_Vc_AZ_2), (Candidatus_Sericytochromatia_bacterium_GL2-5_LSPB_72, Candidatus_Sericytochromatia_bacterium_S15B-MN24_RAAC_196));

(((((((Xenococcus_sp_PCC_7305: 0.000004, Moorea_producens_3L: 41.505448): 9.817893, ((Oscillatoria_sp_PCC_10802: 3.859862, Crinalium_epipsammum_PCC_9333: 24.691832): 5.363156, ((Nostoc_sp_PCC_7107: 26.401591, Raphidiopsis_brookii_D9: 9.542891): 14.336736, Richelia_intracellularis_HH01: 14.222084): 0.000004): 0.000004): 0.000004, Lyngbya_aestuarii_BL_J: 19.734050): 0.000004, (Synechococcus_elongatus_PCC_6301: 0.000004, Prochlorococcus_marinus_CCMP1986: 50.000000): 36.682260): 0.000004, Thermosynechococcus_elongatus_BP-1: 50.000000): 0.000004, (Gloeobacter_violaceus_PCC_7421: 12.784358, Gloeobacter_kilaueensis_JS1: 0.000004): 16.702184): 16.845161, ((Candidatus_Caenarcanum_bioreactoricola_UASB_169: 44.907814, Candidatus_Melainabacteria_bacterium_SSGW_16SSGW_16: 33.678059): 38.353281, Vampirovibrio_chlorellavorus_Vc_AZ_2: 30.358632): 0.000005, (Candidatus_Sericytochromatia_bacterium_GL2-5_LSPB_72: 12.019964, Candidatus_Sericytochromatia_bacterium_S15B-MN24_RAAC_196: 50.000000): 0.000004);

Detailed output identifying parameters

Parameters  in the rate matrix (REV) (Yang 1994 J Mol Evol 39:105-111):


Rate parameters:    1.10958  0.03242  0.00001  0.10393  0.00408
Base frequencies:   0.27333  0.32722  0.31333  0.08611
Rate matrix Q, Average Ts/Tv =   9.3171
   -1.335183    1.298839    0.036340    0.000003
    1.084939   -1.202686    0.116490    0.001256
    0.031701    0.121654   -0.461400    0.308045
    0.000010    0.004774    1.120886   -1.125670

alpha (gamma, K=5) =  0.23658
rate:   0.00060  0.02204  0.17152  0.77042  4.03542
freq:   0.20000  0.20000  0.20000  0.20000  0.20000

