
Printing out site pattern counts


        18         93  P

Xenococcus_sp_PCC_7305          AAAAAAAAAA AAAAAAAAAA AAAAAAAAAA ACCCCCCCCC CCCCCCCCCC CCCCCCCCCC CGGGGGGGGT TTTTTTTTTT TTTTTTTTTT TTT
Moorea_producens_3L             AAAAAAAAAA AAAAAAAAAC CCCGGGTTTT TAAAAAAACC CCCCCCCCCC CCTTTTTTTT TAAACCCCTA AACCCCCCCG GTTTTTTTTT TTT
Oscillatoria_sp_PCC_10802       AAAAAAAAAA CCCGGGGTTA ATTAAAAAGT TACCCCCTAA ACCCCCCCCC CCAACCCCGT TAATAACTAA CGAAAACCTT TCGTTTTTTT TTT
Crinalium_epipsammum_PCC_9333   AAAAAAACGG AACAAGGACT TACAGGACAC TGACTTTACC CAAACCCCTT TTATCTTTAT TAACATCATA CGACCGCTCC TCGAAACTTT TTT
Nostoc_sp_PCC_7107              AAAAAACAAT CTGCGAACAT TTCAAAGAGA AAACAACTCT TAACCCCTCC CTTATACTCC TACTCTCCCT CTGCTTCACC CACACCATTT TTT
Raphidiopsis_brookii_D9         AAAAAATGAA CAACGACCCC CCAGAAGCCA AAAAATCACA TCTACCTACC CCTCCTACCT AACTTAAGCG TGAGTACCTC CCACAATCTT TTT
Richelia_intracellularis_HH01   AAAAACAGAA TGGCGACATC CAAAACACAT ACTACACGCC TCATCCTTCT TCCACCTTAT CGCAATCCAC TAATCCCTCA TAAACTTTCT TTT
Lyngbya_aestuarii_BL_J          AAAAAAGAAC GTTTGAACCG TTATAACAAA CGAATTCCCT CCTACCCAGC CCCATCCCAC AATCGCCGAT TACATCCTTA ACAAAACTTC TTT
Synechococcus_elongatus_PCC_6301  AAAAAAGTAC CTGAAGTCCA CGCGAAATAA TTCACCCACA AACACTCCTC GCACCCATTC TACTATAACC TGGACCCCCC TGATTTCCCC TTT
Prochlorococcus_marinus_CCMP1986  AAAACCGAAC CCTAAAAACT AGACATACGC TCAGCTCTCG CCTCCTCGTT AAATTCCCTC TCTAGGACTA TTGACGTACC ACTCTTGTCT TTT
Thermosynechococcus_elongatus_BP-1  AAAGAAGCAC ACATAAGGCC CAAAAGAAAA TTCATTTTCC CTCCCCCCCC TTTCGTACAT GTACGGTTCC TAAACCCCCA AAGAAATCTT CTT
Gloeobacter_violaceus_PCC_7421  AAAAAAAAAT ACGAGAATAA ACACAAACTT GGTTCCTGCT TTCACCCTCT CTAGCCTTCC AATCCCACAA TCGCGATCTC TAAATAGCTT TTT
Gloeobacter_kilaueensis_JS1     AAAAACAGAC CTTGGAAGAC AACAAAAGCT ATGACTTTCA TCATCTCCTC TTCGCCTTAC CGGTCGTCGG TATCAATCTG TGACTCATTT TTT
Candidatus_Caenarcanum_bioreactoricola_UASB_169  AATCGCACAC GAGAGATGTG TATTGACAAT TCACCCCTCC AGACCCCCTT CTGCCCTCTC TAGTCATCAA ACTCACCCAT ACTCTTCCCT TTT
Candidatus_Melainabacteria_bacterium_SSGW_16SSGW_16  AACAGAGTAC CACGAGTTAC CCGAAATCCT ACCAAATACT CTACCCTTCT ATCTACATCT CAAACCGCCC CACTCTCTCT AATAACCTCT TTT
Vampirovibrio_chlorellavorus_Vc_AZ_2  AGCAACTCAA GAATGAACAC ATTGAAATCA CGCTAGTTCC GCTCCTTATC GTAATTACCT AGTCAAATCT TAAAACCTTT TGATCCCCCC TTT
Candidatus_Sericytochromatia_bacterium_GL2-5_LSPB_72  AATAATACAA TGCTGATACC GATTAAAAAT TTGTTCCGCC ATCCCTTATT CCAACTTCCT AGTCGTGTCC CCCATCCCCA CCATGGTTTT TCT
Candidatus_Sericytochromatia_bacterium_S15B-MN24_RAAC_196  AACTCAGTAC TATCGATACC ACACAGAACC CCATTCTCCT CTCACCCTTC ACACTACTAC AAGCATTCTA TTTACTTATG AAGGACGTTT CTT



    3    1    1    1    1    1    1    1    1    1    1    1    1    1    1
    1    1    1    1    1    1    1    1    1    1    1    1    1    1    1
    1    1    1    1    1    1    1    1    1    1    1    1    1    1    4
    1    1    1    1    1    1    1    1    1    1    1    1    1    1    1
    1    1    1    1    1    1    1    1    1    1    1    1    1    1    1
    1    1    1    1    1    1    1    1    1    1    1    1    1    1    1
    1    1    3


BASEML (in paml version 4.9j, October 2019)  tmp0001.txt  REV dGamma (ncatG=5)
Frequencies..
                                    T      C      A      G
Xenococcus_sp_PCC_7305         0.26000 0.33000 0.33000 0.08000 GC = 0.410
Moorea_producens_3L            0.29000 0.32000 0.34000 0.05000 GC = 0.370
Oscillatoria_sp_PCC_10802      0.26000 0.31000 0.35000 0.08000 GC = 0.390
Crinalium_epipsammum_PCC_9333  0.28000 0.28000 0.34000 0.10000 GC = 0.380
Nostoc_sp_PCC_7107             0.28000 0.35000 0.32000 0.05000 GC = 0.400
Raphidiopsis_brookii_D9        0.21000 0.35000 0.36000 0.08000 GC = 0.430
Richelia_intracellularis_HH01  0.27000 0.34000 0.33000 0.06000 GC = 0.400
Lyngbya_aestuarii_BL_J         0.24000 0.33000 0.35000 0.08000 GC = 0.410
Synechococcus_elongatus_PCC_6301 0.23000 0.37000 0.31000 0.09000 GC = 0.460
Prochlorococcus_marinus_CCMP1986 0.29000 0.33000 0.27000 0.11000 GC = 0.440
Thermosynechococcus_elongatus_BP-1 0.24000 0.33000 0.33000 0.10000 GC = 0.430
Gloeobacter_violaceus_PCC_7421 0.28000 0.29000 0.34000 0.09000 GC = 0.380
Gloeobacter_kilaueensis_JS1    0.31000 0.27000 0.28000 0.14000 GC = 0.410
Candidatus_Caenarcanum_bioreactoricola_UASB_169 0.28000 0.38000 0.24000 0.10000 GC = 0.480
Candidatus_Melainabacteria_bacterium_SSGW_16SSGW_16 0.27000 0.37000 0.30000 0.06000 GC = 0.430
Vampirovibrio_chlorellavorus_Vc_AZ_2 0.30000 0.29000 0.31000 0.10000 GC = 0.390
Candidatus_Sericytochromatia_bacterium_GL2-5_LSPB_72 0.33000 0.32000 0.25000 0.10000 GC = 0.420
Candidatus_Sericytochromatia_bacterium_S15B-MN24_RAAC_196 0.30000 0.33000 0.29000 0.08000 GC = 0.410

Homogeneity statistic: X2 = 0.27282 G = 0.27708 

Average                        0.27333 0.32722 0.31333 0.08611

# constant sites:     10 (10.00%)
ln Lmax (unconstrained) = -448.380167

Distances: TN93 (kappa)  (alpha set at 0.50)
This matrix is not used in later m.l. analysis.

Xenococcus_sp_PCC_7305  
Moorea_producens_3L    6.3539(23.6675)
Oscillatoria_sp_PCC_10802    9.0000(23.6675)  9.0000(23.6675)
Crinalium_epipsammum_PCC_9333    9.0000(23.6675)  7.3397(27.2031)490.0822(999.0000)
Nostoc_sp_PCC_7107    9.1876(12.4509) 54.2917(231.3003)  5.1194( 2.7074)  9.0000( 2.7074)
Raphidiopsis_brookii_D9   16.4714(27.2243) 14.1451(31.6131) 12.0231(19.6285)  9.0000(19.6285)  4.1819( 2.6189)
Richelia_intracellularis_HH01   15.8873(73.3872)  9.0000(73.3872)1255.2935(999.0000)  9.0000(999.0000) 55.1893(76.2164)63098.6741(999.0000)
Lyngbya_aestuarii_BL_J    4.8054( 6.2303)  9.0000( 6.2303)  9.0000( 6.2303)  9.0000( 6.2303)  4.2749( 0.8099)  4.8171( 5.3273)11074.9360(999.0000)
Synechococcus_elongatus_PCC_6301    9.0000(999.0000)501.1368(586.3386)  5.5448(14.0181) 15.3191(33.2672) 35.4772(61.5905) 12.5721(26.8453)  9.0000(26.8453) 14.6825(11.7884)
Prochlorococcus_marinus_CCMP1986    5.1883( 3.8569)  7.5534( 1.2783)  9.0000( 1.2783)  9.0000( 1.2783) 13.5114( 0.6575)  9.0000( 0.6575)  9.0000( 0.6575)  6.7733( 0.0887)  5.7400( 4.8656)
Thermosynechococcus_elongatus_BP-1   18.9119(26.0844)  9.0000(26.0844)  9.0000(26.0844)  4.5745(11.0978)  9.0000(11.0978)  9.0000(11.0978)368.1450(596.2965)590.8750(999.0000)  9.0000(999.0000) 48.5359(25.1793)
Gloeobacter_violaceus_PCC_7421    5.2465( 8.2873) 16.2926(25.3407) 10.5288(33.2318)  9.0000(33.2318)  7.2644(10.5608) 18.8525(43.7320)  6.7606( 5.7858)162.0321(177.0944) 27.5203(24.1684) 10.3475( 3.3167)  9.0000( 3.3167)
Gloeobacter_kilaueensis_JS1    3.8968( 4.9109)  9.0000( 4.9109)  9.0000( 4.9109)  9.0000( 4.9109)  9.3772(14.6796)  7.3137( 2.5764)  5.1777( 8.6235) 17.4143(13.5953) 16.8619(13.5765)  9.0000(13.5765) 36.9594(66.4165)  5.4423(14.0917)
Candidatus_Caenarcanum_bioreactoricola_UASB_169    9.0000(14.0917)  9.0000(14.0917)230.5023(582.6496)  9.0000(582.6496) 18.5553( 3.7540)141.7642(-0.9350) 16.0341( 6.7368) 15.9826( 1.2906)  9.0000( 1.2906)  9.0000( 1.2906)  9.0000( 1.2906) 11.6127( 5.8201) 27.3560(61.0606)
Candidatus_Melainabacteria_bacterium_SSGW_16SSGW_16    9.0000(61.0606)  9.0000(61.0606) 26.4710( 0.4034) 85.5011(147.3580)  8.9563( 5.7070)  9.0000( 5.7070)  9.0000( 5.7070)136.0633(26.0798)452.5512(634.9573) 25.5679( 4.3078) 12.4293(14.5759)  9.0000(14.5759) 18.8383(16.0621)  9.0000(16.0621)
Vampirovibrio_chlorellavorus_Vc_AZ_2   27.8324(27.2650)  9.0000(27.2650)108.6225(325.7454)  9.0000(325.7454)  9.0000(325.7454)  6.5468(10.6991) 71.0399(42.1913)  4.5621(-0.2060) 22.8027(43.6450) 94.1763(27.0159)  9.0000(27.0159)  9.0000(27.0159) 10.7283( 2.3086)9876.5986(999.0000)  9.0000(999.0000)
Candidatus_Sericytochromatia_bacterium_GL2-5_LSPB_72   71.9582(56.0774)  9.0000(56.0774)  4.9523( 6.5730)  9.0000( 6.5730)809.0366(125.6255)  9.0000(125.6255) 13.7903(11.8622) 25.6657(28.5857) 40.1461(100.6816)  9.0000(100.6816)715.0540(999.0000) 18.5932( 8.6580)  9.0000( 8.6580) 14.2711(29.7011)  9.0000(29.7011)  6.3962(10.0579)
Candidatus_Sericytochromatia_bacterium_S15B-MN24_RAAC_196    9.3105( 2.9968) 57.4364(40.7883)  9.0000(40.7883) 20.5613(23.8646) 13.1712( 4.7386) 56.2873(12.2846)60872.3423(999.0000)  5.1483( 5.3542) 31.8669(17.4040)  4.8066( 1.8954)  9.3747(17.2214)  4.5726( 1.4912)  9.0000( 1.4912)  9.0000( 1.4912)186.2978(397.1765)157.3217(39.9501)  9.0000(39.9501)

TREE #  1:  (((((((1, 2), ((3, 4), ((5, 6), 7))), 8), (9, 10)), 11), (12, 13)), ((14, 15), 16), (17, 18));  MP score: 670.00
lnL(ntime: 33  np: 39):  -1930.793144    +0.000000
  19..20   20..21   21..22   22..23   23..24   24..25   25..1    25..2    24..26   26..27   27..3    27..4    26..28   28..29   29..5    29..6    28..7    23..8    22..30   30..9    30..10   21..11   20..31   31..12   31..13   19..32   32..33   33..14   33..15   32..16   19..34   34..17   34..18 
 16.954412 0.000004 0.000004 0.000004 0.000004 9.808528 0.000004 41.413288 0.000004 5.342240 3.863081 24.750788 0.000005 14.315862 26.408728 9.516790 14.347413 19.680833 35.909069 0.791091 50.000000 50.000000 16.500398 12.486218 0.327878 0.000004 38.286902 45.103996 33.830893 30.404866 0.000004 12.059017 50.000000 1.111819 0.033031 0.000010 0.103080 0.004859 0.236533
SEs for parameters:
 25.903448 73.679191 68.052515 34.637898 20.780790 32.482217 32.751988 59.165512 10.148304 9.334320 8.154476 28.727745 15.552409 28.971052 34.343705 21.363024 18.344384 28.197893 65.972740 41.111609 65.713339 82.939099 29.666603 17.524984 17.478609 53.234948 100.346164 65.613214 81.259535 46.829923 31.979195 19.225707 70.167250 0.742975 0.122881 0.288363 0.114902 0.176226 0.052208

tree length = 562.10233

(((((((Xenococcus_sp_PCC_7305, Moorea_producens_3L), ((Oscillatoria_sp_PCC_10802, Crinalium_epipsammum_PCC_9333), ((Nostoc_sp_PCC_7107, Raphidiopsis_brookii_D9), Richelia_intracellularis_HH01))), Lyngbya_aestuarii_BL_J), (Synechococcus_elongatus_PCC_6301, Prochlorococcus_marinus_CCMP1986)), Thermosynechococcus_elongatus_BP-1), (Gloeobacter_violaceus_PCC_7421, Gloeobacter_kilaueensis_JS1)), ((Candidatus_Caenarcanum_bioreactoricola_UASB_169, Candidatus_Melainabacteria_bacterium_SSGW_16SSGW_16), Vampirovibrio_chlorellavorus_Vc_AZ_2), (Candidatus_Sericytochromatia_bacterium_GL2-5_LSPB_72, Candidatus_Sericytochromatia_bacterium_S15B-MN24_RAAC_196));

(((((((Xenococcus_sp_PCC_7305: 0.000004, Moorea_producens_3L: 41.413288): 9.808528, ((Oscillatoria_sp_PCC_10802: 3.863081, Crinalium_epipsammum_PCC_9333: 24.750788): 5.342240, ((Nostoc_sp_PCC_7107: 26.408728, Raphidiopsis_brookii_D9: 9.516790): 14.315862, Richelia_intracellularis_HH01: 14.347413): 0.000005): 0.000004): 0.000004, Lyngbya_aestuarii_BL_J: 19.680833): 0.000004, (Synechococcus_elongatus_PCC_6301: 0.791091, Prochlorococcus_marinus_CCMP1986: 50.000000): 35.909069): 0.000004, Thermosynechococcus_elongatus_BP-1: 50.000000): 0.000004, (Gloeobacter_violaceus_PCC_7421: 12.486218, Gloeobacter_kilaueensis_JS1: 0.327878): 16.500398): 16.954412, ((Candidatus_Caenarcanum_bioreactoricola_UASB_169: 45.103996, Candidatus_Melainabacteria_bacterium_SSGW_16SSGW_16: 33.830893): 38.286902, Vampirovibrio_chlorellavorus_Vc_AZ_2: 30.404866): 0.000004, (Candidatus_Sericytochromatia_bacterium_GL2-5_LSPB_72: 12.059017, Candidatus_Sericytochromatia_bacterium_S15B-MN24_RAAC_196: 50.000000): 0.000004);

Detailed output identifying parameters

Parameters  in the rate matrix (REV) (Yang 1994 J Mol Evol 39:105-111):


Rate parameters:    1.11182  0.03303  0.00001  0.10308  0.00486
Base frequencies:   0.27333  0.32722  0.31333  0.08611
Rate matrix Q, Average Ts/Tv =   9.3406
   -1.336693    1.299716    0.036974    0.000003
    1.085671   -1.202552    0.115386    0.001495
    0.032254    0.120501   -0.460386    0.307632
    0.000010    0.005680    1.119382   -1.125071

alpha (gamma, K=5) =  0.23653
rate:   0.00060  0.02202  0.17145  0.77029  4.03563
freq:   0.20000  0.20000  0.20000  0.20000  0.20000

