
Printing out site pattern counts


        64        158  P

Acidiphilium_angustum_ATCC_35903  -AAAAAAAAA AAADDDEEFF FFFFFFFFFF FFFFFFFFFF FGGGGGGGGG GGGGHHHHHH HIIIIIIIII IKLLLLLLLL LLLLLLLMMM MMMMNNNPPP PPPPQQRRRR RRSSSSSSSS STTTTTTTTT VVVVVVVVVV VVVVVVVVWW WWWWWYYY
alpha_proteobacterium_AAP81b    IAAAAAAAMS SVVDDDESAA FFFFFFFFFF FFFFFILLWY YGGGGGGGGG GGHNGHHHHH HIIIIKLMVV VTAAFILLLL LLLLLLS-FH ILMMCGNDPP PPPPQQEHMR RRAAAASSSS TILTTTTTTV FIIIKLLTTV VVVVVVVVWW WWWWWYYY
alphaproteobacterium_sp_HIMB5   VAAAAAAALS SCLDDDEDIS FFFFFFFFFF FFFFFFILWY YGGGGGGGGG GGHGDHHHHH HIIIVIFMII VTIPMLLLLL LLLLLLT-AH LLMMCGNDPP PPPPQQKIRR RRAAASSSSS NIFTTTTTTV IAVVKIVIVV VVVVVVVVFW WWWWWYYY
Anaplasma_phagocytophilum_HZ    TAAAACSYIS SATDDSESAW FFFFFFFFFF FFILMFMLFY YGGGGGGGGG KSG-GFHHHH HILMVLVMIV ITGPFMFLLL LLLLLMSMLL IVLMCDNDAP PPPSKQKVRI RRAAACSSSS SVTITTTTTV LLITKILINM TVVVVVVVWW WWWWWFHY
Asticcacaulis_excentricus_CB_48  VAAAFAVAMA SAVDDSENMA FFFFFFFFFF FHFFFALLWF YGGGGGGGGG GFGGGHHHHH KILIVKVMVL VTIPFQLLLL LLLLLMT-ML ILMMCGNDAH MPPPQQKKAR RRAISFSSSS TILTTTTTTV LAVLVLILAI VIIVVVVVWW WWWWWFYY
Caedibacter_37-49               IAAAVAADAA AALDDDEDAS FFFFFFFFFF FFFFFFLLFY YGGGGGGGGG -GGGNHHHHY RILIILIMII VNLPLLYLLL LLLLMLL-MF LLIMCGNPPP PPPPRQKKRI KRAAASSSSS TIFVTTTTTI LVIIKFVATI LITIIVVVWW WWWWWYYY
Caedibacter_38-128              IAAAVAASVA AALDDDEEAS FFFFFFFFFF FFFFFFLLFY YGGGGGGGGG -GGGGHHHHY RIFIVLIMLI VNLPLLYLLL LLLLMLL-VF LLVMCNNPPP PPPPRQKKRI KRAAASSSSS SITVTTTTTV LVIIKFVITV FIVIVVVVWW WWWWWYYY
Caedibacter_varicaedens         MAAAVAASIA SAFDDDESAS FFFFFFFFFF FFFFFFLLFY YGGGGGGGGG -GGGGHHHHH RIFIIKLMVI ITFPLLYLLL LLLLLLL-LF LLMMCGNPPP PPPPRQERRY RRAAASSSSS TVAATTTTTV LIILKAVLTV VIVVVVVVWW WWWWWYYY
Candidatus_Caedibacter_acanthamoebae  IAAAIAAAVA AALDDDEEAS FFFFFFFFFF FFFFFFLLFY YGGGGGGGGG -GGGGHHHHH RIFIVLIMLI VNLPLLYLLL LLLLMLL-TF LLIMCNNPPP PPPPRQKKRT KRAAASSSSS SIVVTTTTTV LVIIKFVITI FIVIIVVVWW WWWWWYYY
Candidatus_Nucleicultrix_amoebiphila_FS5  VAAATAASMA AAFDDDEDAS FFFFFFFFFF FFFFFFLLFY YGGGGGGGGG -GGGNHHHHH HIFIVLLMII INLPLLYLLL LLLLLLL-LF LLMMCNNPPP PPPPQQAKRR RRAASASSSS KILATTTTTV LIFLKFVVTV VIVVVVVVWW WWWWWYYY
Candidatus_Odyssella_thessalonicensis_L13  TAAATSAAFA SALDDDEDAA FFFFFFFFFF FFIFFLFLFY YGGGGGGGGG GGGGGYHHHH HIIIVLLLII VTAPMLYLLL LLLLLLTMAL LLMMCNNPPP PPPPQQKRRR RRAASASSST TIFTTTTTTV LVILHLVITI IIVVVVVVWW WWWWWYFY
Candidatus_Paracaedibacter_acanthamoebae_isolate_PRA3  TAAATAAAFA STLDDDEDAA FFFFFFFFFF FFIFFLFIFY YGGGGGGGGG GGGGGYHHHH HIIIVLMLVI VTIPLLYLLL LLLLLLTMAL LLMMCGNPPP PPPPQQKRRR RRAASASSST TILTTTTTTI LIVLHLVLTI VIVVVVVVWW WWWWWYFY
Candidatus_Paracaedibacter_symbiosus  TAAAAAAAMA SLVDDDEDAA FFFFFFFFFF FFIFFLFLFF YGGGGGGGGG GGGGGYHHHH HIIIVLFLII VTLPFLYLLL LLLLLLTMAL LLMMCGNPPP PPPPEQKRRR RRAASSSSSS SIFTTTTTTV LIVIKIVVTI IVVVVVVVWW WWWWWYFY
Candidatus_Pelagibacter_IMCC9063  IAAACAAAFA SSLDEDEDAS FFFFFFFFFF FFFFYMILWY YGGGGGGGGG GGSGDHHHHH TILIVVLMII VTIPTLLLLL LLLLMLTMVH LLMMCNNDPP PPPPQQKIRR RRAAAASSSS TILTTTTTTV IAVIKIVFTI VVVVVVVVFW WWWWWYYY
Citromicrobium_JLT1363          IAAATAACMA AALDKDEAFA FFFFFFFFFF FFFFFFLLWY YGGGGGGGGG GGHGGHHHHH HILVVKIMMT VTAIWILLLL LLLLLLT-FM ILMMCGNDPP PPPPQQENSR RRGAASDSSS TIITTTTTTV LIIIKFLIAV VIVVIVVVFF WWWWWFYY
Ehrlichia_canis_Jake            LAAIACSSIS SVLDDDENAW FFFFFFFFFF LFILLFLLFY YAGGGGGGGG NSG-DHHHHY HIILVILMII LTVPFILLLL LLLLLGS-LL LVMMCNNDPP PPPPKQRTKN RRGTATSSSS SVLTTTTTTV IVIIKLVSNV TVIIIVVVWW WWWWWFHY
Elioraea_tepidiphila_DSM_17972  IAAAAAAAMA AAVDDDEDFA FFFFFFFFFF FFFFFFLLFF YGGGGGGGGG GGGAGHHHHH HIIIIIFMVV VTAPLLFLLL LLLLLLTMML LMMMCGNPPP PPPPRQRKRR RRAASASSSS TIFTTTTTTV LVVIMIVLTV VVVVVVVVWW WWWWWYYY
endosymbiont_of_Stachyamoeba    VAAACLAAMA ALVDDDEESA FFFFFFFFFF FFLFMFFLFY YGGGGGGGGG KGGSGHHHHY HILVLIFMVI VTIPLLLLLL LLLLLLT-ML LLMMCNNPPP PPPLQQKKRR RRAAASSSSS DIFTTTTTTV LVVIKIVINI VVTVVVVVWW FWWWWFYY
Hyphomicrobium_denitrificans_ATCC_51888  VAAAAAASMA SALDDDENSA FFFFFFFFFF FFFFFFVLWF YGGGGGGGGG GGHGPQHHHH RIIIIVFMAN VTLPFLLLLL LLLLLMTMAL LLMMCNNDPP PPPPQQRRVR RRAAAASSSS TIFTTTTTTV LAVIKLVVTI AIVVIVVVWW WWWWWYYY
Ketogulonicigenium_vulgare_WSH-001  VAAALMAAFA ALFDASEPYA FFFFFFFFLV FHVFMFVLFF YSGGGGGGGS GGGGGHHHQH EILVAALMVV ATGIMVLLLL LLLLILT-LV IIFMCGNDPP PPPPQQKRAR RRTIAASSSA SIFSAATTTV LVILKFLIVI VSVVVVVVWW WWWWWFYY
Micavibrio_aeruginosavorus_ARL-13  IAAAAAAAMA SAVDDMERAA FFFFFFFFFF FFFFFFLLFY YGGGGGGGGM KGGGTHHHHH HIFIVVIMIV VTLIVLLLLL LLLLILLMML MMMMCGMPPP PPPPEQDFKN RRAAAASSSS DVLTTTTTTA LVVIKMVAAV VIVVIVVVWW WWWWWFYY
Neorickettsia_sennetsu_Miyayama  MAAALFSSMA ASLDDNESAW FFFFFFFLFF FFLFFLLLFY YGCGGGGGGS KSGGGHGHHH HLILAVVIII MTVPLLLLLL LLLLVLT-ML VMMMCGNAPP PPPPRQDARN RRTSGSSSTS TITTSTTTTV LVVVSILLNI VIVVVVVVWW WWWWWIFY
Oceanibaculum_indicum_P24       IAAAAAAAMA SAVDDDEDSA FFFFFFFFFF FFFFFFIFFY YGGGGGGGGG LGGGDHHHHH HIIIAIFMII VTLPLIFLLL LLLLLLTMML LLMMCNNPPP PPPPQQRRRR RRAAAASSSS TVLTTTTTTV LVVIQFVLTV VVVVVVVVWW WWWWWFYY
Oceanicaulis_HTCC2633           -AAATAMAMA SAIDDDEDMA FFFFFFFFFF FFFFWIILWY YGGGGGGGGG GFGLGHHHHH KIIVVKFMIL VTLPLQLLLL LLLTLLT-ML LLMMCGNDPH VPPPDQKKGR RRAAGGSSSA TIFTTTTTTV LAVIVFVITI VIVVVVVVWW WWWWWFYY
Orientia_tsutsugamushi_Boryong  VAVITFSAIA SLLDDNEDNK FFFFFFFFAF FFLFFFLFLY FGGGGGGNSA KSSKGHHHHY HIIVAVPIII VTLILILLLL LLLLILI-LL IMMVCNNPPP PPPLQQEKYQ RRCLASSSSS KLVVTTSTTV IIVIKLVLNL IIVVVVVVWW CCWWWFYY
Parvibaculum_lavamentivorans_DS-1  VAAAAAAAMA SAVDDDEDAS FFFFFFFFFF FFFFFFILWF YGGGGGGGGG GGHGGHHHHH HIIIVVFMVI VTAPMLLILL LLLLLLTMML LLMMCDNDPP PPPPQQKRRR RRAAAGSSSA TIFTTTTTTV LFVIKVVFTV VIVVVVVVWW WWWWWFYY
Parvularcula_bermudensis_HTCC2503  IAAAMAAAAA SAVDDSEEGA FFFFFFFFFF FSFFLFVLWF YGGGGGGGGG EGGGGTHHHH YIVIIKLMVI VAAPFQFLLL LLLLILSMMF LVMMCGNDPP PGPPRQERTK RRAVSASSSS TILTTTTTTI LAVIVLVLSI VAIVVVVVWW WWWWWFFY
Pelagibacter_sp_HIMB058         IAAAAAAALS SCLDDDEDAS FFFFFFFFFF FFFFFFILWY YGGGGGGGGG GGHGDHHHHH HIIIVIFMII VTIPMLLLLL LLLLLLS-TH LLMMCGNDPP PPPPQQKIRR RRAAASSSSS TILTTTTTTV IAVIKIVLVI VVVVVVVVFW WWWWWYYY
Rhodopseudomonas_palustris_TIE-1  VAAAAFAAMA SAVDDDEDAA FFFFFFFFFF FFLFFFLLWF YGGGGGGGGG HGSGGHHHHH HILIVKFMII VTLPFLLLLL LLLLLLSMMH LLMMCNNDPP PPPPQQKRSR RRAAASSSSA TIVTTTTTTV LVVIKFVLTV VIVVVVVVWW WWWWWYYY
Rhodovibrio_salinarum_DSM_9154  IAAAAAAAMA AAVDQDEDGA FFFFFFFFFF FFFFFFLLFY YGGGGGGGGG GGGSEHHHHH HIIVVLFMII VTFPARFLLL LLLLLLTMML MLMMCGNPAP PPPPKQSRRR RRAASSSSSS TILTTTTTTV ISVIKLVLVI VIVVVVVVWW WWWWWYYY
Rubritepida_flocculans_DSM_14296  VAAAVAAGAA AGLDDDEDFA FFFFFFFFFF FFFFFFLLFF YGGGGGGGGG GGGSGHHHHH HIIIIIFLIV VSLPLLFLLL LLLLLLTAML LMMMCGNPPP PPPPRQKKRR RRAASASSSS TIVTTTTTTV LVVIYLVLTV VLVVVVVVWW WWWWWYYY
Wolbachia_endosymbiont_of_Culex_quinquefasciatus_Pel  VASIAFSFLA SIVDDDEDAW FFFFFFFFFF FFLFILMLFY YAGCGGGCGG KSG-GHHHHH HIIIVIPMII ITLPLLFILL LLLLLLI-LL LLMVCNNDPP PPPPKQKRRQ KRAAAASSSS TIIITTTTTV LLIIKIVSNI VIVVVLVVWW CSWWWFFY
Wolbachia_endosymbiont_of_Onchocerca_ochengi  VASIVFSFFA SIIDDNEDAW FFFFFFFFFF FFLFFLMLFY YAGCGGGCSG KSG-GHHHHH HIIVVVLMII ITLPLLFILL LLVLLLT-LL LLMMCNNDPP PPPPKQEKKK KRSAAASSSS TIIITTTTTV LVIVKIVSNI VIVVVIVVWW CSWWWFFY
Acanthamoeba_castellanii        LAITTAAVMS SAIDDNETAS FFFFFFFYLF FFFFFILLFY YGGGGGGGGG GGGGGHHHHH HIIIVFLMIV VTFPSRLILL LLLLILTLML ILVMCKNSPP PPPRQQQRRW RRSASASSSS ILFTTTTTTV ILVIQLVLTI VIVVVVVVWW WWWWWFFY
Branchiostoma_floridae          LAAATAAAFA GAIDDNEESS FFFFFFYFFF FFFFYILLFF YGGGGGGGGG GGGGGHHHHH HIIIVILVVV VTMPMMLLLL LLLLLLT-ML LAMFCGNPAP PPPPLQTRRR RRAAAASSSS TTLSTTTTTV VVVVQLVVTI VIVVVVVVWW WWWWWFWY
Spizellomyces_punctatus         LAITAFAALG SLIDDNEDSS FFFFFLFALL LFLFFILLFY FGQAGGGAGG GGGGGHHHHH GLIYVLVMIV LTLPLVLLLL LLVLILLMAI LCFMCGGPPP PPPVQQDRRK LRSGAASSSS TLLVVTTSTV ILVVQIVVVV VIVVVVVVWW WLWWYFYY
Candida_albicans                LTILATAAAA SLVDDSEGSA FFFLMVYALI FFVFFLLLLF YGAGGILGGS GGGGGHHHHH HVIVGLISIV VTIPIILLLL LLIFLLVMML LIFLCGNPPP PPPPKQTAKR NRSASSSSSS TIITTTTTTV LITIQIVLTM IIIIIVLMFW WYLWLYFY
Ustilago_maydis                 LSISTAASFA SLTDDNETSS FFFFFFFFFF FFLFLILLVF FGGGGAGGGA GGGGGHQHHH NIIVVIIFIV VTIPVILLFI LLLTVLTMMI LIVFAGNPPP PPPPQQRARR TRSAGASSSS TLLTTTTTTV LILLQLVVTI VVVVVVVVFW WYWWLFFY
Amphimedon_queenslandica        IAATTAAAFA AAIDDNENSS FFFFFFYFAL FFLFFILLFF YGGGGGGGGG GGGGGYHHHH HIIMVILVIV VTLPLILLLL LLLLILT-ML LAMCCGNPPP PPPPRQERRR KRSAGGSSSA STLSTTTTTV VIVV-CVVTI VIVVVVVVWW WWWWWFYY
Pleurotus_ostreatus             IAISTAAAMG SLTDDDEDSS FFFFFFFFLA FFQFLMLLVY YGGGGAGGGG GGGGGHFHHH HIIVVILAIV ITIPLILLFI LLLTLLTMML LIVFGGNPPP PPPPKQKSRR MRSAASSSSS TIFTFTTTTV ILILQIVSAV VIVVVVVVFW WYWWAFYY
Gallus_gallus                   LAAATAASFA AAMDDNEDSS FFFFFFYFFF FFFFFILLFF YGGGGGGGGG GGGGGHHHHH HIIMIILVVV VTLPLTLLLL LLLLILT-ML MAMFCGNSPP PPPPQQKRRR RRGASASSSS TSLSTTTTTV VMIIQIVLTI AVVIVIVVWW WWWWWFYY
Homo_sapiens                    LAAATAASFA AANDDNEKSS FFFYFFYFFF FFFFFILLFF YGGGGGGGGG GGGGGHHHHH HIIIAILVII ITLPLMLLLL LLLLLLT-ML MSMFCNNAPP PPPPQQNRRR RRGSSSSSSS TTLSSTTTTV VVIVQLVTTI VTIVVVVVWW WWWWWFYY
Porphyra_umbilicalis            IAAAAAASMA AALDDSEDSS FFFFFFFFFF FFFFLLLLFY YGGGGAGGGG GGGGGHHHHH HIFIVTFMIV VTVPLVFLLL LLLLILTTML LIVLCGNPPP PPPPQQKRRK RRAAAASSSS TIFTSTTTTV IIIIQIVLTI ITIVVVVVWW WWWWWFFY
Jakoba_libera                   IAAATSGSMA TVIDDNEDAS FFFFFFFFFF FFVFFIVLFF YGGGGAGGGG GGGGGHHHHH HIIIVIFMII VTVPLVFLLL LLLLMLT-ML ILMMCGNPAP PPPPQQIRRR KRAAGGSSSS TILSTTTTTV VVLLKLVLTV VSVVVVVVFW WWWWWYFY
Seculamonas_ecuadoriensis       IAASTAGAMS AAIDDNEDSS FFFFFFFFFF FFVFFILLFY YGGGGAGGGG GGGGGHHHHH HIFIVILMII VTIPAIFLLL LLLLMLT-MI IVMVCGNPPP PPPPQQTRRR RRAASGSSST TCLTTTTTTV VVVIRLVLTV VVVVIVVVCW WWWWWFFY
Andalucia_godoyi                IAAAVAAAMA AVLDDSEDSS FFFFAFFFFL FFVFFLLLFY YGGGGAGGGG GGGGGHHHHH HIFIVILMII VTSPFVFLLL LLLLILT-ML LLVACGNPAP PPPPQQKRRR RRAAGSSSSS TCLTTTTTTV VVIIKLVLTV AVVVIVVVWW WWWWWFFY
Cyanidioschyzon_merolae         LAATLAAALA SVLDDDEDSS FFFFFFFFLL FFFFILLLFF YGGGGAGGGG GGGGGHHHHH HIIVVIFIII VTLPFIFLLL LLLLILTMSL LIIMCGNPPP PPPPQQNRRR RRSASSSSSS TLLTTTTTTV VVIINFVVTV VIVVVVVVWW WWWWWFFY
Chondrus_crispus                IAAAASASMC SALDDNEDSS FFFFSFFFFF FFFFLLLLFY YGSGGAGGGG GGGGGHHHHH HILIVVLMII VTVPLVFLLL LLLLLLTMML LLVLCNNPPP PPPPQQNRRR RRAASCSSSS TIFTTTTTTV IVIIQFVLTV IIVVVVVVWW WWWWWFFY
Phytophthora_infestans          IAALTAASLA SLVDDNEDSA FFFFFFFFFF FFFFFILLFF YGGGGAGGGG GGGGGHHHHH HIIVAIVLII ITLPTVLLLI LLLLILSTML LIMLSGNPAP PPPPQQKRRR RRSSAGSSST TIFTTTTTTV IVIIQFVITV LVVVIVVVFW WWWWWFYY
Reclinomonas_americana          ISAATAAAFS STIDDNEDSS FFFFMFFFFF FFFFFILLFY YGGGGAGGGG GGGGGHHHHH HIIIVILMII VTIPAIFLLL LLLLMLT-LL IVMMCGNPAP PPPQQQTRRR RRSAGGSSSS TCVTTTTTTV VTIIKLVLTV VVVVIVVVCW WWWWWFYY
Malawimonas_jakobiformis        IAAAAAAAMS AGLDDNEDAS FFFFFFFFFF FFFFFILLFY YGGGGGGGGG GGGGGHHHHH HIIIAIFMII ITFPLLLLLL LVLLILTMML LLMLCGNPPP PPPLQQSRRR RRAAASSSSS TLFTTTTTTV VIVISIVITI VIVVVVVVWW WWWWWFFY
Arabidopsis_thaliana            IAAATAAAMA SAIDDDEDSS FFFSFFFFFF FFVFLILLFF YGGGGAGGGG GGGGGHHHHH HIIIVVLLII VTLPLLFLLL LPLLILT-MP LPSMCGNSPP PPPPQQKRRE RRAASGSSSS TLLTATTTTV IVVIQIVLTI VLIVVVVVWW WWWWWSYY
Physcomitrella_patens           IAAATAAAMA SAIDDNEDSS FFFFFFFFFF FFFFFILLFF YGGGGAGGGG GGGGGHHHHH HIIIVVLLII VTLPLLFLLL LLLLILT-ML LLMMCGNPPP PPPPQQKRRK RRAASGSSSS TILTATTTTV IVIIQLVLTI VIIVVVVVWW WWRWWFYY
Ostreococcus_tauri              IAAATAAAMA SAIDDNEDSS FFFFFFFFFF FFFFFILLFF YGGGGAGGGG GGGGGHHHHH HIFIVILMII VTIPALFLLL LLLLILT-ML LLMMCGNPPP PPPPQQTRRK KRAAAASSSS SVFTTTTTTV IVVIQFVLTI IIIVIVVVWW WWWWWFFY
Oryza_sativa                    IAAATAAAMA SALDDDEDSS FLSSFFFFFF FSVFLILLFF YGGGGAGGGG GGGGGHHHHH HIIIVVLLII VTSPLLLLLL LPPLILTTMP LPSMCGNSPP PPPPQQKRRE RRAASGSSSS TLLTATTTTV IVVIQIVLTI VLVVVVVVWW WWWWWSYY
Cyanophora_paradoxa             IAAALTAAMS AALDDDENSS FFFFFFYFFF FFIFFILLFY YGGGGAGGGG GGGGNHHHHH HIIIVIFLII LTLPLLLLLL LLLLILT-ML LLMMCSNTSP PPPPKQGRRR RRSASSSSSS TLLSTTTTTV IILIHIVCTI VVVVVVVVWW WWWWWFYY
Bartonella_quintana_RM-11       ---------- ---------- ---------- ---------- ---------- ---------- ---------- ---------- ---------- ---------- ---------- ---------- ---------- ---------- ---------- --------
Candidatus_Arcanobacter_lacustris  ---------- ---------- ---------- ---------- ---------- ---------- ---------- ---------- ---------- ---------- ---------- ---------- ---------- ---------- ---------- --------
Candidatus_Finniella_lucida     ---------- ---------- ---------- ---------- ---------- ---------- ---------- ---------- ---------- ---------- ---------- ---------- ---------- ---------- ---------- --------
Candidatus_Jidaibacter_acanthamoeba  ---------- ---------- ---------- ---------- ---------- ---------- ---------- ---------- ---------- ---------- ---------- ---------- ---------- ---------- ---------- --------
Candidatus_Midichloria_mitochondrii_IricVA  ---------- ---------- ---------- ---------- ---------- ---------- ---------- ---------- ---------- ---------- ---------- ---------- ---------- ---------- ---------- --------
Rhodospirillum_rubrum_ATCC_11170  ---------- ---------- ---------- ---------- ---------- ---------- ---------- ---------- ---------- ---------- ---------- ---------- ---------- ---------- ---------- --------
Rickettsia_typhi_Wilmington     ---------- ---------- ---------- ---------- ---------- ---------- ---------- ---------- ---------- ---------- ---------- ---------- ---------- ---------- ---------- --------
Dictyostelium_discoideum        ---------- ---------- ---------- ---------- ---------- ---------- ---------- ---------- ---------- ---------- ---------- ---------- ---------- ---------- ---------- --------



    1    1    1    1    1    1    1    1    1    1    1    1    1    1    1
    1    4    1    1    1    2    1    1    1    1    1    1    1    1    1
    1    1    1    1    1    1    1    1    1    1    1    1    1    1    1
    1    1    1    1    1    1    1    1    1    1    1    1    5    1    1
    1    1    1    1    1    1    1    1    1    1    1    1    1    1    1
    1    1    1    1    1    1    1    1    1    1    1    1    1    1    1
    1    1    1    1    1    1    1    1    1    1    1    1    2    1    1
    1    1    1    1    1    1    1    1    1    1    1    1    1    1    1
    1    1    1    1    1    1    1    1    1    1    1    1    1    1    1
    1    1    1    1    1    1    1    1    1    1    1    1    1    1    1
    1    1    1    3    1    1    1    3

AAML (in paml version 4.9i, September 2018)  tmp0004.txt
Model: Empirical,  (/home-user/sswang/software/phylo/paml4.9i/dat/lg.dat) dGamma (ncatG=5) ns =  64  ls = 171


Frequencies..
                                    A      R      N      D      C      Q      E      G      H      I      L      K      M      F      P      S      T      W      Y      V
Acidiphilium_angustum_ATCC_35903 0.07059 0.03529 0.01765 0.01765 0.00000 0.01176 0.02941 0.07647 0.06471 0.05882 0.08824 0.00588 0.04118 0.14118 0.04706 0.05294 0.05294 0.05294 0.02941 0.10588
alpha_proteobacterium_AAP81b   0.08824 0.01765 0.01176 0.02353 0.00588 0.01176 0.02941 0.07647 0.07647 0.07059 0.10000 0.01176 0.02941 0.11176 0.04118 0.04706 0.05882 0.05882 0.04118 0.08824
alphaproteobacterium_sp_HIMB5  0.07059 0.02353 0.01176 0.03529 0.01176 0.01176 0.02353 0.07647 0.07059 0.08235 0.09412 0.01176 0.02353 0.11765 0.04706 0.04706 0.04706 0.05294 0.04118 0.10000
Anaplasma_phagocytophilum_HZ   0.05882 0.01765 0.01176 0.02353 0.01765 0.00588 0.02353 0.07059 0.05882 0.06471 0.10588 0.02353 0.05294 0.11176 0.03529 0.07647 0.06471 0.05882 0.03529 0.08235
Asticcacaulis_excentricus_CB_48 0.08235 0.01765 0.01176 0.01765 0.00588 0.01765 0.02353 0.08235 0.06471 0.05882 0.11765 0.02353 0.04706 0.12353 0.02941 0.04118 0.05294 0.05882 0.02941 0.09412
Caedibacter_37-49              0.08284 0.02367 0.01775 0.02959 0.00592 0.00592 0.02367 0.07692 0.04734 0.10059 0.12426 0.02367 0.02367 0.12426 0.05325 0.03550 0.04734 0.05325 0.05325 0.04734
Caedibacter_38-128             0.07101 0.02367 0.01775 0.01775 0.00592 0.00592 0.02959 0.07692 0.04734 0.07101 0.11834 0.02367 0.01775 0.13018 0.05325 0.04734 0.04142 0.05325 0.05325 0.09467
Caedibacter_varicaedens        0.08284 0.03550 0.00592 0.01775 0.00592 0.00592 0.02959 0.08284 0.05325 0.05325 0.12426 0.01183 0.02367 0.13018 0.05325 0.05325 0.04734 0.05325 0.05325 0.07692
Candidatus_Caedibacter_acanthamoebae 0.07692 0.02367 0.01775 0.01775 0.00592 0.00592 0.02959 0.07692 0.05325 0.08876 0.11834 0.02367 0.01775 0.13018 0.05325 0.04142 0.04734 0.05325 0.04734 0.07101
Candidatus_Nucleicultrix_amoebiphila_FS5 0.08284 0.02367 0.02367 0.02367 0.00592 0.01183 0.02367 0.07101 0.05917 0.04734 0.13609 0.01775 0.02367 0.13609 0.05325 0.04142 0.04142 0.05325 0.04734 0.07692
Candidatus_Odyssella_thessalonicensis_L13 0.08187 0.02924 0.01170 0.02339 0.00585 0.01170 0.02339 0.08187 0.05848 0.07018 0.12865 0.00585 0.02339 0.11696 0.05263 0.03509 0.07602 0.05263 0.04678 0.06433
Candidatus_Paracaedibacter_acanthamoebae_isolate_PRA3 0.07602 0.02924 0.00585 0.02339 0.00585 0.01170 0.02339 0.08772 0.05848 0.07018 0.13450 0.00585 0.02339 0.11111 0.05263 0.02924 0.08187 0.05263 0.04678 0.07018
Candidatus_Paracaedibacter_symbiosus 0.07602 0.02924 0.00585 0.02339 0.00585 0.00585 0.02924 0.08772 0.05263 0.07018 0.11696 0.01170 0.02339 0.12865 0.05263 0.04678 0.05848 0.05263 0.04094 0.08187
Candidatus_Pelagibacter_IMCC9063 0.07602 0.02339 0.01170 0.02924 0.01170 0.01170 0.02924 0.07018 0.05848 0.07602 0.09942 0.01170 0.03509 0.10526 0.04678 0.04678 0.07018 0.05263 0.04678 0.08772
Citromicrobium_JLT1363         0.08235 0.01765 0.01176 0.02353 0.01176 0.01176 0.02941 0.08824 0.06471 0.08235 0.10000 0.01765 0.03529 0.13529 0.04118 0.02941 0.06471 0.05294 0.03529 0.06471
Ehrlichia_canis_Jake           0.03550 0.01775 0.03550 0.02959 0.01183 0.00592 0.02367 0.06509 0.05917 0.08876 0.14201 0.01775 0.01775 0.09467 0.04734 0.07101 0.06509 0.05917 0.03550 0.07692
Elioraea_tepidiphila_DSM_17972 0.09357 0.03509 0.00585 0.02339 0.00585 0.00585 0.02339 0.08187 0.05848 0.05263 0.09942 0.00585 0.04678 0.13450 0.05263 0.02924 0.05848 0.05263 0.03509 0.09942
endosymbiont_of_Stachyamoeba   0.06471 0.02353 0.01765 0.02353 0.01176 0.01176 0.02941 0.07059 0.05294 0.05294 0.13529 0.02353 0.03529 0.12353 0.04706 0.04118 0.05294 0.04706 0.04118 0.09412
Hyphomicrobium_denitrificans_ATCC_51888 0.09942 0.03509 0.02339 0.02339 0.00585 0.01754 0.02339 0.07018 0.05263 0.05263 0.10526 0.00585 0.03509 0.12281 0.05263 0.04094 0.05848 0.05848 0.03509 0.08187
Ketogulonicigenium_vulgare_WSH-001 0.10588 0.02353 0.00588 0.01176 0.00588 0.01765 0.02941 0.08235 0.05294 0.05882 0.11176 0.01176 0.02941 0.11765 0.04706 0.05294 0.03529 0.05294 0.03529 0.11176
Micavibrio_aeruginosavorus_ARL-13 0.10526 0.01754 0.00585 0.02339 0.00585 0.00585 0.02924 0.07018 0.05848 0.05848 0.09942 0.01754 0.07018 0.12281 0.04678 0.02924 0.04678 0.05263 0.03509 0.09942
Neorickettsia_sennetsu_Miyayama 0.05294 0.02353 0.02353 0.01765 0.01176 0.00588 0.02353 0.07647 0.05294 0.05294 0.14118 0.00588 0.04118 0.10000 0.04706 0.07647 0.06471 0.05882 0.02941 0.09412
Oceanibaculum_indicum_P24      0.08772 0.03509 0.01170 0.02924 0.00585 0.01754 0.02339 0.07018 0.05848 0.05848 0.10526 0.00000 0.03509 0.13450 0.05263 0.03509 0.05848 0.05263 0.03509 0.09357
Oceanicaulis_HTCC2633          0.07101 0.01775 0.00592 0.03550 0.00592 0.01183 0.02367 0.09467 0.05917 0.06509 0.10651 0.02367 0.04142 0.11834 0.03550 0.02367 0.07101 0.06509 0.03550 0.08876
Orientia_tsutsugamushi_Boryong 0.04118 0.01176 0.03529 0.01765 0.02353 0.01765 0.02941 0.04118 0.05294 0.10000 0.14118 0.03529 0.01176 0.11176 0.04706 0.06471 0.03529 0.04118 0.04118 0.10000
Parvibaculum_lavamentivorans_DS-1 0.08772 0.02924 0.00585 0.03509 0.00585 0.01170 0.02339 0.08187 0.06433 0.05263 0.08772 0.01170 0.04094 0.13450 0.04678 0.02924 0.05848 0.05848 0.02924 0.10526
Parvularcula_bermudensis_HTCC2503 0.09357 0.02339 0.00585 0.01754 0.00585 0.01170 0.04094 0.09357 0.04678 0.06433 0.09357 0.01170 0.03509 0.12281 0.04094 0.05848 0.05263 0.05848 0.02924 0.09357
Pelagibacter_sp_HIMB058        0.07059 0.02353 0.00588 0.03529 0.01176 0.01176 0.02353 0.07647 0.07059 0.08824 0.10588 0.01176 0.02353 0.11176 0.04706 0.05294 0.05294 0.05294 0.04118 0.08235
Rhodopseudomonas_palustris_TIE-1 0.08187 0.02339 0.01170 0.02924 0.00585 0.01170 0.02339 0.07018 0.07018 0.04094 0.11696 0.01754 0.03509 0.12281 0.04678 0.04678 0.05263 0.05848 0.03509 0.09942
Rhodovibrio_salinarum_DSM_9154 0.08772 0.03509 0.00585 0.01754 0.00585 0.01170 0.02924 0.08187 0.05848 0.05848 0.09942 0.01170 0.04094 0.12281 0.04678 0.05263 0.05263 0.05263 0.04094 0.08772
Rubritepida_flocculans_DSM_14296 0.07602 0.02924 0.00585 0.02339 0.00585 0.00585 0.02339 0.09357 0.05848 0.04678 0.12865 0.01170 0.02339 0.12865 0.05263 0.04094 0.05263 0.05263 0.04094 0.09942
Wolbachia_endosymbiont_of_Culex_quinquefasciatus_Pel 0.05325 0.01775 0.01775 0.02959 0.02367 0.01183 0.02367 0.04734 0.05917 0.11834 0.13018 0.02959 0.01775 0.11834 0.05325 0.05917 0.04142 0.04734 0.02959 0.07101
Wolbachia_endosymbiont_of_Onchocerca_ochengi 0.04142 0.00592 0.02367 0.02367 0.02367 0.00592 0.02959 0.04142 0.05917 0.10059 0.11243 0.04142 0.02367 0.13018 0.04734 0.07101 0.04734 0.04734 0.02959 0.09467
Acanthamoeba_castellanii       0.04094 0.03509 0.01170 0.01170 0.00585 0.02339 0.02339 0.08187 0.05848 0.08772 0.11696 0.00585 0.02339 0.11696 0.04094 0.06433 0.07018 0.05848 0.03509 0.08772
Branchiostoma_floridae         0.08235 0.02941 0.01176 0.01176 0.00588 0.01176 0.02941 0.09412 0.05882 0.04706 0.11176 0.00000 0.02941 0.11176 0.04706 0.04118 0.07059 0.05882 0.03529 0.11176
Spizellomyces_punctatus        0.05848 0.01754 0.00585 0.02339 0.01170 0.02339 0.02339 0.09357 0.05263 0.05848 0.17544 0.00585 0.01754 0.08772 0.04678 0.05263 0.03509 0.04094 0.04094 0.12865
Candida_albicans               0.05848 0.01170 0.01170 0.01170 0.00585 0.01170 0.02339 0.07602 0.05848 0.12281 0.15789 0.01170 0.02924 0.07602 0.05263 0.07018 0.07602 0.02924 0.04094 0.06433
Ustilago_maydis                0.05263 0.02339 0.01754 0.01170 0.00000 0.02339 0.02339 0.08187 0.04678 0.08187 0.11696 0.00000 0.01170 0.13450 0.05263 0.06433 0.08772 0.03509 0.02339 0.11111
Amphimedon_queenslandica       0.07101 0.02959 0.01775 0.01183 0.01775 0.00592 0.02959 0.10059 0.05325 0.07101 0.11243 0.00592 0.01775 0.09467 0.05325 0.04734 0.06509 0.05325 0.04142 0.10059
Pleurotus_ostreatus            0.06433 0.01754 0.00585 0.02339 0.00000 0.01754 0.02339 0.09357 0.05263 0.09357 0.10526 0.01170 0.02924 0.11111 0.05263 0.07018 0.06433 0.03509 0.04094 0.08772
Gallus_gallus                  0.07059 0.02941 0.01176 0.01765 0.00588 0.01765 0.02353 0.09412 0.05882 0.07059 0.10588 0.00588 0.03529 0.11765 0.04706 0.06471 0.06471 0.05294 0.03529 0.07059
Homo_sapiens                   0.05882 0.02941 0.02941 0.01176 0.00588 0.01765 0.02353 0.08824 0.05882 0.06471 0.11176 0.00588 0.02353 0.11176 0.04706 0.07647 0.07059 0.05294 0.04118 0.07059
Porphyra_umbilicalis           0.08187 0.02339 0.00585 0.01754 0.00585 0.01754 0.02339 0.08187 0.05848 0.08772 0.10526 0.01170 0.01754 0.12865 0.05263 0.05263 0.07018 0.05263 0.02924 0.07602
Jakoba_libera                  0.05294 0.02353 0.01176 0.01765 0.00588 0.01176 0.02353 0.10000 0.05882 0.07059 0.10000 0.01176 0.03529 0.12353 0.04706 0.05294 0.06471 0.04706 0.02941 0.11176
Seculamonas_ecuadoriensis      0.05882 0.03529 0.01176 0.01765 0.01765 0.01176 0.02353 0.09412 0.05882 0.08235 0.08235 0.00000 0.02941 0.11765 0.05294 0.04706 0.07647 0.04706 0.02941 0.10588
Andalucia_godoyi               0.08824 0.02941 0.00588 0.01765 0.01176 0.01176 0.02353 0.08824 0.05882 0.05882 0.11765 0.01176 0.01765 0.11176 0.04706 0.05294 0.05882 0.05294 0.02941 0.10588
Cyanidioschyzon_merolae        0.04678 0.02924 0.01754 0.02339 0.00585 0.01170 0.02339 0.08187 0.05848 0.08187 0.12865 0.00000 0.01170 0.12281 0.05263 0.06433 0.06433 0.05263 0.02339 0.09942
Chondrus_crispus               0.05263 0.02924 0.02339 0.01754 0.01754 0.01754 0.02339 0.07018 0.05848 0.06433 0.12865 0.00000 0.02339 0.11696 0.05263 0.07018 0.05848 0.05263 0.02924 0.09357
Phytophthora_infestans         0.05848 0.02924 0.01170 0.01754 0.00000 0.01754 0.02339 0.08772 0.05848 0.09942 0.11111 0.00585 0.01170 0.12865 0.04678 0.05848 0.07602 0.04678 0.02924 0.08187
Reclinomonas_americana         0.05294 0.02941 0.01176 0.01765 0.01765 0.01765 0.02353 0.09412 0.05882 0.08824 0.08824 0.00588 0.02941 0.11176 0.04118 0.05882 0.08235 0.04706 0.03529 0.08824
Malawimonas_jakobiformis       0.07602 0.02924 0.01170 0.01754 0.00585 0.01170 0.02339 0.09357 0.05848 0.09357 0.11111 0.00000 0.02924 0.12865 0.04678 0.05263 0.05848 0.05263 0.02924 0.07018
Arabidopsis_thaliana           0.07059 0.02353 0.00588 0.02353 0.00588 0.01765 0.02941 0.08824 0.05882 0.08235 0.11765 0.00588 0.01765 0.09412 0.06471 0.07059 0.05882 0.05294 0.02941 0.08235
Physcomitrella_patens          0.07059 0.02941 0.01176 0.01765 0.00588 0.01765 0.02353 0.08824 0.05882 0.09412 0.12353 0.01176 0.02353 0.11765 0.05294 0.04706 0.05882 0.04706 0.02941 0.07059
Ostreococcus_tauri             0.08235 0.01765 0.01176 0.01765 0.00588 0.01765 0.02353 0.08235 0.05882 0.10000 0.09412 0.01176 0.02941 0.14118 0.05294 0.04706 0.06471 0.05294 0.02353 0.06471
Oryza_sativa                   0.07018 0.02339 0.00585 0.02339 0.00585 0.01754 0.02924 0.08772 0.05848 0.07018 0.12281 0.00585 0.01754 0.07018 0.07018 0.08772 0.06433 0.05263 0.02924 0.08772
Cyanophora_paradoxa            0.05294 0.02941 0.01765 0.01765 0.01176 0.00588 0.02353 0.07647 0.06471 0.08824 0.14118 0.00588 0.02353 0.10000 0.04118 0.07647 0.06471 0.05294 0.04118 0.06471
Bartonella_quintana_RM-11      0.05000 0.05000 0.05000 0.05000 0.05000 0.05000 0.05000 0.05000 0.05000 0.05000 0.05000 0.05000 0.05000 0.05000 0.05000 0.05000 0.05000 0.05000 0.05000 0.05000
Candidatus_Arcanobacter_lacustris 0.05000 0.05000 0.05000 0.05000 0.05000 0.05000 0.05000 0.05000 0.05000 0.05000 0.05000 0.05000 0.05000 0.05000 0.05000 0.05000 0.05000 0.05000 0.05000 0.05000
Candidatus_Finniella_lucida    0.05000 0.05000 0.05000 0.05000 0.05000 0.05000 0.05000 0.05000 0.05000 0.05000 0.05000 0.05000 0.05000 0.05000 0.05000 0.05000 0.05000 0.05000 0.05000 0.05000
Candidatus_Jidaibacter_acanthamoeba 0.05000 0.05000 0.05000 0.05000 0.05000 0.05000 0.05000 0.05000 0.05000 0.05000 0.05000 0.05000 0.05000 0.05000 0.05000 0.05000 0.05000 0.05000 0.05000 0.05000
Candidatus_Midichloria_mitochondrii_IricVA 0.05000 0.05000 0.05000 0.05000 0.05000 0.05000 0.05000 0.05000 0.05000 0.05000 0.05000 0.05000 0.05000 0.05000 0.05000 0.05000 0.05000 0.05000 0.05000 0.05000
Rhodospirillum_rubrum_ATCC_11170 0.05000 0.05000 0.05000 0.05000 0.05000 0.05000 0.05000 0.05000 0.05000 0.05000 0.05000 0.05000 0.05000 0.05000 0.05000 0.05000 0.05000 0.05000 0.05000 0.05000
Rickettsia_typhi_Wilmington    0.05000 0.05000 0.05000 0.05000 0.05000 0.05000 0.05000 0.05000 0.05000 0.05000 0.05000 0.05000 0.05000 0.05000 0.05000 0.05000 0.05000 0.05000 0.05000 0.05000
Dictyostelium_discoideum       0.05000 0.05000 0.05000 0.05000 0.05000 0.05000 0.05000 0.05000 0.05000 0.05000 0.05000 0.05000 0.05000 0.05000 0.05000 0.05000 0.05000 0.05000 0.05000 0.05000

Homogeneity statistic: X2 = 6.84674 G = 6.39983 

Average                        0.07111 0.02507 0.01311 0.02129 0.00850 0.01259 0.02570 0.08055 0.05821 0.07384 0.11527 0.01185 0.02821 0.11789 0.04877 0.05244 0.05958 0.05192 0.03629 0.08779
(Ambiguity characters are used to calculate freqs.)


# constant sites:      0 (0.00%)

TREE #  1:  ((((((((55, 52), 53), 54), ((48, 43), 47)), 56), 49), ((((44, 50), 45), 46), 51)), (((((42, 41), 35), 39), ((37, (38, 40)), 36)), (64, 34)), ((((((4, 16), (32, 33)), 22), (60, 61)), ((58, 18), (25, 63))), ((((((5, (24, 27)), 20), ((57, (19, 29)), 26)), (14, (28, 3))), (15, 2)), ((((((6, (7, 9)), 8), 10), (59, ((11, 12), 13))), 21), ((62, 30), (23, ((17, 31), 1)))))));   MP score: -1
lnL(ntime:125  np:126):  -6947.784338      +0.000000
  65..66   66..67   67..68   68..69   69..70   70..71   71..72   72..55   72..52   71..53   70..54   69..73   73..74   74..48   74..43   73..47   68..56   67..49   66..75   75..76   76..77   77..78   78..44   78..50   77..45   76..46   75..51   65..79   79..80   80..81   81..82   82..83   83..42   83..41   82..35   81..39   80..84   84..85   85..37   85..86   86..38   86..40   84..36   79..87   87..64   87..34   65..88   88..89   89..90   90..91   91..92   92..93   93..4    93..16   92..94   94..32   94..33   91..22   90..95   95..60   95..61   89..96   96..97   97..58   97..18   96..98   98..25   98..63   88..99   99..100 100..101 101..102 102..103 103..104 104..5   104..105 105..24  105..27  103..20  102..106 106..107 107..57  107..108 108..19  108..29  106..26  101..109 109..14  109..110 110..28  110..3   100..111 111..15  111..2    99..112 112..113 113..114 114..115 115..116 116..117 117..6   117..118 118..7   118..9   116..8   115..10  114..119 119..59  119..120 120..121 121..11  121..12  120..13  113..21  112..122 122..123 123..62  123..30  122..124 124..23  124..125 125..126 126..17  126..31  125..1  
 0.000004 0.017819 0.000004 0.010437 0.028177 0.052629 0.133228 0.068384 0.000004 0.010621 0.100620 0.063037 0.062731 0.095157 0.124387 0.243851 0.280984 0.305980 0.024329 0.135761 0.064434 0.000004 0.207260 0.113366 0.091490 0.138142 0.169786 0.038170 0.000004 0.126641 0.000004 0.055293 0.156143 0.114875 0.103971 0.180165 0.067230 0.100773 0.659711 0.119734 0.221016 0.209023 0.519126 0.166173 0.067091 0.095564 0.081911 0.071834 0.000092 0.081149 0.057380 0.197911 0.332683 0.276949 0.204476 0.067573 0.102736 0.462070 0.034012 0.088928 0.088565 0.074416 0.065373 0.096997 0.075843 0.275821 0.317949 0.080904 0.010407 0.043499 0.004611 0.026887 0.078341 0.055306 0.225526 0.000004 0.224545 0.341106 0.664195 0.012461 0.000004 0.063780 0.000004 0.181231 0.135200 0.107536 0.144749 0.137534 0.029456 0.010774 0.063183 0.169536 0.270133 0.113698 0.009223 0.000004 0.021598 0.153435 0.048078 0.148051 0.092060 0.059179 0.033470 0.042367 0.156659 0.113748 0.000626 0.047967 0.098878 0.073496 0.057665 0.069995 0.080854 0.367065 0.000004 0.105488 0.078737 0.083461 0.026150 0.114000 0.066932 0.032263 0.024623 0.131575 0.335771 0.705379
SEs for parameters:
 0.254933 0.197227 0.100477 0.423062 0.093733 0.081398 0.124220 0.050290 0.516174 0.016145 0.135911 0.106257 0.146104 0.122424 0.168782 0.235658 0.228241 0.198436 0.126968 0.238660 0.098656 0.133293 0.267209 0.102112 0.121883 0.158686 0.171776 0.071332 0.261233 0.127081 0.160192 0.086578 0.168977 0.130310 0.162297 0.184464 0.102912 0.121412 0.250192 0.095968 0.149744 0.175238 0.215471 -1.000000 131753015.542840 -1.000000 0.121384 0.136944 -1.000000 -1.000000 0.173088 0.153384 0.262103 0.192871 0.131330 0.103456 0.085241 0.255470 209662566.663304 279519692.147504 216331783.298530 0.129524 -1.000000 146735517.778459 -1.000000 6886568.583823 6886568.308099 109313770.187163 0.046316 0.059282 0.038253 0.117785 0.142076 0.105117 0.157998 0.793380 0.170628 0.214609 0.274328 0.086302 -1.000000 226104837.219993 -1.000000 0.170803 0.241537 0.152265 0.161694 0.179597 0.064082 0.030404 0.118857 0.179955 0.160237 0.143677 0.386410 0.340574 0.185910 0.178354 0.126661 0.186725 0.147010 0.142398 0.075445 0.081075 0.256099 0.232680 -1.000000 180402349.861283 -1.000000 0.116835 0.215000 0.117627 0.171193 0.227325 0.238739 -1.000000 224247284.781491 -1.000000 0.089795 0.178868 0.165031 0.078998 0.083666 0.136552 0.225672 0.108000

tree length = 14.466032

((((((((55: 0.068384, 52: 0.000004): 0.133228, 53: 0.010621): 0.052629, 54: 0.100620): 0.028177, ((48: 0.095157, 43: 0.124387): 0.062731, 47: 0.243851): 0.063037): 0.010437, 56: 0.280984): 0.000004, 49: 0.305980): 0.017819, ((((44: 0.207260, 50: 0.113366): 0.000004, 45: 0.091490): 0.064434, 46: 0.138142): 0.135761, 51: 0.169786): 0.024329): 0.000004, (((((42: 0.156143, 41: 0.114875): 0.055293, 35: 0.103971): 0.000004, 39: 0.180165): 0.126641, ((37: 0.659711, (38: 0.221016, 40: 0.209023): 0.119734): 0.100773, 36: 0.519126): 0.067230): 0.000004, (64: 0.067091, 34: 0.095564): 0.166173): 0.038170, ((((((4: 0.332683, 16: 0.276949): 0.197911, (32: 0.067573, 33: 0.102736): 0.204476): 0.057380, 22: 0.462070): 0.081149, (60: 0.088928, 61: 0.088565): 0.034012): 0.000092, ((58: 0.096997, 18: 0.075843): 0.065373, (25: 0.317949, 63: 0.080904): 0.275821): 0.074416): 0.071834, ((((((5: 0.225526, (24: 0.224545, 27: 0.341106): 0.000004): 0.055306, 20: 0.664195): 0.078341, ((57: 0.063780, (19: 0.181231, 29: 0.135200): 0.000004): 0.000004, 26: 0.107536): 0.012461): 0.026887, (14: 0.137534, (28: 0.010774, 3: 0.063183): 0.029456): 0.144749): 0.004611, (15: 0.270133, 2: 0.113698): 0.169536): 0.043499, ((((((6: 0.092060, (7: 0.033470, 9: 0.042367): 0.059179): 0.148051, 8: 0.156659): 0.048078, 10: 0.113748): 0.153435, (59: 0.047967, ((11: 0.057665, 12: 0.069995): 0.073496, 13: 0.080854): 0.098878): 0.000626): 0.021598, 21: 0.367065): 0.000004, ((62: 0.078737, 30: 0.083461): 0.105488, (23: 0.114000, ((17: 0.024623, 31: 0.131575): 0.032263, 1: 0.335771): 0.066932): 0.026150): 0.000004): 0.009223): 0.010407): 0.081911);

((((((((Oryza_sativa: 0.068384, Arabidopsis_thaliana: 0.000004): 0.133228, Physcomitrella_patens: 0.010621): 0.052629, Ostreococcus_tauri: 0.100620): 0.028177, ((Chondrus_crispus: 0.095157, Porphyra_umbilicalis: 0.124387): 0.062731, Cyanidioschyzon_merolae: 0.243851): 0.063037): 0.010437, Cyanophora_paradoxa: 0.280984): 0.000004, Phytophthora_infestans: 0.305980): 0.017819, ((((Jakoba_libera: 0.207260, Reclinomonas_americana: 0.113366): 0.000004, Seculamonas_ecuadoriensis: 0.091490): 0.064434, Andalucia_godoyi: 0.138142): 0.135761, Malawimonas_jakobiformis: 0.169786): 0.024329): 0.000004, (((((Homo_sapiens: 0.156143, Gallus_gallus: 0.114875): 0.055293, Branchiostoma_floridae: 0.103971): 0.000004, Amphimedon_queenslandica: 0.180165): 0.126641, ((Candida_albicans: 0.659711, (Ustilago_maydis: 0.221016, Pleurotus_ostreatus: 0.209023): 0.119734): 0.100773, Spizellomyces_punctatus: 0.519126): 0.067230): 0.000004, (Dictyostelium_discoideum: 0.067091, Acanthamoeba_castellanii: 0.095564): 0.166173): 0.038170, ((((((Anaplasma_phagocytophilum_HZ: 0.332683, Ehrlichia_canis_Jake: 0.276949): 0.197911, (Wolbachia_endosymbiont_of_Culex_quinquefasciatus_Pel: 0.067573, Wolbachia_endosymbiont_of_Onchocerca_ochengi: 0.102736): 0.204476): 0.057380, Neorickettsia_sennetsu_Miyayama: 0.462070): 0.081149, (Candidatus_Jidaibacter_acanthamoeba: 0.088928, Candidatus_Midichloria_mitochondrii_IricVA: 0.088565): 0.034012): 0.000092, ((Candidatus_Arcanobacter_lacustris: 0.096997, endosymbiont_of_Stachyamoeba: 0.075843): 0.065373, (Orientia_tsutsugamushi_Boryong: 0.317949, Rickettsia_typhi_Wilmington: 0.080904): 0.275821): 0.074416): 0.071834, ((((((Asticcacaulis_excentricus_CB_48: 0.225526, (Oceanicaulis_HTCC2633: 0.224545, Parvularcula_bermudensis_HTCC2503: 0.341106): 0.000004): 0.055306, Ketogulonicigenium_vulgare_WSH-001: 0.664195): 0.078341, ((Bartonella_quintana_RM-11: 0.063780, (Hyphomicrobium_denitrificans_ATCC_51888: 0.181231, Rhodopseudomonas_palustris_TIE-1: 0.135200): 0.000004): 0.000004, Parvibaculum_lavamentivorans_DS-1: 0.107536): 0.012461): 0.026887, (Candidatus_Pelagibacter_IMCC9063: 0.137534, (Pelagibacter_sp_HIMB058: 0.010774, alphaproteobacterium_sp_HIMB5: 0.063183): 0.029456): 0.144749): 0.004611, (Citromicrobium_JLT1363: 0.270133, alpha_proteobacterium_AAP81b: 0.113698): 0.169536): 0.043499, ((((((Caedibacter_37-49: 0.092060, (Caedibacter_38-128: 0.033470, Candidatus_Caedibacter_acanthamoebae: 0.042367): 0.059179): 0.148051, Caedibacter_varicaedens: 0.156659): 0.048078, Candidatus_Nucleicultrix_amoebiphila_FS5: 0.113748): 0.153435, (Candidatus_Finniella_lucida: 0.047967, ((Candidatus_Odyssella_thessalonicensis_L13: 0.057665, Candidatus_Paracaedibacter_acanthamoebae_isolate_PRA3: 0.069995): 0.073496, Candidatus_Paracaedibacter_symbiosus: 0.080854): 0.098878): 0.000626): 0.021598, Micavibrio_aeruginosavorus_ARL-13: 0.367065): 0.000004, ((Rhodospirillum_rubrum_ATCC_11170: 0.078737, Rhodovibrio_salinarum_DSM_9154: 0.083461): 0.105488, (Oceanibaculum_indicum_P24: 0.114000, ((Elioraea_tepidiphila_DSM_17972: 0.024623, Rubritepida_flocculans_DSM_14296: 0.131575): 0.032263, Acidiphilium_angustum_ATCC_35903: 0.335771): 0.066932): 0.026150): 0.000004): 0.009223): 0.010407): 0.081911);

Detailed output identifying parameters

alpha (gamma, K = 5) =  0.70538
rate:   0.05418  0.25421  0.59392  1.18383  2.91386
freq:   0.20000  0.20000  0.20000  0.20000  0.20000

Time used: 24:43
